{"level":"info","message":"Created client session 88fac6b0f78583cbc3181844","timestamp":"2026-07-06 00:03:26"}
{"level":"info","message":"Created client session 6801c6dcfe010e092eb23819","timestamp":"2026-07-06 00:05:44"}
{"level":"info","message":"Created client session 5c22bfc7931924400f6978b5","timestamp":"2026-07-06 00:26:11"}
{"ip":"92.180.9.62","level":"info","message":"User authentication successful for user Lebastian","session":"5c22bfc7931924400f6978b5","timestamp":"2026-07-06 00:26:19"}
{"level":"info","message":"Core software stable update 14.364 is available!","timestamp":"2026-07-06 00:26:21"}
{"level":"info","message":"No system update for FIST: Ultra Edition is currently available.","timestamp":"2026-07-06 00:26:21"}
{"level":"info","message":"Vended World data to User [3vZiDyybi0TUv5gv] in 404ms","timestamp":"2026-07-06 00:26:21"}
{"level":"info","message":"Created client session 11309223416d475cd807545f","timestamp":"2026-07-06 00:35:10"}
{"level":"info","message":"doomguy portrait.png saved to assets/","timestamp":"2026-07-06 00:55:39"}
{"level":"info","message":"Created Item with id [5UJbLxgliLPv1tzR] in parent Actor [jl1IwaDcZJkSUU3h]","timestamp":"2026-07-06 00:56:17"}
{"level":"info","message":"Created Item with id [eMmfHKHV2FPaxeSG] in parent Actor [jl1IwaDcZJkSUU3h]","timestamp":"2026-07-06 00:56:23"}
{"level":"info","message":"Created ChatMessage with id [4eJRC0I6LJ0SoaSZ]","timestamp":"2026-07-06 00:56:25"}
{"level":"info","message":"Deleted Item with id [eMmfHKHV2FPaxeSG] in parent Actor [jl1IwaDcZJkSUU3h]","timestamp":"2026-07-06 00:56:44"}
{"level":"info","message":"Deleted Item with id [5UJbLxgliLPv1tzR] in parent Actor [jl1IwaDcZJkSUU3h]","timestamp":"2026-07-06 00:56:55"}
{"level":"info","message":"Created client session be673288dd253b97c466fa97","timestamp":"2026-07-06 01:55:07"}
{"level":"info","message":"Created client session b04dd311b8d1cc85e336f17e","timestamp":"2026-07-06 02:00:15"}
{"level":"info","message":"Created client session a7494ff1c3106f11ff5f7d63","timestamp":"2026-07-06 02:04:50"}
{"level":"info","message":"Created client session 978fe318ffee646e15547a84","timestamp":"2026-07-06 02:04:52"}
{"level":"info","message":"Created client session 55ead408b931355ba03a310e","timestamp":"2026-07-06 02:21:22"}
{"level":"info","message":"Created client session 4fb8fdf30a444ad0834ed216","timestamp":"2026-07-06 02:22:56"}
{"level":"info","message":"Created client session f87dd05875ad7f055542b260","timestamp":"2026-07-06 02:38:04"}
{"level":"info","message":"Created client session 2f234c6dcea9b799a578d67f","timestamp":"2026-07-06 02:41:35"}
{"level":"info","message":"Created client session 14ad6d43828117370b44a382","timestamp":"2026-07-06 02:45:39"}
{"level":"info","message":"Created client session c808fba13508f6552d0bcd18","timestamp":"2026-07-06 02:59:24"}
{"level":"info","message":"Created client session 3e3921b2c0f1bcaf274a4f74","timestamp":"2026-07-06 02:59:24"}
{"level":"info","message":"Created client session ebeea7185fd9428d32c8744a","timestamp":"2026-07-06 02:59:24"}
{"level":"info","message":"Created client session c4458d2d92ff3313f31b8ed6","timestamp":"2026-07-06 02:59:24"}
{"level":"info","message":"Created client session 3638d2821e3ed81978ac496d","timestamp":"2026-07-06 02:59:25"}
{"level":"info","message":"Created client session 2a787d076a2a3227360e0596","timestamp":"2026-07-06 02:59:25"}
{"level":"info","message":"Created client session 6c094c39e2cefa9bd2fdb851","timestamp":"2026-07-06 02:59:25"}
{"level":"info","message":"Created client session 6b2bf06b6c2cf8b1ac81176e","timestamp":"2026-07-06 02:59:25"}
{"level":"info","message":"Created client session b37d98db263f670741ec180a","timestamp":"2026-07-06 02:59:25"}
{"level":"info","message":"Created client session 946046567cc87e76fa67220c","timestamp":"2026-07-06 02:59:25"}
{"level":"info","message":"Created client session 8e6100472fc1cbbc2560e6cb","timestamp":"2026-07-06 02:59:25"}
{"level":"info","message":"Created client session 18bf25494bd699ce44d1201a","timestamp":"2026-07-06 02:59:25"}
{"level":"info","message":"Created client session 13d161ce0ce89511f6a79d02","timestamp":"2026-07-06 02:59:25"}
{"level":"info","message":"Created client session 99976a0924e65315ac7bc923","timestamp":"2026-07-06 02:59:25"}
{"level":"info","message":"Created client session 4d26ffe24936ac707422bb3d","timestamp":"2026-07-06 02:59:25"}
{"level":"info","message":"Created client session bff15ff644f1ad5b125a37bf","timestamp":"2026-07-06 02:59:25"}
{"level":"info","message":"Created client session ef1a62b1f45e11865db774f6","timestamp":"2026-07-06 02:59:25"}
{"level":"info","message":"Created client session b2af2d47e4051127bf9b5961","timestamp":"2026-07-06 02:59:25"}
{"level":"info","message":"Created client session d21ec20f71ce6952fb3c046a","timestamp":"2026-07-06 02:59:25"}
{"level":"info","message":"Created client session 032989c05bfb5a3c7fef15d0","timestamp":"2026-07-06 02:59:25"}
{"level":"info","message":"Created client session d6a08766eda47df7c576580f","timestamp":"2026-07-06 02:59:25"}
{"level":"info","message":"Created client session ad3b4307cb50fb6bec97a5fc","timestamp":"2026-07-06 02:59:25"}
{"level":"info","message":"Created client session 77dee5fd76a280f30a97a8c2","timestamp":"2026-07-06 02:59:25"}
{"level":"info","message":"Created client session c95854f4705f5df61e5be780","timestamp":"2026-07-06 02:59:25"}
{"level":"info","message":"Created client session ac64af9064701553ecf97f9c","timestamp":"2026-07-06 02:59:25"}
{"level":"info","message":"Created client session 59f7ab075658c238d97aea1b","timestamp":"2026-07-06 02:59:25"}
{"level":"info","message":"Created client session f3585a1338ba79abbd128fb2","timestamp":"2026-07-06 02:59:25"}
{"level":"info","message":"Created client session 463062e79a800b83d9d257a8","timestamp":"2026-07-06 02:59:25"}
{"level":"info","message":"Created client session 68b90f6331ef057cf0e68330","timestamp":"2026-07-06 02:59:25"}
{"level":"info","message":"Created client session 38862f670a0a75e2b2fd77f1","timestamp":"2026-07-06 02:59:25"}
{"level":"info","message":"Created client session be7492ad02ad47123736ce8e","timestamp":"2026-07-06 02:59:25"}
{"level":"info","message":"Created client session 7378fc3575bfd3c2d51e38d6","timestamp":"2026-07-06 02:59:25"}
{"level":"info","message":"Created client session 93e6c65318be803d5c5c933d","timestamp":"2026-07-06 02:59:26"}
{"level":"info","message":"Created client session 0184ce873fe0728116981a06","timestamp":"2026-07-06 02:59:27"}
{"level":"info","message":"Created client session 1a244609e70b1fbf0ea62781","timestamp":"2026-07-06 02:59:35"}
{"level":"info","message":"Created client session 38627e93619392fcd546dd2e","timestamp":"2026-07-06 02:59:35"}
{"level":"info","message":"Created client session 3d910f07a3d46a93f0926cab","timestamp":"2026-07-06 02:59:35"}
{"level":"info","message":"Created client session 8b79df3b298b083ad234cfec","timestamp":"2026-07-06 02:59:35"}
{"level":"info","message":"Created client session f12896be99677296e5164b14","timestamp":"2026-07-06 02:59:36"}
{"level":"info","message":"Created client session 920dd91525e33e132beddf71","timestamp":"2026-07-06 02:59:36"}
{"level":"info","message":"Created client session fb882e7b0702ebef83287daf","timestamp":"2026-07-06 02:59:36"}
{"level":"info","message":"Created client session 6afa5b029673ed8e8de124ef","timestamp":"2026-07-06 02:59:37"}
{"level":"info","message":"Created client session fc40afc803d31eb34aacb82a","timestamp":"2026-07-06 02:59:37"}
{"level":"info","message":"Created client session 482954225ed681359b0b837c","timestamp":"2026-07-06 02:59:37"}
{"level":"info","message":"Created client session c0b99f57dbff6ddeed1c2c4a","timestamp":"2026-07-06 02:59:37"}
{"level":"info","message":"Created client session e8a20209f446b1ad7598c088","timestamp":"2026-07-06 02:59:38"}
{"level":"info","message":"Created client session e023869d0eaff157279cb0ed","timestamp":"2026-07-06 02:59:38"}
{"level":"info","message":"Created client session b7eb7c460e90cdb575e5ee85","timestamp":"2026-07-06 02:59:38"}
{"level":"info","message":"Created client session 9916b303079d39f411fb8452","timestamp":"2026-07-06 02:59:38"}
{"level":"info","message":"Created client session 67469ab77667c19a575e5385","timestamp":"2026-07-06 02:59:39"}
{"level":"info","message":"Created client session 4ea6ac174c4bac5a91a7b2a8","timestamp":"2026-07-06 02:59:39"}
{"level":"info","message":"Created client session cd213488533e761ca7aa0230","timestamp":"2026-07-06 02:59:39"}
{"level":"info","message":"Created client session b0770c6c01d567a3571a130a","timestamp":"2026-07-06 02:59:40"}
{"level":"info","message":"Created client session 733178d9ceaf73a1f2de0f80","timestamp":"2026-07-06 02:59:40"}
{"level":"info","message":"Created client session 5232ec33244592605d47b6ab","timestamp":"2026-07-06 02:59:40"}
{"level":"info","message":"Created client session 209b3d42ece1cea7d51f76c7","timestamp":"2026-07-06 02:59:40"}
{"level":"info","message":"Created client session d262b2c88db2047aa194600a","timestamp":"2026-07-06 02:59:40"}
{"level":"info","message":"Created client session dbec30832d8eb707045d46a3","timestamp":"2026-07-06 02:59:41"}
{"level":"info","message":"Created client session 6defe6a2aa5861acadfc6507","timestamp":"2026-07-06 02:59:41"}
{"level":"info","message":"Created client session 911695caaea8a9c575a67b21","timestamp":"2026-07-06 02:59:41"}
{"level":"info","message":"Created client session bba9a7a82925f2d761822331","timestamp":"2026-07-06 02:59:42"}
{"level":"info","message":"Created client session cd87f2e1a15a338ef63fb916","timestamp":"2026-07-06 02:59:42"}
{"level":"info","message":"Created client session e001c6ea6056c2c9c5d44fff","timestamp":"2026-07-06 02:59:42"}
{"level":"info","message":"Created client session 2a5726e08b0dbd0e0b05e087","timestamp":"2026-07-06 02:59:42"}
{"level":"info","message":"Created client session 475d63f21c2d3d392d4c0057","timestamp":"2026-07-06 02:59:43"}
{"level":"info","message":"Created client session efc0ed5e4a0e04748fb69b2d","timestamp":"2026-07-06 02:59:43"}
{"level":"info","message":"Created client session 49d11522c4790c9b22c95df6","timestamp":"2026-07-06 02:59:43"}
{"level":"info","message":"Created client session 3abd9f0c18fab88ea1b3588c","timestamp":"2026-07-06 02:59:43"}
{"level":"info","message":"Created client session 95dd697a0fee9ab8b93c8c15","timestamp":"2026-07-06 02:59:44"}
{"level":"info","message":"Created client session 20f59dc345263cf477ca5aa6","timestamp":"2026-07-06 02:59:44"}
{"level":"info","message":"Created client session b2f1bde831105e7748f4e44b","timestamp":"2026-07-06 02:59:44"}
{"level":"info","message":"Created client session 41989f5d0b2282e9b902ead4","timestamp":"2026-07-06 02:59:45"}
{"level":"info","message":"Created client session 3d02d9ffcba7305d38876fa6","timestamp":"2026-07-06 02:59:45"}
{"level":"info","message":"Created client session fbb165298885c2b2de1f382f","timestamp":"2026-07-06 02:59:45"}
{"level":"info","message":"Created client session 880d94e8650b2515a174293b","timestamp":"2026-07-06 02:59:45"}
{"level":"info","message":"Created client session 9ea58c536ba96cc97acae25d","timestamp":"2026-07-06 02:59:46"}
{"level":"info","message":"Created client session 464a73a3defb29db696bcabe","timestamp":"2026-07-06 02:59:46"}
{"level":"info","message":"Created client session c95893e67d2bb1e96df4d53a","timestamp":"2026-07-06 02:59:46"}
{"level":"info","message":"Created client session beb135f86ed884c331f7f1b5","timestamp":"2026-07-06 02:59:47"}
{"level":"info","message":"Created client session e4a9e2485a006724dbf5e4fb","timestamp":"2026-07-06 02:59:47"}
{"level":"info","message":"Created client session a68d29ed9cd0a5e21eb386ef","timestamp":"2026-07-06 02:59:47"}
{"level":"info","message":"Created client session f2dcb52688096f832f33b7e6","timestamp":"2026-07-06 02:59:47"}
{"level":"info","message":"Created client session 25b935d3afa917abc0b61647","timestamp":"2026-07-06 02:59:48"}
{"level":"info","message":"Created client session ea13cd5a2e96e72c6736512e","timestamp":"2026-07-06 02:59:48"}
{"level":"info","message":"Created client session 33506e32d4dd9444ee59497f","timestamp":"2026-07-06 02:59:48"}
{"level":"info","message":"Created client session 0fd21f3c390bc63e1f497feb","timestamp":"2026-07-06 02:59:49"}
{"level":"info","message":"Created client session 2fd17c70cd5c0df361083a5b","timestamp":"2026-07-06 02:59:49"}
{"level":"info","message":"Created client session 634ed1293dc122ca4df53642","timestamp":"2026-07-06 02:59:49"}
{"level":"info","message":"Created client session 74a11d6b8fb32cebe6176a04","timestamp":"2026-07-06 02:59:49"}
{"level":"info","message":"Created client session a7e8632946d476f8e7f405a3","timestamp":"2026-07-06 02:59:50"}
{"level":"info","message":"Created client session ae2ff941d3b78ae43d7de630","timestamp":"2026-07-06 02:59:50"}
{"level":"info","message":"Created client session 71283e5d3ab1cbc6c5ceb613","timestamp":"2026-07-06 02:59:50"}
{"level":"info","message":"Created client session 04dda8163a55d89aca34f14b","timestamp":"2026-07-06 02:59:50"}
{"level":"info","message":"Created client session f830ab9374f820917c56eb87","timestamp":"2026-07-06 02:59:51"}
{"level":"info","message":"Created client session 6bb1631fce0df199b81fb68a","timestamp":"2026-07-06 02:59:51"}
{"level":"info","message":"Created client session 3e3336f595ba2e61c4c88ebc","timestamp":"2026-07-06 02:59:51"}
{"level":"info","message":"Created client session 546cd4071ea9971a6a64553e","timestamp":"2026-07-06 02:59:52"}
{"level":"info","message":"Created client session d8c596a494db93a29b08cb65","timestamp":"2026-07-06 02:59:52"}
{"level":"info","message":"Created client session 5b4518bdb52ac3145231d78c","timestamp":"2026-07-06 02:59:52"}
{"level":"info","message":"Created client session 4ca12fde621ca9f89b48a643","timestamp":"2026-07-06 02:59:52"}
{"level":"info","message":"Created client session 533b4c7145d68f569f882a21","timestamp":"2026-07-06 02:59:53"}
{"level":"info","message":"Created client session 46281c72c77f8909f3771772","timestamp":"2026-07-06 02:59:53"}
{"level":"info","message":"Created client session 55619cb22dda86959801f39e","timestamp":"2026-07-06 02:59:53"}
{"level":"info","message":"Created client session 6e5e5e65d35c3eb337f8b9de","timestamp":"2026-07-06 02:59:54"}
{"level":"info","message":"Created client session e285c38ebd625af96eb907a1","timestamp":"2026-07-06 02:59:54"}
{"level":"info","message":"Created client session 5a35c76a00f0e9a59dc4f5a9","timestamp":"2026-07-06 02:59:54"}
{"level":"info","message":"Created client session 4bd911ac54b93c459f0eb44a","timestamp":"2026-07-06 02:59:54"}
{"level":"info","message":"Created client session a88dd049c1ef8d8e228adcab","timestamp":"2026-07-06 02:59:55"}
{"level":"info","message":"Created client session ecc2a9f64dba9c028162c9f8","timestamp":"2026-07-06 02:59:55"}
{"level":"info","message":"Created client session 1d3d6234bee5e42ce9e0c16d","timestamp":"2026-07-06 02:59:55"}
{"level":"info","message":"Created client session e2cdd8ec4b04a9179354baa2","timestamp":"2026-07-06 02:59:55"}
{"level":"info","message":"Created client session dd243c51176bd40ce50a6d9c","timestamp":"2026-07-06 02:59:56"}
{"level":"info","message":"Created client session ef4bcb9aca8a3f1de4f6eb3d","timestamp":"2026-07-06 02:59:56"}
{"level":"info","message":"Created client session ca75a07cd39c919827c92a1a","timestamp":"2026-07-06 02:59:56"}
{"level":"info","message":"Created client session eaca281eb9e8a67df468aeb4","timestamp":"2026-07-06 02:59:57"}
{"level":"info","message":"Created client session a94e84850bb2754f33c33cb9","timestamp":"2026-07-06 02:59:57"}
{"level":"info","message":"Created client session 5d72ee5a66156e43d2eaed64","timestamp":"2026-07-06 02:59:57"}
{"level":"info","message":"Created client session 02e07391630f487afdd2cb35","timestamp":"2026-07-06 02:59:57"}
{"level":"info","message":"Created client session d2250c3a14ae57e367eb32c0","timestamp":"2026-07-06 02:59:58"}
{"level":"info","message":"Created client session 7c23bcd9466d40bf77fe64d1","timestamp":"2026-07-06 02:59:58"}
{"level":"info","message":"Created client session ff3a9ff62d6e3947cd00fe51","timestamp":"2026-07-06 02:59:58"}
{"level":"info","message":"Created client session 4481d4971fb4d97b618cf16d","timestamp":"2026-07-06 02:59:59"}
{"level":"info","message":"Created client session b570ea551c93dd6cacf59330","timestamp":"2026-07-06 02:59:59"}
{"level":"info","message":"Created client session 8afa74fee9b55681b138f521","timestamp":"2026-07-06 02:59:59"}
{"level":"info","message":"Created client session 578f3968c0fddb386a7e79ad","timestamp":"2026-07-06 02:59:59"}
{"level":"info","message":"Created client session 192230ee33863f781ec96063","timestamp":"2026-07-06 03:00:00"}
{"level":"info","message":"Created client session 191a284d39c673d9db75fe7f","timestamp":"2026-07-06 03:00:00"}
{"level":"info","message":"Created client session 75465ee51ba0a60ff104df66","timestamp":"2026-07-06 03:00:00"}
{"level":"info","message":"Created client session 91aad8ed458930b91d387d21","timestamp":"2026-07-06 03:00:00"}
{"level":"info","message":"Created client session 89655fea8bf108b85c7b7295","timestamp":"2026-07-06 03:00:01"}
{"level":"info","message":"Created client session c42b198ebe98942f5f4c051a","timestamp":"2026-07-06 03:00:01"}
{"level":"info","message":"Created client session 0780365336584c0d1da85b4a","timestamp":"2026-07-06 03:00:01"}
{"level":"info","message":"Created client session 6019b09001c6bbec95fe91bf","timestamp":"2026-07-06 03:00:02"}
{"level":"info","message":"Created client session 2af36c1e6d92f106e607fb82","timestamp":"2026-07-06 03:00:02"}
{"level":"info","message":"Created client session 639f902cbfa3b73220de4e86","timestamp":"2026-07-06 03:00:02"}
{"level":"info","message":"Created client session ddc9823063997e3856e56ea3","timestamp":"2026-07-06 03:00:02"}
{"level":"info","message":"Created client session 7cef24b0b2248f5b0b0bc10e","timestamp":"2026-07-06 03:00:03"}
{"level":"info","message":"Created client session 3f6197956dd8ec94a0e09924","timestamp":"2026-07-06 03:00:03"}
{"level":"info","message":"Created client session 5853fd5ae8e6b60baa9f2266","timestamp":"2026-07-06 03:00:03"}
{"level":"info","message":"Created client session a590e5ceeef07be98c58ed1a","timestamp":"2026-07-06 03:00:03"}
{"level":"info","message":"Created client session caee2dd729fccef30d8a4ab7","timestamp":"2026-07-06 03:00:05"}
{"level":"info","message":"Created client session 922b57b82956ff9e3b34811f","timestamp":"2026-07-06 03:00:06"}
{"level":"info","message":"Created client session 23456ed69669fa2a19032ba5","timestamp":"2026-07-06 03:00:07"}
{"level":"info","message":"Created client session bd815018b037eea09b1b145a","timestamp":"2026-07-06 03:00:07"}
{"level":"info","message":"Created client session c65e85b8142a6971238a1724","timestamp":"2026-07-06 03:00:07"}
{"level":"info","message":"Created client session b49dad3ace2125926948205c","timestamp":"2026-07-06 03:00:07"}
{"level":"info","message":"Created client session 307b03f2a52624b6351faee4","timestamp":"2026-07-06 03:00:08"}
{"level":"info","message":"Created client session dd03228f8ed908eb23fdc151","timestamp":"2026-07-06 03:00:08"}
{"level":"info","message":"Created client session 45c20ba1eabb9aed4ce3fccb","timestamp":"2026-07-06 03:00:08"}
{"level":"info","message":"Created client session a2d1ecbc074e529b9a52c77b","timestamp":"2026-07-06 03:00:08"}
{"level":"info","message":"Created client session ec9291c10bef0d483d8db077","timestamp":"2026-07-06 03:00:09"}
{"level":"info","message":"Created client session 19941e9fa899f8d69eb62627","timestamp":"2026-07-06 03:00:09"}
{"level":"info","message":"Created client session 5b50419f31303a37e95b643c","timestamp":"2026-07-06 03:00:09"}
{"level":"info","message":"Created client session 5e8c71f72e4da1f5cf6cebfc","timestamp":"2026-07-06 03:00:09"}
{"level":"info","message":"Created client session 9a63662f851d8601a3880659","timestamp":"2026-07-06 03:00:10"}
{"level":"info","message":"Created client session cd94edd49c6a8a3b6e25f323","timestamp":"2026-07-06 03:00:10"}
{"level":"info","message":"Created client session 26e518a55df67de147531302","timestamp":"2026-07-06 03:00:10"}
{"level":"info","message":"Created client session dcab14ad054911a98be9c7a7","timestamp":"2026-07-06 03:00:11"}
{"level":"info","message":"Created client session bbefc8c7bd463e4f4b8d9dc4","timestamp":"2026-07-06 03:00:11"}
{"level":"info","message":"Created client session e49bb964e546a559f527f2dd","timestamp":"2026-07-06 03:00:11"}
{"level":"info","message":"Created client session 2615a2e5b62be3ecbb6e1408","timestamp":"2026-07-06 03:00:11"}
{"level":"info","message":"Created client session 8a947a3035283e4ccb3aa93c","timestamp":"2026-07-06 03:00:12"}
{"level":"info","message":"Created client session 745091d0e613fa915807e40c","timestamp":"2026-07-06 03:00:12"}
{"level":"info","message":"Created client session 0ee0b1210f7a3f7ca8dd3487","timestamp":"2026-07-06 03:00:12"}
{"level":"info","message":"Created client session 2a3b4d8db7e85c19315a1168","timestamp":"2026-07-06 03:00:12"}
{"level":"info","message":"Created client session 847cd77441a51ee0f78b8dee","timestamp":"2026-07-06 03:00:13"}
{"level":"info","message":"Created client session ecc1821401cfae7f18d64508","timestamp":"2026-07-06 03:00:13"}
{"level":"info","message":"Created client session 9728cb5b521b6de25f334da0","timestamp":"2026-07-06 03:00:13"}
{"level":"info","message":"Created client session 930b10a13675e10d5d6ec29d","timestamp":"2026-07-06 03:00:13"}
{"level":"info","message":"Created client session 4e589048708f968ec7c2c255","timestamp":"2026-07-06 03:00:14"}
{"level":"info","message":"Created client session 92179788b0e2faab562df6ad","timestamp":"2026-07-06 03:00:14"}
{"level":"info","message":"Created client session 003a1d4f820c70ece821bf90","timestamp":"2026-07-06 03:00:14"}
{"level":"info","message":"Created client session 3ca9e09cb5850634226de758","timestamp":"2026-07-06 03:00:14"}
{"level":"info","message":"Created client session d3d504534da7d637fdfb7b64","timestamp":"2026-07-06 03:00:15"}
{"level":"info","message":"Created client session 788c68508567aabdb936debc","timestamp":"2026-07-06 03:00:15"}
{"level":"info","message":"Created client session 1d099caae23231213df89fea","timestamp":"2026-07-06 03:00:15"}
{"level":"info","message":"Created client session 75014fd05972a25d808dc30d","timestamp":"2026-07-06 03:00:15"}
{"level":"info","message":"Created client session f04af869374fe0785f1fc4ac","timestamp":"2026-07-06 03:00:16"}
{"level":"info","message":"Created client session a75e121341faa283b866018e","timestamp":"2026-07-06 03:00:16"}
{"level":"info","message":"Created client session f626ed91f174fdec856cacd8","timestamp":"2026-07-06 03:00:16"}
{"level":"info","message":"Created client session f9083c64f35670c4dead4281","timestamp":"2026-07-06 03:00:17"}
{"level":"info","message":"Created client session bcd895a9407e171f9c6997df","timestamp":"2026-07-06 03:00:17"}
{"level":"info","message":"Created client session 2043a8e9ab806daab53e8d26","timestamp":"2026-07-06 03:00:17"}
{"level":"info","message":"Created client session ff9e65082eef86dd8f4b151a","timestamp":"2026-07-06 03:00:17"}
{"level":"info","message":"Created client session 024d932fd0ea8eeafdf9d469","timestamp":"2026-07-06 03:00:18"}
{"level":"info","message":"Created client session 45a9bd39a2545d1625f91137","timestamp":"2026-07-06 03:00:18"}
{"level":"info","message":"Created client session d4491ff2b258a9d4ae4cfebb","timestamp":"2026-07-06 03:00:18"}
{"level":"info","message":"Created client session ad2aeb774ff6c6fe5a87f4b5","timestamp":"2026-07-06 03:00:18"}
{"level":"info","message":"Created client session e32ce1d5f1cce38de269c4cc","timestamp":"2026-07-06 03:00:19"}
{"level":"info","message":"Created client session 6635b5856e9f09c9b0e7d775","timestamp":"2026-07-06 03:00:19"}
{"level":"info","message":"Created client session a289495461507763b84f6aab","timestamp":"2026-07-06 03:00:19"}
{"level":"info","message":"Created client session f4493605743d7666a50a07fe","timestamp":"2026-07-06 03:00:19"}
{"level":"info","message":"Created client session 4a49080e8d451d546bda4dcb","timestamp":"2026-07-06 03:00:20"}
{"level":"info","message":"Created client session 5724573006608dc50957a058","timestamp":"2026-07-06 03:00:33"}
{"level":"info","message":"Created client session cd9f03937fbc676d575e9356","timestamp":"2026-07-06 03:00:34"}
{"level":"info","message":"Created client session 878e965fe0ea9f8063cfc50b","timestamp":"2026-07-06 03:00:37"}
{"level":"info","message":"Created client session 58b4bed747b016f3de27d56f","timestamp":"2026-07-06 03:00:37"}
{"level":"info","message":"Created client session 5148299e980644bc352ae29a","timestamp":"2026-07-06 03:00:39"}
{"level":"info","message":"Created client session 401a7b133b6ac80a7303de87","timestamp":"2026-07-06 03:00:39"}
{"level":"info","message":"Created client session f0ba68f7a2d485a76db83fd8","timestamp":"2026-07-06 03:00:39"}
{"level":"info","message":"Created client session a119a877e20896abda49dbc8","timestamp":"2026-07-06 03:00:40"}
{"level":"info","message":"Created client session 167dd2d68fa949c4b27579e4","timestamp":"2026-07-06 03:00:41"}
{"level":"info","message":"Created client session 0dbe8fa37944c5eee1270348","timestamp":"2026-07-06 03:00:43"}
{"level":"info","message":"Created client session 234969c9b92baadeb371d4df","timestamp":"2026-07-06 03:00:45"}
{"level":"info","message":"Created client session 62cef06232fbf53e10b9395f","timestamp":"2026-07-06 03:00:46"}
{"level":"info","message":"Created client session e88d7183b41f2170c30649be","timestamp":"2026-07-06 03:00:46"}
{"level":"info","message":"Created client session 7a9f48661b58e62a8b375ded","timestamp":"2026-07-06 03:00:46"}
{"level":"info","message":"Created client session e6144084995f3ebe5b17b50a","timestamp":"2026-07-06 03:00:46"}
{"level":"info","message":"Created client session 05f59d26865dfb3d920bfe1b","timestamp":"2026-07-06 03:00:46"}
{"level":"info","message":"Created client session ad67f9297adca3e513aeb4cb","timestamp":"2026-07-06 03:00:47"}
{"level":"info","message":"Created client session 4bbdbb388e9cf27b618a885b","timestamp":"2026-07-06 03:00:48"}
{"level":"info","message":"Created client session 750ecd1046b1000aa72f17a9","timestamp":"2026-07-06 03:00:50"}
{"level":"info","message":"Created client session 2975b44a14e21a0efe431d62","timestamp":"2026-07-06 03:00:50"}
{"level":"info","message":"Created client session a99108b591aa8702e1f33ee9","timestamp":"2026-07-06 03:00:51"}
{"level":"info","message":"Created client session ed63beb4603c396036db7c08","timestamp":"2026-07-06 03:00:52"}
{"level":"info","message":"Created client session b914dc8bbd8cd343df166939","timestamp":"2026-07-06 03:00:53"}
{"level":"info","message":"Created client session d90de986273d684b098ddb7f","timestamp":"2026-07-06 03:00:54"}
{"level":"info","message":"Created client session 146455db98e66ff8d45bb309","timestamp":"2026-07-06 03:00:55"}
{"level":"info","message":"Created client session a790a2b173962feed5a1cfbd","timestamp":"2026-07-06 03:00:56"}
{"level":"info","message":"Created client session 78f26eb0a032a1864ca88886","timestamp":"2026-07-06 03:00:57"}
{"level":"info","message":"Created client session b94d351e9fc150cf6c14a55d","timestamp":"2026-07-06 03:00:59"}
{"level":"info","message":"Created client session b6f97a1ecb43544d74c5f443","timestamp":"2026-07-06 03:00:59"}
{"level":"info","message":"Created client session d5fc7528ce821ab6f325cfba","timestamp":"2026-07-06 03:01:00"}
{"level":"info","message":"Created client session ef33588bc13b5286ad66646f","timestamp":"2026-07-06 03:01:08"}
{"level":"info","message":"Created client session 3b7b531556edffcb7a269534","timestamp":"2026-07-06 03:01:09"}
{"level":"info","message":"Created client session af7d94a807669cfefacaee8b","timestamp":"2026-07-06 03:01:10"}
{"level":"info","message":"Created client session ee8d212fa63024035be728f8","timestamp":"2026-07-06 03:01:18"}
{"level":"info","message":"Created client session c0f943ff891f0efe226c7e65","timestamp":"2026-07-06 03:01:23"}
{"level":"info","message":"Created client session 3d851a99252ed5bb1cfe0273","timestamp":"2026-07-06 03:01:24"}
{"level":"info","message":"Created client session 4c9cdf506865163c1b4f4de3","timestamp":"2026-07-06 03:01:52"}
{"level":"info","message":"Created client session 30ceaa174cfd8e74ac128226","timestamp":"2026-07-06 03:02:02"}
{"level":"info","message":"Created client session dd7d30152f70252c4b2631c2","timestamp":"2026-07-06 03:02:06"}
{"level":"info","message":"Created client session 7de574fe7bcdef65c5bfcf0c","timestamp":"2026-07-06 03:03:36"}
{"level":"info","message":"Created client session 6e75fb71a0e8b2e40fdfb3a8","timestamp":"2026-07-06 03:04:40"}
{"level":"info","message":"Created client session ae9c9c8cbc39a8326269dcfa","timestamp":"2026-07-06 03:07:08"}
{"level":"info","message":"Created client session 2247279b5bf32245710becbc","timestamp":"2026-07-06 03:09:26"}
{"level":"info","message":"Created client session 215bb70f2a10840f72178f44","timestamp":"2026-07-06 03:36:48"}
{"level":"info","message":"Created client session e45f196e851c260de7fda686","timestamp":"2026-07-06 04:02:01"}
{"level":"info","message":"Created client session 7ea5299dbe4ce8490f6336f4","timestamp":"2026-07-06 04:10:11"}
{"level":"info","message":"Created client session 3ea58f5544ee02ae6bab0cb4","timestamp":"2026-07-06 04:12:07"}
{"level":"info","message":"Created client session 6719bcf6448e856662513fbb","timestamp":"2026-07-06 04:12:10"}
{"level":"info","message":"Created client session 44f35925241313163b218ab6","timestamp":"2026-07-06 04:12:17"}
{"level":"info","message":"Created client session bbdfc7b4766bc40f5d94f79c","timestamp":"2026-07-06 04:14:58"}
{"level":"info","message":"Created client session 1b8b110b9d9525271e309adc","timestamp":"2026-07-06 04:17:19"}
{"level":"info","message":"Created client session bbaf125ba4816b3200225773","timestamp":"2026-07-06 04:22:19"}
{"level":"info","message":"Created client session 0889647569e57ccea03cd22d","timestamp":"2026-07-06 04:29:27"}
{"level":"info","message":"Created client session d350db94646764e71c71d574","timestamp":"2026-07-06 04:32:30"}
{"ip":"38.143.253.121","level":"info","message":"User authentication successful for user Gamemaster","session":"d350db94646764e71c71d574","timestamp":"2026-07-06 04:32:37"}
{"level":"info","message":"No system update for FIST: Ultra Edition is currently available.","timestamp":"2026-07-06 04:32:38"}
{"level":"info","message":"Vended World data to User [xmljeyMGZBPkULO7] in 380ms","timestamp":"2026-07-06 04:32:38"}
{"level":"info","message":"No system update for FIST: Ultra Edition is currently available.","timestamp":"2026-07-06 04:32:52"}
{"level":"info","message":"Vended World data to User [xmljeyMGZBPkULO7] in 391ms","timestamp":"2026-07-06 04:32:52"}
{"level":"info","message":"No system update for FIST: Ultra Edition is currently available.","timestamp":"2026-07-06 04:32:58"}
{"level":"info","message":"Vended World data to User [xmljeyMGZBPkULO7] in 359ms","timestamp":"2026-07-06 04:32:59"}
{"level":"info","message":"Logged user xmljeyMGZBPkULO7 out of active World","timestamp":"2026-07-06 04:33:00"}
{"level":"info","message":"Administrator authentication successful for session d350db94646764e71c71d574","timestamp":"2026-07-06 04:33:06"}
{"level":"info","message":"Downloading package - 50%","timestamp":"2026-07-06 04:33:36"}
{"level":"info","message":"Downloading package - 100%","timestamp":"2026-07-06 04:33:36"}
{"level":"info","message":"Installing package - 20%","timestamp":"2026-07-06 04:33:36"}
{"level":"info","message":"Installing package - 40%","timestamp":"2026-07-06 04:33:36"}
{"level":"info","message":"Installing package - 60%","timestamp":"2026-07-06 04:33:36"}
{"level":"info","message":"Installing package - 80%","timestamp":"2026-07-06 04:33:36"}
{"level":"info","message":"Installing package - 100%","timestamp":"2026-07-06 04:33:36"}
{"level":"info","message":"Installed module foundryvtt-show-notes","timestamp":"2026-07-06 04:33:36"}
{"level":"info","message":"complete - 100%","timestamp":"2026-07-06 04:33:36"}
{"level":"info","message":"Connected to database \"actors\"","timestamp":"2026-07-06 04:33:40"}
{"level":"info","message":"Launching World | Loading World Data - 7%","timestamp":"2026-07-06 04:33:40"}
{"level":"info","message":"Connected to database \"cards\"","timestamp":"2026-07-06 04:33:40"}
{"level":"info","message":"Launching World | Loading World Data - 14%","timestamp":"2026-07-06 04:33:40"}
{"level":"info","message":"Connected to database \"messages\"","timestamp":"2026-07-06 04:33:40"}
{"level":"info","message":"Launching World | Loading World Data - 21%","timestamp":"2026-07-06 04:33:40"}
{"level":"info","message":"Connected to database \"combats\"","timestamp":"2026-07-06 04:33:40"}
{"level":"info","message":"Launching World | Loading World Data - 29%","timestamp":"2026-07-06 04:33:40"}
{"level":"info","message":"Connected to database \"fog\"","timestamp":"2026-07-06 04:33:40"}
{"level":"info","message":"Launching World | Loading World Data - 36%","timestamp":"2026-07-06 04:33:40"}
{"level":"info","message":"Connected to database \"folders\"","timestamp":"2026-07-06 04:33:40"}
{"level":"info","message":"Launching World | Loading World Data - 43%","timestamp":"2026-07-06 04:33:40"}
{"level":"info","message":"Connected to database \"items\"","timestamp":"2026-07-06 04:33:40"}
{"level":"info","message":"Launching World | Loading World Data - 50%","timestamp":"2026-07-06 04:33:40"}
{"level":"info","message":"Connected to database \"journal\"","timestamp":"2026-07-06 04:33:40"}
{"level":"info","message":"Launching World | Loading World Data - 57%","timestamp":"2026-07-06 04:33:40"}
{"level":"info","message":"Connected to database \"macros\"","timestamp":"2026-07-06 04:33:40"}
{"level":"info","message":"Launching World | Loading World Data - 64%","timestamp":"2026-07-06 04:33:40"}
{"level":"info","message":"Connected to database \"playlists\"","timestamp":"2026-07-06 04:33:40"}
{"level":"info","message":"Launching World | Loading World Data - 71%","timestamp":"2026-07-06 04:33:40"}
{"level":"info","message":"Connected to database \"tables\"","timestamp":"2026-07-06 04:33:40"}
{"level":"info","message":"Launching World | Loading World Data - 79%","timestamp":"2026-07-06 04:33:40"}
{"level":"info","message":"Connected to database \"scenes\"","timestamp":"2026-07-06 04:33:40"}
{"level":"info","message":"Launching World | Loading World Data - 86%","timestamp":"2026-07-06 04:33:40"}
{"level":"info","message":"Connected to database \"settings\"","timestamp":"2026-07-06 04:33:40"}
{"level":"info","message":"Launching World | Loading World Data - 93%","timestamp":"2026-07-06 04:33:40"}
{"level":"info","message":"Connected to database \"users\"","timestamp":"2026-07-06 04:33:40"}
{"level":"info","message":"Launching World | Loading World Data - 100%","timestamp":"2026-07-06 04:33:40"}
{"level":"info","message":"Launching World | Migrating World Data - 7%","timestamp":"2026-07-06 04:33:40"}
{"level":"info","message":"Launching World | Migrating World Data - 14%","timestamp":"2026-07-06 04:33:40"}
{"level":"info","message":"Launching World | Migrating World Data - 21%","timestamp":"2026-07-06 04:33:40"}
{"level":"info","message":"Launching World | Migrating World Data - 29%","timestamp":"2026-07-06 04:33:40"}
{"level":"info","message":"Launching World | Migrating World Data - 36%","timestamp":"2026-07-06 04:33:40"}
{"level":"info","message":"Launching World | Migrating World Data - 43%","timestamp":"2026-07-06 04:33:40"}
{"level":"info","message":"Launching World | Migrating World Data - 50%","timestamp":"2026-07-06 04:33:40"}
{"level":"info","message":"Launching World | Migrating World Data - 57%","timestamp":"2026-07-06 04:33:40"}
{"level":"info","message":"Launching World | Migrating World Data - 64%","timestamp":"2026-07-06 04:33:40"}
{"level":"info","message":"Launching World | Migrating World Data - 71%","timestamp":"2026-07-06 04:33:40"}
{"level":"info","message":"Launching World | Migrating World Data - 79%","timestamp":"2026-07-06 04:33:40"}
{"level":"info","message":"Launching World | Migrating World Data - 86%","timestamp":"2026-07-06 04:33:40"}
{"level":"info","message":"Launching World | Migrating World Data - 93%","timestamp":"2026-07-06 04:33:40"}
{"level":"info","message":"Launching World | Migrating World Data - 100%","timestamp":"2026-07-06 04:33:40"}
{"level":"info","message":"Launching World | Complete","timestamp":"2026-07-06 04:33:40"}
{"ip":"38.143.253.121","level":"info","message":"User authentication successful for user Gamemaster","session":"d350db94646764e71c71d574","timestamp":"2026-07-06 04:33:47"}
{"level":"info","message":"No system update for FIST: Ultra Edition is currently available.","timestamp":"2026-07-06 04:33:48"}
{"level":"info","message":"Vended World data to User [xmljeyMGZBPkULO7] in 360ms","timestamp":"2026-07-06 04:33:48"}
{"level":"info","message":"Toggling game pause status to false","timestamp":"2026-07-06 04:33:50"}
{"level":"info","message":"No system update for FIST: Ultra Edition is currently available.","timestamp":"2026-07-06 04:34:05"}
{"level":"info","message":"Vended World data to User [xmljeyMGZBPkULO7] in 366ms","timestamp":"2026-07-06 04:34:05"}
{"level":"info","message":"Created client session 298690e4b66e8e5235fbed6b","timestamp":"2026-07-06 04:39:22"}
{"level":"info","message":"Created client session 50cb865c14603648956eba86","timestamp":"2026-07-06 04:39:22"}
{"level":"info","message":"Created client session b1a671dea2c5802e9008eb17","timestamp":"2026-07-06 04:39:23"}
{"level":"info","message":"Created client session 4bd8efb50a7c1833ec6ada02","timestamp":"2026-07-06 04:39:23"}
{"level":"info","message":"Created client session e391c43063caede87b43183a","timestamp":"2026-07-06 04:39:23"}
{"level":"info","message":"Created client session c4d085bce4a4ee3c0e88ecda","timestamp":"2026-07-06 04:39:23"}
{"level":"info","message":"Created client session f20b96eb207996baad825b9e","timestamp":"2026-07-06 05:03:07"}
{"level":"info","message":"Created client session baedcdb14df3347cae9e6908","timestamp":"2026-07-06 05:15:07"}
{"level":"info","message":"Created client session adf03b510b413bb0278e64fd","timestamp":"2026-07-06 05:38:33"}
{"level":"info","message":"Created client session e7a6f0ba42e1e293c0b45494","timestamp":"2026-07-06 05:42:09"}
{"level":"info","message":"Created client session d2460ad5f22d097cf74c9ffb","timestamp":"2026-07-06 05:42:09"}
{"level":"info","message":"Created client session 6442f7b0d6f354d4d8027df9","timestamp":"2026-07-06 05:42:09"}
{"level":"info","message":"Created client session 076a82368d43139119b6fa48","timestamp":"2026-07-06 05:42:09"}
{"level":"info","message":"Created client session aa5593e03df53472c7bf30b8","timestamp":"2026-07-06 05:42:10"}
{"level":"info","message":"Created client session c58079e236910a0a95625b40","timestamp":"2026-07-06 05:44:37"}
{"level":"info","message":"Extracted base64 asset: \"/home/ubuntu/foundryuserdata/Data/worlds/fist-milk-run/assets/scenes/Qd6o0lUHPQsYtKTl-thumb.webp\"","timestamp":"2026-07-06 05:49:45"}
{"level":"info","message":"Created Folder with id [OQ4Oh9EDSNJu2Bhu]","timestamp":"2026-07-06 05:53:11"}
{"level":"info","message":"Created JournalEntry with id [JTNXB2pxhG3sM6f8]","timestamp":"2026-07-06 05:53:17"}
{"level":"info","message":"Created Note with id [DT3omcO0NAIYu1Mm] in parent Scene [Qd6o0lUHPQsYtKTl]","timestamp":"2026-07-06 05:53:30"}
{"level":"info","message":"Created Note with id [lFOU54ay8aROJLCz] in parent Scene [Qd6o0lUHPQsYtKTl]","timestamp":"2026-07-06 05:53:57"}
{"level":"info","message":"Deleted Note with id [lFOU54ay8aROJLCz] in parent Scene [Qd6o0lUHPQsYtKTl]","timestamp":"2026-07-06 05:54:03"}
{"level":"info","message":"Deleted Note with id [DT3omcO0NAIYu1Mm] in parent Scene [Qd6o0lUHPQsYtKTl]","timestamp":"2026-07-06 05:54:04"}
{"level":"info","message":"Created MeasuredTemplate with id [Vd1D9AYOGOyClkwf] in parent Scene [Qd6o0lUHPQsYtKTl]","timestamp":"2026-07-06 05:54:22"}
{"level":"info","message":"Created client session 9028752fd68eea1a7729329c","timestamp":"2026-07-06 05:54:23"}
{"level":"info","message":"Created MeasuredTemplate with id [J2werRdPrI0VtKrL] in parent Scene [Qd6o0lUHPQsYtKTl]","timestamp":"2026-07-06 05:54:24"}
{"level":"info","message":"Deleted MeasuredTemplate with id [J2werRdPrI0VtKrL] in parent Scene [Qd6o0lUHPQsYtKTl]","timestamp":"2026-07-06 05:54:25"}
{"level":"info","message":"Deleted MeasuredTemplate with id [Vd1D9AYOGOyClkwf] in parent Scene [Qd6o0lUHPQsYtKTl]","timestamp":"2026-07-06 05:54:25"}
{"level":"info","message":"Created JournalEntry with id [p9fSX86VKsOK8m4z]","timestamp":"2026-07-06 05:55:06"}
{"level":"info","message":"Created Note with id [LADo4OzhyjhdR0xA] in parent Scene [Qd6o0lUHPQsYtKTl]","timestamp":"2026-07-06 05:55:06"}
{"level":"info","message":"Deleted JournalEntry with id [p9fSX86VKsOK8m4z]","timestamp":"2026-07-06 05:55:26"}
{"level":"info","message":"Deleted JournalEntry with id [JTNXB2pxhG3sM6f8]","timestamp":"2026-07-06 05:55:28"}
{"level":"info","message":"Created JournalEntry with id [BWOV1WWvP4SJv5zB]","timestamp":"2026-07-06 05:55:32"}
{"level":"info","message":"Deleted Note with id [LADo4OzhyjhdR0xA] in parent Scene [Qd6o0lUHPQsYtKTl]","timestamp":"2026-07-06 05:56:14"}
{"level":"info","message":"Created Note with id [Haf0TuXF7ktGF5o4] in parent Scene [Qd6o0lUHPQsYtKTl]","timestamp":"2026-07-06 05:56:23"}
{"level":"info","message":"Created JournalEntry with id [g577m9rtjUHpy5xr]","timestamp":"2026-07-06 05:57:09"}
{"level":"info","message":"Created JournalEntry with id [LxJkjWPK2bp58CkH]","timestamp":"2026-07-06 05:57:15"}
{"level":"info","message":"Created JournalEntry with id [SM9aCuNSLfYBT3Yl]","timestamp":"2026-07-06 05:57:20"}
{"level":"info","message":"Created JournalEntry with id [WCx0kRiVh7qDgZJB]","timestamp":"2026-07-06 05:57:29"}
{"level":"info","message":"Created JournalEntry with id [1darM1A57sRwDhDK]","timestamp":"2026-07-06 05:57:37"}
{"level":"info","message":"Created JournalEntry with id [O7BjVPnQHLGIqPOU]","timestamp":"2026-07-06 05:57:47"}
{"level":"info","message":"Created JournalEntry with id [YWcVlQqqUVXW7a29]","timestamp":"2026-07-06 05:57:51"}
{"level":"info","message":"Created JournalEntry with id [hLAc00ZFkDsVaADZ]","timestamp":"2026-07-06 05:57:59"}
{"level":"info","message":"Created JournalEntry with id [SHkBoSt8YrVzuaJo]","timestamp":"2026-07-06 05:58:03"}
{"level":"info","message":"Created JournalEntry with id [qP5gdGD0QPShkQXY]","timestamp":"2026-07-06 05:58:10"}
{"level":"info","message":"Created JournalEntry with id [VymXgHmHaqu26Q9g]","timestamp":"2026-07-06 05:58:15"}
{"level":"info","message":"Created JournalEntry with id [Ucr4U1g0oXPrMicX]","timestamp":"2026-07-06 05:58:21"}
{"level":"info","message":"Created JournalEntry with id [UjY2t7An5wcZwpMq]","timestamp":"2026-07-06 05:58:26"}
{"level":"info","message":"Created JournalEntry with id [Lr8yUTEIzCK5lTHm]","timestamp":"2026-07-06 05:58:30"}
{"level":"info","message":"Created JournalEntry with id [2xSKOdMKnVpLqOPm]","timestamp":"2026-07-06 05:58:36"}
{"level":"info","message":"Created JournalEntry with id [ayH53BZVOyOyCSMv]","timestamp":"2026-07-06 05:58:56"}
{"level":"info","message":"Created JournalEntry with id [4OYXO2t2iOLpR63L]","timestamp":"2026-07-06 05:58:59"}
{"level":"info","message":"Created client session 19ab1b840ce00c0eeb68bb13","timestamp":"2026-07-06 05:59:16"}
{"ip":"38.143.253.121","level":"info","message":"User authentication successful for user Spectator/Tester","session":"19ab1b840ce00c0eeb68bb13","timestamp":"2026-07-06 05:59:20"}
{"level":"info","message":"No system update for FIST: Ultra Edition is currently available.","timestamp":"2026-07-06 05:59:21"}
{"level":"info","message":"Vended World data to User [qJ7Ro9xk36btmANg] in 374ms","timestamp":"2026-07-06 05:59:21"}
{"level":"info","message":"Created Token with id [y5NOaOWdxshwXsVZ] in parent Scene [Qd6o0lUHPQsYtKTl]","timestamp":"2026-07-06 05:59:37"}
{"level":"info","message":"Logged user xmljeyMGZBPkULO7 out of active World","timestamp":"2026-07-06 06:03:49"}
{"ip":"38.143.253.121","level":"info","message":"User authentication successful for user Gamemaster","session":"d350db94646764e71c71d574","timestamp":"2026-07-06 06:03:57"}
{"level":"info","message":"No system update for FIST: Ultra Edition is currently available.","timestamp":"2026-07-06 06:03:58"}
{"level":"info","message":"Vended World data to User [xmljeyMGZBPkULO7] in 346ms","timestamp":"2026-07-06 06:03:58"}
{"level":"info","message":"Created client session 65f4fdda2a2cdd75463943a5","timestamp":"2026-07-06 06:04:38"}
{"level":"info","message":"Created Folder with id [ihO3bPuZ9GSPyLEc]","timestamp":"2026-07-06 06:05:19"}
{"level":"info","message":"Created Note with id [kBDBp8ULlgb5zBNk] in parent Scene [Qd6o0lUHPQsYtKTl]","timestamp":"2026-07-06 06:05:40"}
{"level":"info","message":"Created Note with id [vmrk2EcCo2DUOEs7] in parent Scene [Qd6o0lUHPQsYtKTl]","timestamp":"2026-07-06 06:05:54"}
{"level":"info","message":"Deleted Note with id [kBDBp8ULlgb5zBNk] in parent Scene [Qd6o0lUHPQsYtKTl]","timestamp":"2026-07-06 06:05:59"}
{"level":"info","message":"Created Note with id [VGjUrpLUGRBNiTYK] in parent Scene [Qd6o0lUHPQsYtKTl]","timestamp":"2026-07-06 06:06:01"}
{"level":"info","message":"Deleted Note with id [vmrk2EcCo2DUOEs7] in parent Scene [Qd6o0lUHPQsYtKTl]","timestamp":"2026-07-06 06:06:12"}
{"level":"info","message":"Deleted Note with id [VGjUrpLUGRBNiTYK] in parent Scene [Qd6o0lUHPQsYtKTl]","timestamp":"2026-07-06 06:06:14"}
{"level":"info","message":"Created Note with id [xvWfms6LQuSgA5Z1] in parent Scene [Qd6o0lUHPQsYtKTl]","timestamp":"2026-07-06 06:06:36"}
{"level":"info","message":"Created Note with id [6s68yUGc2h3SMrko] in parent Scene [Qd6o0lUHPQsYtKTl]","timestamp":"2026-07-06 06:07:37"}
{"level":"info","message":"Deleted Note with id [xvWfms6LQuSgA5Z1] in parent Scene [Qd6o0lUHPQsYtKTl]","timestamp":"2026-07-06 06:07:42"}
{"level":"info","message":"Created Note with id [KTrJFXrR7LeYeMRy] in parent Scene [Qd6o0lUHPQsYtKTl]","timestamp":"2026-07-06 06:07:52"}
{"level":"info","message":"Deleting Folder [ihO3bPuZ9GSPyLEc] also deletes:","timestamp":"2026-07-06 06:08:30"}
{"level":"info","message":"Deleted Folder with id [ihO3bPuZ9GSPyLEc]","timestamp":"2026-07-06 06:08:30"}
{"level":"info","message":"Created JournalEntry with id [zIc8H8J6la5G6v3n]","timestamp":"2026-07-06 06:08:55"}
{"level":"info","message":"Created Setting with id [kTQgMp9ho2g16cVJ]","timestamp":"2026-07-06 06:11:42"}
{"level":"info","message":"Created Setting with id [DMm9C4up5e6Fwbau]","timestamp":"2026-07-06 06:11:42"}
{"level":"info","message":"Deleted Token with id [y5NOaOWdxshwXsVZ] in parent Scene [Qd6o0lUHPQsYtKTl]","timestamp":"2026-07-06 06:11:49"}
{"level":"info","message":"Created Token with id [zsLX2UPhTWmhdPHm] in parent Scene [Qd6o0lUHPQsYtKTl]","timestamp":"2026-07-06 06:11:52"}
{"level":"info","message":"Created Note with id [ooAAM8GwFEg7WZvP] in parent Scene [Qd6o0lUHPQsYtKTl]","timestamp":"2026-07-06 06:14:25"}
{"level":"info","message":"Deleting Folder [OQ4Oh9EDSNJu2Bhu] also deletes: and 18 JournalEntry documents","timestamp":"2026-07-06 06:14:54"}
{"level":"info","message":"Deleted Folder with id [OQ4Oh9EDSNJu2Bhu]","timestamp":"2026-07-06 06:14:54"}
{"level":"info","message":"Deleted Note with id [KTrJFXrR7LeYeMRy] in parent Scene [Qd6o0lUHPQsYtKTl]","timestamp":"2026-07-06 06:14:58"}
{"level":"info","message":"Deleted Note with id [6s68yUGc2h3SMrko] in parent Scene [Qd6o0lUHPQsYtKTl]","timestamp":"2026-07-06 06:14:59"}
{"level":"info","message":"Deleted Note with id [ooAAM8GwFEg7WZvP] in parent Scene [Qd6o0lUHPQsYtKTl]","timestamp":"2026-07-06 06:15:00"}
{"level":"info","message":"Deleted Note with id [Haf0TuXF7ktGF5o4] in parent Scene [Qd6o0lUHPQsYtKTl]","timestamp":"2026-07-06 06:15:01"}
{"level":"info","message":"Created JournalEntry with id [pTRjnaySyGvdDufE]","timestamp":"2026-07-06 06:15:15"}
{"level":"info","message":"Created Note with id [Heq1ljnx4gShqbed] in parent Scene [Qd6o0lUHPQsYtKTl]","timestamp":"2026-07-06 06:15:15"}
{"level":"info","message":"Deleted JournalEntry with id [pTRjnaySyGvdDufE]","timestamp":"2026-07-06 06:15:25"}
{"level":"info","message":"Deleted Note with id [Heq1ljnx4gShqbed] in parent Scene [Qd6o0lUHPQsYtKTl]","timestamp":"2026-07-06 06:15:26"}
{"level":"info","message":"Created Folder with id [XtFmIh1HBqc53Oy0]","timestamp":"2026-07-06 06:15:41"}
{"level":"info","message":"Created JournalEntry with id [VkXMW0vdE5yBahin]","timestamp":"2026-07-06 06:15:56"}
{"level":"info","message":"Created Note with id [VbfOy6CJuw4t6IC6] in parent Scene [Qd6o0lUHPQsYtKTl]","timestamp":"2026-07-06 06:15:56"}
{"level":"info","message":"Deleting Folder [XtFmIh1HBqc53Oy0] also deletes: and 1 JournalEntry documents","timestamp":"2026-07-06 06:16:05"}
{"level":"info","message":"Deleted Folder with id [XtFmIh1HBqc53Oy0]","timestamp":"2026-07-06 06:16:05"}
{"level":"info","message":"Deleted Note with id [VbfOy6CJuw4t6IC6] in parent Scene [Qd6o0lUHPQsYtKTl]","timestamp":"2026-07-06 06:16:09"}
{"level":"info","message":"Created JournalEntry with id [FdyPR8s6dHrWpisy]","timestamp":"2026-07-06 06:16:16"}
{"level":"info","message":"Created Note with id [7XKU0OXWfQ9GZaSQ] in parent Scene [Qd6o0lUHPQsYtKTl]","timestamp":"2026-07-06 06:16:16"}
{"level":"info","message":"Deleted Note with id [7XKU0OXWfQ9GZaSQ] in parent Scene [Qd6o0lUHPQsYtKTl]","timestamp":"2026-07-06 06:16:21"}
{"level":"info","message":"Deleted JournalEntry with id [FdyPR8s6dHrWpisy]","timestamp":"2026-07-06 06:16:25"}
{"level":"info","message":"Created Folder with id [FIxyfAy6pfwBf8bT]","timestamp":"2026-07-06 06:16:30"}
{"level":"info","message":"Created JournalEntry with id [vb7Vfr960c3zlayp]","timestamp":"2026-07-06 06:16:47"}
{"level":"info","message":"Created Note with id [1mR36HP0HffyoH7P] in parent Scene [Qd6o0lUHPQsYtKTl]","timestamp":"2026-07-06 06:16:47"}
{"level":"info","message":"Created JournalEntry with id [jgXbjM4qCFbV15AL]","timestamp":"2026-07-06 06:17:22"}
{"level":"info","message":"Created Note with id [pvU9Wathd0G39NBJ] in parent Scene [Qd6o0lUHPQsYtKTl]","timestamp":"2026-07-06 06:17:22"}
{"level":"info","message":"Created JournalEntry with id [c9W82BHUIVTIiooM]","timestamp":"2026-07-06 06:17:47"}
{"level":"info","message":"Created Note with id [2WqOAtMQTPE1Kut2] in parent Scene [Qd6o0lUHPQsYtKTl]","timestamp":"2026-07-06 06:17:47"}
{"level":"info","message":"Created JournalEntry with id [NuHIX1gUAyz0aMdj]","timestamp":"2026-07-06 06:17:56"}
{"level":"info","message":"Created Note with id [iY9CRx4TJVUqtrEE] in parent Scene [Qd6o0lUHPQsYtKTl]","timestamp":"2026-07-06 06:17:56"}
{"level":"info","message":"Created JournalEntry with id [AYIfeMGOBcOgMcsP]","timestamp":"2026-07-06 06:18:07"}
{"level":"info","message":"Created Note with id [Hhu1TY5k5ESsQMg4] in parent Scene [Qd6o0lUHPQsYtKTl]","timestamp":"2026-07-06 06:18:07"}
{"level":"info","message":"Created JournalEntry with id [CxJ8UNQZzTKo0OOD]","timestamp":"2026-07-06 06:18:30"}
{"level":"info","message":"Created Note with id [Nr2xNMh1cIYGHNqW] in parent Scene [Qd6o0lUHPQsYtKTl]","timestamp":"2026-07-06 06:18:30"}
{"level":"info","message":"Created JournalEntry with id [CncxI8N6ClodIyxa]","timestamp":"2026-07-06 06:19:19"}
{"level":"info","message":"Created Note with id [WauwVAWCfimf8xku] in parent Scene [Qd6o0lUHPQsYtKTl]","timestamp":"2026-07-06 06:19:19"}
{"level":"info","message":"Created JournalEntry with id [LHk8g7lZrZmsZ2In]","timestamp":"2026-07-06 06:19:57"}
{"level":"info","message":"Created Note with id [j55vu9cb6GF8ZTYB] in parent Scene [Qd6o0lUHPQsYtKTl]","timestamp":"2026-07-06 06:19:57"}
{"level":"info","message":"Created JournalEntry with id [JZau0JoojEwtxDsx]","timestamp":"2026-07-06 06:20:28"}
{"level":"info","message":"Created Note with id [nJO3B1Fb2ScxTbk7] in parent Scene [Qd6o0lUHPQsYtKTl]","timestamp":"2026-07-06 06:20:28"}
{"level":"info","message":"Created JournalEntry with id [10vfLt28dxTqk9Uv]","timestamp":"2026-07-06 06:21:13"}
{"level":"info","message":"Created Note with id [aYTUAjlwGURzHQ0E] in parent Scene [Qd6o0lUHPQsYtKTl]","timestamp":"2026-07-06 06:21:13"}
{"level":"info","message":"Created JournalEntry with id [PnQE1SaalvWuOpqE]","timestamp":"2026-07-06 06:21:26"}
{"level":"info","message":"Created Note with id [cCl6MNZlD83WlC3J] in parent Scene [Qd6o0lUHPQsYtKTl]","timestamp":"2026-07-06 06:21:26"}
{"level":"info","message":"Created JournalEntry with id [pABqgQ2r9Hh3TGGD]","timestamp":"2026-07-06 06:21:44"}
{"level":"info","message":"Created Note with id [Z42jm8xFD0obxrxh] in parent Scene [Qd6o0lUHPQsYtKTl]","timestamp":"2026-07-06 06:21:44"}
{"level":"info","message":"Created JournalEntry with id [rl1cORu8shWsV1pa]","timestamp":"2026-07-06 06:21:51"}
{"level":"info","message":"Created Note with id [q4DIeRsZeiXxH4x1] in parent Scene [Qd6o0lUHPQsYtKTl]","timestamp":"2026-07-06 06:21:51"}
{"level":"info","message":"Created JournalEntry with id [736RNAhuJMHz3It2]","timestamp":"2026-07-06 06:22:05"}
{"level":"info","message":"Created Note with id [DNroRmV1OJLhPFiL] in parent Scene [Qd6o0lUHPQsYtKTl]","timestamp":"2026-07-06 06:22:05"}
{"level":"info","message":"Created JournalEntry with id [GAnqMxuz2MULAvtl]","timestamp":"2026-07-06 06:22:21"}
{"level":"info","message":"Created Note with id [HtYYeULt7avHYFWR] in parent Scene [Qd6o0lUHPQsYtKTl]","timestamp":"2026-07-06 06:22:21"}
{"level":"info","message":"Created JournalEntry with id [Rrf0xG7mpGeViaBZ]","timestamp":"2026-07-06 06:22:29"}
{"level":"info","message":"Created Note with id [0Okl2Y6pc31fE7xz] in parent Scene [Qd6o0lUHPQsYtKTl]","timestamp":"2026-07-06 06:22:29"}
{"level":"info","message":"Created JournalEntry with id [VHMmTag3TIQYq6Hn]","timestamp":"2026-07-06 06:22:41"}
{"level":"info","message":"Created Note with id [dptC0V0AS4tNNOg4] in parent Scene [Qd6o0lUHPQsYtKTl]","timestamp":"2026-07-06 06:22:41"}
{"level":"info","message":"Created client session 3f3c7409550c66b655be44b0","timestamp":"2026-07-06 06:22:42"}
{"level":"info","message":"Created JournalEntry with id [kHHqeErxMUuVUsXk]","timestamp":"2026-07-06 06:23:01"}
{"level":"info","message":"Created Note with id [WPeD0jsjq06CVTEu] in parent Scene [Qd6o0lUHPQsYtKTl]","timestamp":"2026-07-06 06:23:01"}
{"level":"info","message":"Created JournalEntry with id [UnR5ddYQQ48kLC6G]","timestamp":"2026-07-06 06:23:17"}
{"level":"info","message":"Created Note with id [cZ5rM2Zj7GGwVdfW] in parent Scene [Qd6o0lUHPQsYtKTl]","timestamp":"2026-07-06 06:23:17"}
{"level":"info","message":"Created JournalEntry with id [GQGgNYZWkwHGUNeM]","timestamp":"2026-07-06 06:23:26"}
{"level":"info","message":"Created Note with id [bEMU0ooSiogwa80B] in parent Scene [Qd6o0lUHPQsYtKTl]","timestamp":"2026-07-06 06:23:26"}
{"level":"info","message":"Created JournalEntry with id [9qZtxgrRJ7jK93JL]","timestamp":"2026-07-06 06:23:43"}
{"level":"info","message":"Created Note with id [Y53p3PQs8bnHhThn] in parent Scene [Qd6o0lUHPQsYtKTl]","timestamp":"2026-07-06 06:23:43"}
{"level":"info","message":"Created JournalEntry with id [jtk8V43VUy1Edr8S]","timestamp":"2026-07-06 06:24:13"}
{"level":"info","message":"Created Note with id [cWIPPFx2cgDj0Paz] in parent Scene [Qd6o0lUHPQsYtKTl]","timestamp":"2026-07-06 06:24:13"}
{"level":"info","message":"Created JournalEntry with id [zZGVBvJo1EjDyGHr]","timestamp":"2026-07-06 06:24:40"}
{"level":"info","message":"Created Note with id [MJIFwbW0lV43OHnL] in parent Scene [Qd6o0lUHPQsYtKTl]","timestamp":"2026-07-06 06:24:40"}
{"level":"info","message":"Created JournalEntry with id [z6wmboDau1qvgsCR]","timestamp":"2026-07-06 06:25:10"}
{"level":"info","message":"Created Note with id [fc2fgGIFxhotTEf9] in parent Scene [Qd6o0lUHPQsYtKTl]","timestamp":"2026-07-06 06:25:10"}
{"level":"info","message":"Created JournalEntry with id [dld3ELUKoDJlmYK8]","timestamp":"2026-07-06 06:25:26"}
{"level":"info","message":"Created Note with id [Qh0xxxuIhyVaYamJ] in parent Scene [Qd6o0lUHPQsYtKTl]","timestamp":"2026-07-06 06:25:26"}
{"level":"info","message":"Created JournalEntry with id [aHmNj7FL9OQNAGt7]","timestamp":"2026-07-06 06:25:53"}
{"level":"info","message":"Created Note with id [cyPlQYgu2GZw7QB7] in parent Scene [Qd6o0lUHPQsYtKTl]","timestamp":"2026-07-06 06:25:53"}
{"level":"info","message":"Created JournalEntry with id [YC3XxzPST7o5qpcA]","timestamp":"2026-07-06 06:26:02"}
{"level":"info","message":"Created Note with id [aS3nFGX2UyYK0uib] in parent Scene [Qd6o0lUHPQsYtKTl]","timestamp":"2026-07-06 06:26:02"}
{"level":"info","message":"Created JournalEntry with id [lNl1jeLroukSpVz9]","timestamp":"2026-07-06 06:26:19"}
{"level":"info","message":"Created Note with id [DGAgZXZVxYZHthQU] in parent Scene [Qd6o0lUHPQsYtKTl]","timestamp":"2026-07-06 06:26:19"}
{"level":"info","message":"Created JournalEntry with id [AtAC5vRLPyOdqcJZ]","timestamp":"2026-07-06 06:26:50"}
{"level":"info","message":"Created Note with id [R1LcSA1WChDrJxo3] in parent Scene [Qd6o0lUHPQsYtKTl]","timestamp":"2026-07-06 06:26:50"}
{"level":"info","message":"Created JournalEntry with id [cAFivmQ2gAHW3wmR]","timestamp":"2026-07-06 06:27:02"}
{"level":"info","message":"Created Note with id [X0vE8bhFtO8cMkib] in parent Scene [Qd6o0lUHPQsYtKTl]","timestamp":"2026-07-06 06:27:02"}
{"level":"info","message":"Created JournalEntry with id [Bt9LZ1R9wmtThWA0]","timestamp":"2026-07-06 06:27:36"}
{"level":"info","message":"Created Note with id [FU1038owSMTT4i5V] in parent Scene [Qd6o0lUHPQsYtKTl]","timestamp":"2026-07-06 06:27:36"}
{"level":"info","message":"Created JournalEntry with id [N1Cw5cILxZIX13px]","timestamp":"2026-07-06 06:27:46"}
{"level":"info","message":"Created Note with id [3vOpNKKzSqOf0JDB] in parent Scene [Qd6o0lUHPQsYtKTl]","timestamp":"2026-07-06 06:27:46"}
{"level":"info","message":"Created JournalEntry with id [lU5nYcHiyejwSs90]","timestamp":"2026-07-06 06:27:54"}
{"level":"info","message":"Created Note with id [le3CLM0HBMZCZ7iS] in parent Scene [Qd6o0lUHPQsYtKTl]","timestamp":"2026-07-06 06:27:54"}
{"level":"info","message":"Created JournalEntry with id [wsYaDJJe4L45tN10]","timestamp":"2026-07-06 06:28:06"}
{"level":"info","message":"Created Note with id [QnwK1JTMLnYYrdQd] in parent Scene [Qd6o0lUHPQsYtKTl]","timestamp":"2026-07-06 06:28:06"}
{"level":"info","message":"Created JournalEntry with id [UYC07oHlv6eG2svk]","timestamp":"2026-07-06 06:28:18"}
{"level":"info","message":"Created Note with id [iAikKh94kG3CQRZl] in parent Scene [Qd6o0lUHPQsYtKTl]","timestamp":"2026-07-06 06:28:18"}
{"level":"info","message":"Created JournalEntry with id [TMBFnMG5T4hFwnrj]","timestamp":"2026-07-06 06:28:29"}
{"level":"info","message":"Created Note with id [tfll6Dcl4POkIhay] in parent Scene [Qd6o0lUHPQsYtKTl]","timestamp":"2026-07-06 06:28:29"}
{"level":"info","message":"Created JournalEntry with id [1SKtihFfCIyv6OIo]","timestamp":"2026-07-06 06:28:52"}
{"level":"info","message":"Created Note with id [sOmDcsuhptgNIY1h] in parent Scene [Qd6o0lUHPQsYtKTl]","timestamp":"2026-07-06 06:28:52"}
{"level":"info","message":"Created JournalEntry with id [zKHrQwsyTHZRspwm]","timestamp":"2026-07-06 06:29:11"}
{"level":"info","message":"Created Note with id [WJqrWZI8dILqNyPd] in parent Scene [Qd6o0lUHPQsYtKTl]","timestamp":"2026-07-06 06:29:11"}
{"level":"info","message":"Created JournalEntry with id [ZG9noTkuk8u1fiQJ]","timestamp":"2026-07-06 06:29:56"}
{"level":"info","message":"Created Note with id [RIYMBuRXxW71ZGdE] in parent Scene [Qd6o0lUHPQsYtKTl]","timestamp":"2026-07-06 06:29:56"}
{"level":"info","message":"Created JournalEntry with id [yNrY1p49ujVMH4wM]","timestamp":"2026-07-06 06:30:13"}
{"level":"info","message":"Created Note with id [XFX3Fy0NEuBez3mS] in parent Scene [Qd6o0lUHPQsYtKTl]","timestamp":"2026-07-06 06:30:13"}
{"level":"info","message":"Created JournalEntry with id [ZdXw6TmRxXn6xyvC]","timestamp":"2026-07-06 06:30:50"}
{"level":"info","message":"Created Note with id [iHYtUiNsAk0lqVPx] in parent Scene [Qd6o0lUHPQsYtKTl]","timestamp":"2026-07-06 06:30:50"}
{"level":"info","message":"Created JournalEntry with id [KQOfOo3wgHhDEfQc]","timestamp":"2026-07-06 06:31:18"}
{"level":"info","message":"Created Note with id [GZGXwDGuMvcjupkP] in parent Scene [Qd6o0lUHPQsYtKTl]","timestamp":"2026-07-06 06:31:18"}
{"level":"info","message":"Created JournalEntry with id [76vYQ6R5XP6Yr7wf]","timestamp":"2026-07-06 06:31:32"}
{"level":"info","message":"Created Note with id [i42Ca313RlBSIpSW] in parent Scene [Qd6o0lUHPQsYtKTl]","timestamp":"2026-07-06 06:31:32"}
{"level":"info","message":"Created JournalEntry with id [ukpYhAkQzHOqOaeR]","timestamp":"2026-07-06 06:31:42"}
{"level":"info","message":"Created Note with id [NZrXTEAbdXqHyVPF] in parent Scene [Qd6o0lUHPQsYtKTl]","timestamp":"2026-07-06 06:31:42"}
{"level":"info","message":"Created JournalEntry with id [cT5Xlp3tw0c5DHMv]","timestamp":"2026-07-06 06:31:56"}
{"level":"info","message":"Created Note with id [up1kRwmGtpm4gvXE] in parent Scene [Qd6o0lUHPQsYtKTl]","timestamp":"2026-07-06 06:31:56"}
{"level":"info","message":"Created JournalEntry with id [tdujprCETl6MlrKh]","timestamp":"2026-07-06 06:32:10"}
{"level":"info","message":"Created Note with id [16wAQFqQidMDgupC] in parent Scene [Qd6o0lUHPQsYtKTl]","timestamp":"2026-07-06 06:32:10"}
{"level":"info","message":"Created JournalEntry with id [HPu69UrJjcdEAyoA]","timestamp":"2026-07-06 06:32:31"}
{"level":"info","message":"Created Note with id [ZT0Kc1KRmSmEqPwk] in parent Scene [Qd6o0lUHPQsYtKTl]","timestamp":"2026-07-06 06:32:31"}
{"level":"info","message":"Created JournalEntry with id [snD058dqlEGgOVPc]","timestamp":"2026-07-06 06:32:45"}
{"level":"info","message":"Created Note with id [RwcbgwsQ85RwGEYy] in parent Scene [Qd6o0lUHPQsYtKTl]","timestamp":"2026-07-06 06:32:45"}
{"level":"info","message":"Created JournalEntry with id [UeI5wL5P0aqiGBIY]","timestamp":"2026-07-06 06:33:02"}
{"level":"info","message":"Created Note with id [3ZSPoVrsYVTgGqYO] in parent Scene [Qd6o0lUHPQsYtKTl]","timestamp":"2026-07-06 06:33:02"}
{"level":"info","message":"Created JournalEntry with id [xsMr5gNeMqrVasYV]","timestamp":"2026-07-06 06:33:56"}
{"level":"info","message":"Created Note with id [gZc44SSTavZZgRMv] in parent Scene [Qd6o0lUHPQsYtKTl]","timestamp":"2026-07-06 06:33:56"}
{"level":"info","message":"Created JournalEntry with id [isbocBP9zc9SdrMi]","timestamp":"2026-07-06 06:34:09"}
{"level":"info","message":"Created Note with id [pOEwv0451KWuyJlb] in parent Scene [Qd6o0lUHPQsYtKTl]","timestamp":"2026-07-06 06:34:09"}
{"level":"info","message":"Created client session b5673e53a4379bfa1d9b567d","timestamp":"2026-07-06 06:36:25"}
{"ip":"38.143.253.121","level":"info","message":"User authentication successful for user Spectator/Tester","session":"b5673e53a4379bfa1d9b567d","timestamp":"2026-07-06 06:36:30"}
{"level":"info","message":"No system update for FIST: Ultra Edition is currently available.","timestamp":"2026-07-06 06:36:31"}
{"level":"info","message":"Vended World data to User [qJ7Ro9xk36btmANg] in 341ms","timestamp":"2026-07-06 06:36:31"}
{"level":"info","message":"Created JournalEntry with id [aqLK6i4Lcloxc4EW]","timestamp":"2026-07-06 06:37:11"}
{"level":"info","message":"Created Note with id [mXVtMta7Wh78MvyW] in parent Scene [IOWKYwlXPrhEMiU6]","timestamp":"2026-07-06 06:37:11"}
