{"level":"info","message":"Created client session 04de7702734d42400a50b047","timestamp":"2026-07-17 00:39:12"}
{"level":"info","message":"Created client session a8d70e93e54b492e6a2978ae","timestamp":"2026-07-17 00:48:39"}
{"level":"info","message":"Created client session 3c8ffeea576401110df37ba7","timestamp":"2026-07-17 00:53:40"}
{"level":"info","message":"Created client session e354f7b3b555909adb03e5fc","timestamp":"2026-07-17 00:57:39"}
{"level":"info","message":"Created client session 165f572a56e1c006af797956","timestamp":"2026-07-17 00:58:35"}
{"level":"info","message":"Created client session b9d0c250d82c8e8865e81a73","timestamp":"2026-07-17 00:58:37"}
{"level":"info","message":"Created client session 41c3932952f6deb62c8e7818","timestamp":"2026-07-17 01:23:50"}
{"level":"info","message":"Created client session 656da17f0a8182793c755694","timestamp":"2026-07-17 01:31:23"}
{"level":"info","message":"Created client session 4807de2087ad7a2443cde41b","timestamp":"2026-07-17 01:33:07"}
{"level":"info","message":"Created client session 6747b51f1c08360b46da7081","timestamp":"2026-07-17 01:41:23"}
{"level":"info","message":"Created client session a744ced95afdc1ed08ec9235","timestamp":"2026-07-17 01:43:08"}
{"level":"info","message":"No system update for FIST: Ultra Edition is currently available.","timestamp":"2026-07-17 01:43:36"}
{"level":"info","message":"Vended World data to User [NtkiXgAzAG8PcZW0] in 377ms","timestamp":"2026-07-17 01:43:36"}
{"level":"info","message":"Created client session e70b3e93f51dd6b2d16c526b","timestamp":"2026-07-17 01:51:23"}
{"level":"info","message":"No system update for FIST: Ultra Edition is currently available.","timestamp":"2026-07-17 02:15:15"}
{"level":"info","message":"Vended World data to User [NtkiXgAzAG8PcZW0] in 423ms","timestamp":"2026-07-17 02:15:15"}
{"level":"info","message":"Created Item with id [JT5fXKW0dluBtHHU] in parent Actor [NSMHAkXPCAw6OvS7]","timestamp":"2026-07-17 02:15:56"}
{"level":"info","message":"Created client session 30986d50205f1b5cc5cc3810","timestamp":"2026-07-17 02:29:19"}
{"level":"info","message":"Created client session 947241b09407c59969cd8a55","timestamp":"2026-07-17 02:29:19"}
{"level":"info","message":"Created client session a7d4c58aa395db52538e67f0","timestamp":"2026-07-17 02:29:19"}
{"level":"info","message":"Created client session fc401967f43f64a4f9a4482d","timestamp":"2026-07-17 02:29:19"}
{"level":"info","message":"Created client session 90cb54cc961f19e196c938f4","timestamp":"2026-07-17 02:29:19"}
{"level":"info","message":"Created client session e6081909b006ad0359211c44","timestamp":"2026-07-17 02:29:19"}
{"level":"info","message":"Created client session 38a3746ec83265d1225d01d0","timestamp":"2026-07-17 02:51:22"}
{"level":"info","message":"Created client session 7c9270057d3052243ccae52d","timestamp":"2026-07-17 02:58:21"}
{"level":"info","message":"Created client session 325a7a2739269b41859c3eeb","timestamp":"2026-07-17 03:04:30"}
{"level":"info","message":"Created client session 1b21eecb1c03b3c56659ac43","timestamp":"2026-07-17 03:06:50"}
{"level":"info","message":"Created client session e7b4705554094c7394faaf33","timestamp":"2026-07-17 03:06:57"}
{"level":"info","message":"Created client session 78690ca49f7de8dcca86fb21","timestamp":"2026-07-17 03:06:58"}
{"level":"info","message":"Created client session e17238f98fab3e1ea9477029","timestamp":"2026-07-17 03:21:36"}
{"level":"info","message":"Created client session a7d41943a8a74a81a23441a7","timestamp":"2026-07-17 03:35:54"}
{"level":"info","message":"Created client session 7b7cb1d08656ac8d3bf5b7e4","timestamp":"2026-07-17 03:42:25"}
{"level":"info","message":"Created client session 324f56255114e2ecf00c6bec","timestamp":"2026-07-17 04:02:45"}
{"level":"info","message":"Created client session dab8e9d63c16862f9af05614","timestamp":"2026-07-17 04:19:27"}
{"level":"info","message":"Created client session 13668b4d60ba96afaaac4e57","timestamp":"2026-07-17 04:37:49"}
{"level":"info","message":"Created client session df0f4fa687134f76c32a020e","timestamp":"2026-07-17 04:47:38"}
{"level":"info","message":"Created client session 1d17a42062dcc34f2947b34b","timestamp":"2026-07-17 04:47:39"}
{"level":"info","message":"Created client session ee3c9e663b8e4fac7363fb98","timestamp":"2026-07-17 04:47:39"}
{"level":"info","message":"Created client session 98f2a740fef4caeff79b9ddd","timestamp":"2026-07-17 05:04:11"}
{"level":"info","message":"Created client session 93651d099fe59bd864da05dc","timestamp":"2026-07-17 05:04:12"}
{"level":"info","message":"Created client session be32982ed7dad14997f82183","timestamp":"2026-07-17 05:04:13"}
{"level":"info","message":"Created client session 387b053fa9772fcfc93ce0ce","timestamp":"2026-07-17 05:04:23"}
{"level":"info","message":"Created client session 8f5f505f967cbe17b8bbfc32","timestamp":"2026-07-17 05:27:58"}
{"level":"info","message":"Created client session ddbf666dce1546ee96e27e25","timestamp":"2026-07-17 05:30:41"}
{"level":"info","message":"Created client session f558e74987a2ec7ad9f5386e","timestamp":"2026-07-17 05:30:42"}
{"level":"info","message":"Created client session 562001d26ee7f894b949093d","timestamp":"2026-07-17 05:30:48"}
{"level":"info","message":"Created client session c4232e2a90524b5af1132e06","timestamp":"2026-07-17 05:39:33"}
{"level":"info","message":"Created client session 3fd2a0905fe84c731d2ae4ae","timestamp":"2026-07-17 05:39:47"}
{"ip":"38.143.253.121","level":"info","message":"User authentication successful for user Celeste","session":"3fd2a0905fe84c731d2ae4ae","timestamp":"2026-07-17 05:39:52"}
{"ip":"73.109.124.145","level":"info","message":"User authentication successful for user Celeste","session":"c4232e2a90524b5af1132e06","timestamp":"2026-07-17 05:39:53"}
{"level":"info","message":"Core software stable update 14.365 is available!","timestamp":"2026-07-17 05:39:53"}
{"level":"info","message":"No system update for FIST: Ultra Edition is currently available.","timestamp":"2026-07-17 05:39:53"}
{"level":"info","message":"Vended World data to User [NtkiXgAzAG8PcZW0] in 374ms","timestamp":"2026-07-17 05:39:53"}
{"level":"info","message":"No system update for FIST: Ultra Edition is currently available.","timestamp":"2026-07-17 05:39:55"}
{"level":"info","message":"Vended World data to User [NtkiXgAzAG8PcZW0] in 391ms","timestamp":"2026-07-17 05:39:55"}
{"level":"info","message":"Created ChatMessage with id [DWbwtBPXQaAWWwMV]","timestamp":"2026-07-17 05:40:13"}
{"level":"info","message":"duo.png saved to assets","timestamp":"2026-07-17 05:41:29"}
{"level":"info","message":"Created client session 7dda75541113e3d3a4d0b222","timestamp":"2026-07-17 06:21:05"}
{"level":"info","message":"Created client session 4050c250f3ad81bf38ff4532","timestamp":"2026-07-17 06:21:54"}
{"level":"info","message":"Created client session 71f928be5c36e97273afa2fa","timestamp":"2026-07-17 06:47:01"}
{"level":"info","message":"Created client session 2aad3021e6d817e69de4d842","timestamp":"2026-07-17 06:58:11"}
{"level":"info","message":"Created client session d8ea73a8a4fc714ab69471a0","timestamp":"2026-07-17 06:58:14"}
{"level":"info","message":"Created client session e355c61f7d8c1dbdb2c4a970","timestamp":"2026-07-17 06:58:31"}
{"level":"info","message":"Created client session a15a268d78354b72cbf41a53","timestamp":"2026-07-17 07:02:20"}
{"level":"info","message":"Created client session dfaf7b6da2190ec12057d569","timestamp":"2026-07-17 07:20:18"}
{"level":"info","message":"Created client session e9a8e9961e49460d9002073f","timestamp":"2026-07-17 07:47:08"}
{"level":"info","message":"Created client session 19137dfe2eadc187c80dd8c6","timestamp":"2026-07-17 07:47:14"}
{"level":"info","message":"Created client session 537d4130d41974cbf272bc1f","timestamp":"2026-07-17 07:49:35"}
{"level":"info","message":"Created client session c22badd8f9a9606626a3f5c9","timestamp":"2026-07-17 08:03:14"}
{"level":"info","message":"Created client session 50976d1a4e256f9059efc580","timestamp":"2026-07-17 08:09:31"}
{"level":"info","message":"Created client session 4dbcdaf78cabc1606bfe7bee","timestamp":"2026-07-17 08:14:03"}
{"level":"info","message":"Created client session 1bad576e92e2a4cab533f568","timestamp":"2026-07-17 08:50:22"}
{"level":"info","message":"Created client session fe50bc2f5bf13aa6902cac4a","timestamp":"2026-07-17 08:50:23"}
{"level":"info","message":"Created client session 53c7391d268b16ef2157ef41","timestamp":"2026-07-17 08:51:25"}
{"level":"info","message":"Created client session afea6ee5b884732ab6d3a837","timestamp":"2026-07-17 09:01:54"}
{"level":"info","message":"Created client session 107cfc53b7b0c012de00f7f5","timestamp":"2026-07-17 09:02:11"}
{"level":"info","message":"Created client session 8e2c5a8dd06388b22f55db8d","timestamp":"2026-07-17 09:02:19"}
{"level":"info","message":"Created client session bff1c2b97218d029d423d22e","timestamp":"2026-07-17 09:03:38"}
{"level":"info","message":"Created client session 86071841ce90d14bc744068a","timestamp":"2026-07-17 09:06:46"}
{"level":"info","message":"Created client session 31a04f1174bb532b51fd1840","timestamp":"2026-07-17 09:07:06"}
{"level":"info","message":"Created client session e0954d5762fe498525101f90","timestamp":"2026-07-17 09:07:59"}
{"level":"info","message":"Created client session d0c041800078fa2fbf59cfe7","timestamp":"2026-07-17 09:08:48"}
{"level":"info","message":"Created client session d43ef6bb35e7b08db2850d32","timestamp":"2026-07-17 09:09:56"}
{"level":"info","message":"Created client session 43eae8505c17de51ec00756d","timestamp":"2026-07-17 09:10:42"}
{"level":"info","message":"Created client session 9368f46136b244ee522eff39","timestamp":"2026-07-17 09:11:31"}
{"level":"info","message":"Created client session fc7525982d2d186dd4ab7436","timestamp":"2026-07-17 09:12:02"}
{"level":"info","message":"Created client session 41eb224aaa4342279631ffd4","timestamp":"2026-07-17 09:12:17"}
{"level":"info","message":"Created client session cf52bb42683ccd438c30e3e9","timestamp":"2026-07-17 09:12:56"}
{"level":"info","message":"Created client session 2cde379f6cba1a1b90b8ecec","timestamp":"2026-07-17 09:13:26"}
{"level":"info","message":"Created client session ecf34b0e779efed0683df04d","timestamp":"2026-07-17 09:13:54"}
{"level":"info","message":"Created client session 0e10b8be137507e7c9d68987","timestamp":"2026-07-17 09:14:14"}
{"level":"info","message":"Created client session 3bd83f54afdfcc224eef9416","timestamp":"2026-07-17 09:14:32"}
{"level":"info","message":"Created client session 51726bb68b72a9ffc9dcc4e1","timestamp":"2026-07-17 09:14:49"}
{"level":"info","message":"Created client session 60f4bec9fa4f86b1ae46da28","timestamp":"2026-07-17 09:35:43"}
{"level":"info","message":"Created client session e8a0c56ef9a8a5868376d656","timestamp":"2026-07-17 09:41:13"}
{"level":"info","message":"Created client session 77387d6c3eda517606e537d1","timestamp":"2026-07-17 09:41:23"}
{"level":"info","message":"Created client session 3bb7c7ae4c0f5f652bc2b291","timestamp":"2026-07-17 09:59:03"}
{"level":"info","message":"Created client session 1e53516a79f0bcc94c4ca5ce","timestamp":"2026-07-17 10:13:54"}
{"level":"info","message":"Created client session 560521840f47057560c45be1","timestamp":"2026-07-17 10:32:39"}
{"level":"info","message":"Created client session fc6e9d5df4ce0c8bccae6aa7","timestamp":"2026-07-17 10:33:25"}
{"level":"info","message":"Created client session 1797b8dac3f84ad8d14fe542","timestamp":"2026-07-17 10:33:25"}
{"level":"info","message":"Created client session 7a6fe04981bafdec6cd79efd","timestamp":"2026-07-17 10:33:55"}
{"level":"info","message":"Created client session 3c4fe2b7bd0c5677dbe19982","timestamp":"2026-07-17 10:33:55"}
{"level":"info","message":"Created client session 2e0639c9e6df300f5aa60465","timestamp":"2026-07-17 10:33:56"}
{"level":"info","message":"Created client session 7c907142d3f0ceb4f3316201","timestamp":"2026-07-17 10:33:56"}
{"level":"info","message":"Created client session 050d3fc8c13724c6ab505db0","timestamp":"2026-07-17 10:33:57"}
{"level":"info","message":"Created client session 8cb808cb0cfe6f6af17a8b5a","timestamp":"2026-07-17 10:33:57"}
{"level":"info","message":"Created client session ecb81e899dff8e8939b5af4c","timestamp":"2026-07-17 10:46:37"}
{"level":"info","message":"Created client session 9de3e60ac6d2f5dd07d26583","timestamp":"2026-07-17 10:47:04"}
{"level":"info","message":"Created client session 5b87dd9269fd735196f0383a","timestamp":"2026-07-17 11:11:48"}
{"level":"info","message":"Created client session 12b167961f7997f83b77bef0","timestamp":"2026-07-17 11:11:48"}
{"level":"info","message":"Created client session 610ba2549dc411205261be8d","timestamp":"2026-07-17 11:12:23"}
{"level":"info","message":"Created client session cfad07c26359cfea97f5b3ad","timestamp":"2026-07-17 11:14:10"}
{"level":"info","message":"Created client session 47a1d901ff1723a0c058e646","timestamp":"2026-07-17 11:19:06"}
{"level":"info","message":"Created client session c4ba8c3f922e047849ef7365","timestamp":"2026-07-17 11:19:57"}
{"level":"info","message":"Created client session 82c03ebc47f425d6a20d1ba9","timestamp":"2026-07-17 11:19:58"}
{"level":"info","message":"Created client session 14926c82720eeb2307cc6f73","timestamp":"2026-07-17 11:20:28"}
{"level":"info","message":"Created client session 91f44650e0877879da1a2e6a","timestamp":"2026-07-17 11:20:28"}
{"level":"info","message":"Created client session 73046a795153671b3592d17f","timestamp":"2026-07-17 11:20:28"}
{"level":"info","message":"Created client session 89b94c4a93349b18e878531e","timestamp":"2026-07-17 11:20:29"}
{"level":"info","message":"Created client session e9bf0cb4355121c365dabab4","timestamp":"2026-07-17 11:20:29"}
{"level":"info","message":"Created client session d4e87b28cafbad79b9ae4307","timestamp":"2026-07-17 11:20:30"}
{"level":"info","message":"Created client session 4066f30af2d94b76b207a3b9","timestamp":"2026-07-17 11:22:13"}
{"level":"info","message":"Created client session 7c0408db6c02e7dcc02d4209","timestamp":"2026-07-17 11:22:14"}
{"level":"info","message":"Created client session dd90304c117a46fd3b4bd4ba","timestamp":"2026-07-17 11:28:16"}
{"level":"info","message":"Created client session 8654aaed0e3c16cceb75edc2","timestamp":"2026-07-17 11:44:01"}
{"level":"info","message":"Created client session bfd589381eb314ac88b6a90e","timestamp":"2026-07-17 11:45:00"}
{"level":"info","message":"Created client session 692fb03ab99722d33ecb472b","timestamp":"2026-07-17 11:45:09"}
{"level":"info","message":"Created client session 5ce3fed11fc25560d7645ec1","timestamp":"2026-07-17 11:45:31"}
{"level":"info","message":"Created client session aaf8256e070c67ef85015637","timestamp":"2026-07-17 11:51:17"}
{"level":"info","message":"Created client session 99803d2eaa7a4b7ff505b622","timestamp":"2026-07-17 12:14:43"}
{"level":"info","message":"Created client session bcd448818bbcbdb7957f40b1","timestamp":"2026-07-17 13:00:23"}
{"level":"info","message":"Created client session a7d26143f58ac1b423b21ae1","timestamp":"2026-07-17 13:04:48"}
{"level":"info","message":"Created client session 079729e7e40ba50a9344394b","timestamp":"2026-07-17 13:15:36"}
{"level":"info","message":"Created client session a6699280a15d9d266e693f96","timestamp":"2026-07-17 13:15:47"}
{"level":"info","message":"Created client session ee2adc51560f999b6a8ef31a","timestamp":"2026-07-17 13:52:36"}
{"level":"info","message":"Created client session 76c1a3dd17342e369262dc4b","timestamp":"2026-07-17 14:31:44"}
{"level":"info","message":"Created client session 94411361ab58c0715ac3bb80","timestamp":"2026-07-17 14:54:33"}
{"level":"info","message":"Created client session a463abb8f1e84aa87be81385","timestamp":"2026-07-17 14:54:51"}
{"level":"info","message":"Created client session 400bd20e39d92a787fd1c2de","timestamp":"2026-07-17 15:11:05"}
{"level":"info","message":"Created client session e2bc0954bab0a2eb808a5779","timestamp":"2026-07-17 17:02:08"}
{"level":"info","message":"Created client session c36d7582176e0d7eb4c809e1","timestamp":"2026-07-17 17:13:38"}
{"level":"info","message":"Created client session 6c8b0beb70c229ca24690426","timestamp":"2026-07-17 17:17:12"}
{"level":"info","message":"Created client session df25503dfaa4da53121dacce","timestamp":"2026-07-17 17:23:26"}
{"level":"info","message":"Created client session 52484bd8a92d8c36ec8fc75f","timestamp":"2026-07-17 17:23:35"}
{"level":"info","message":"Created client session e0a23a1c4f50ca6e6c041ba6","timestamp":"2026-07-17 17:27:00"}
{"level":"info","message":"Created client session 349c91a98666d7cfefb278a0","timestamp":"2026-07-17 17:27:00"}
{"level":"info","message":"Created client session f8459be36698e9bcff12e053","timestamp":"2026-07-17 17:27:03"}
{"level":"info","message":"Created client session 08c4bd0ef14197c340032ee4","timestamp":"2026-07-17 17:27:12"}
{"level":"info","message":"Created client session af70f090dd87e53593a9f935","timestamp":"2026-07-17 17:27:31"}
{"level":"info","message":"Created client session f0d3eae4a6067333b2ca591a","timestamp":"2026-07-17 17:30:58"}
{"level":"info","message":"Created client session 6a65261b74f3c3dea30db333","timestamp":"2026-07-17 18:17:19"}
{"level":"info","message":"Created client session b2a5b170d88341642d86f4e6","timestamp":"2026-07-17 18:58:20"}
{"level":"info","message":"Created client session 680f3a26f09294239d956532","timestamp":"2026-07-17 18:58:23"}
{"level":"info","message":"Logged user NtkiXgAzAG8PcZW0 out of active World","timestamp":"2026-07-17 19:43:22"}
{"ip":"38.143.253.121","level":"info","message":"User authentication successful for user Gamemaster","session":"3fd2a0905fe84c731d2ae4ae","timestamp":"2026-07-17 19:43:31"}
{"level":"info","message":"No system update for FIST: Ultra Edition is currently available.","timestamp":"2026-07-17 19:43:32"}
{"level":"info","message":"Vended World data to User [xmljeyMGZBPkULO7] in 391ms","timestamp":"2026-07-17 19:43:32"}
{"level":"info","message":"Created Playlist with id [UJdgMqPQXDa02vHx]","timestamp":"2026-07-17 19:44:00"}
{"level":"info","message":"Created client session be89c2314ea878ce3965ac0d","timestamp":"2026-07-17 19:44:04"}
{"level":"info","message":"Created PlaylistSound with id [ZpF5pOKaEiQM2c5q] in parent Playlist [UJdgMqPQXDa02vHx]","timestamp":"2026-07-17 19:55:41"}
{"level":"info","message":"Created client session 50c909f647998526478d12e7","timestamp":"2026-07-17 20:04:08"}
{"level":"info","message":"Created client session ff0a567ad91697199ac74d29","timestamp":"2026-07-17 20:08:58"}
{"level":"info","message":"Created PlaylistSound with id [CAELULIu0jcEhUgd] in parent Playlist [UJdgMqPQXDa02vHx]","timestamp":"2026-07-17 20:21:54"}
{"level":"info","message":"Created PlaylistSound with id [ydtK5JWJWZBo7GrE] in parent Playlist [UJdgMqPQXDa02vHx]","timestamp":"2026-07-17 20:31:05"}
{"level":"info","message":"Created Folder with id [bw82xkujgz9FS25d]","timestamp":"2026-07-17 20:34:13"}
{"level":"info","message":"Deleting Folder [bw82xkujgz9FS25d] also deletes:","timestamp":"2026-07-17 20:34:20"}
{"level":"info","message":"Deleted Folder with id [bw82xkujgz9FS25d]","timestamp":"2026-07-17 20:34:20"}
{"level":"info","message":"Created Playlist with id [f3pEFWVY511CIk3D]","timestamp":"2026-07-17 20:34:29"}
{"level":"info","message":"Created client session 81577f42178a47a82fd75ff1","timestamp":"2026-07-17 20:35:22"}
{"level":"info","message":"Created client session 722fb2bc5590efc7b8d5e959","timestamp":"2026-07-17 21:08:38"}
{"level":"info","message":"Created client session 25d1c31c03822c6d9d274a82","timestamp":"2026-07-17 21:16:01"}
{"level":"info","message":"Created client session bc0d75fc8e3ad49bc793eca8","timestamp":"2026-07-17 21:17:08"}
{"level":"info","message":"Created client session 570e6af3b4e9d4b231c6940e","timestamp":"2026-07-17 21:46:09"}
{"level":"info","message":"Created client session 2a5392a493088e53ed821607","timestamp":"2026-07-17 22:27:25"}
{"level":"info","message":"Created client session 546cabc05b15248d277ce60c","timestamp":"2026-07-17 22:27:25"}
{"level":"info","message":"Created PlaylistSound with id [yDU43YAkb59yJkdl] in parent Playlist [UJdgMqPQXDa02vHx]","timestamp":"2026-07-17 22:32:55"}
{"level":"info","message":"Created PlaylistSound with id [A10VvkuQPuj8Z3aE] in parent Playlist [UJdgMqPQXDa02vHx]","timestamp":"2026-07-17 22:34:27"}
{"level":"info","message":"Created client session d4ce001d16ba15ffb15656e7","timestamp":"2026-07-17 22:49:03"}
{"level":"info","message":"Created client session e170f0273e2582e50c9c5fdf","timestamp":"2026-07-17 23:06:00"}
{"level":"info","message":"Created client session db621397d356f915c9a20ccc","timestamp":"2026-07-17 23:15:06"}
{"level":"info","message":"Created PlaylistSound with id [C3iWLrMvBllEiBTr] in parent Playlist [f3pEFWVY511CIk3D]","timestamp":"2026-07-17 23:49:57"}
{"level":"info","message":"Created PlaylistSound with id [yztZuSK0DQBctKri] in parent Playlist [f3pEFWVY511CIk3D]","timestamp":"2026-07-17 23:50:20"}
{"level":"info","message":"Created PlaylistSound with id [tU5sgK0Nc8BAXbPj] in parent Playlist [f3pEFWVY511CIk3D]","timestamp":"2026-07-17 23:51:32"}
{"level":"info","message":"Created PlaylistSound with id [Qo4p6qoVmOfIPQ5X] in parent Playlist [f3pEFWVY511CIk3D]","timestamp":"2026-07-17 23:51:43"}
{"level":"info","message":"Created PlaylistSound with id [B6l8heLezXN0KY6R] in parent Playlist [f3pEFWVY511CIk3D]","timestamp":"2026-07-17 23:51:52"}
{"level":"info","message":"Created PlaylistSound with id [v1O0pficPvjjtv19] in parent Playlist [f3pEFWVY511CIk3D]","timestamp":"2026-07-17 23:52:01"}
{"level":"info","message":"Created PlaylistSound with id [tvnvcRQQj2bHxUQh] in parent Playlist [f3pEFWVY511CIk3D]","timestamp":"2026-07-17 23:52:11"}
{"level":"info","message":"Created PlaylistSound with id [tqsTWo0pkkb43VBh] in parent Playlist [f3pEFWVY511CIk3D]","timestamp":"2026-07-17 23:52:20"}
{"level":"info","message":"Created PlaylistSound with id [INDMPafZLBn5bIWo] in parent Playlist [f3pEFWVY511CIk3D]","timestamp":"2026-07-17 23:52:29"}
{"level":"info","message":"Created PlaylistSound with id [odCERJc8ujtukAWE] in parent Playlist [f3pEFWVY511CIk3D]","timestamp":"2026-07-17 23:52:37"}
