{"level":"info","message":"Created client session 361dbe0e91088250af980c2a","timestamp":"2026-07-09 00:05:35"}
{"level":"info","message":"Created client session ee73b992029a2dd2dd2edd0e","timestamp":"2026-07-09 00:24:12"}
{"level":"info","message":"Created client session cf4e8838c4cbb291780f78cd","timestamp":"2026-07-09 00:25:02"}
{"level":"info","message":"Created client session 13148415e4eef76d2f6063b4","timestamp":"2026-07-09 00:27:06"}
{"level":"info","message":"Created client session f3d7067bd43f76348f0a7570","timestamp":"2026-07-09 00:30:21"}
{"level":"info","message":"Created client session 768bacdcb45c77f52bbb8526","timestamp":"2026-07-09 00:31:00"}
{"level":"info","message":"Created client session ec01c2cb7f0a89eb6e90af62","timestamp":"2026-07-09 00:31:42"}
{"level":"info","message":"Created client session 331dc809068460b2c26ebbe6","timestamp":"2026-07-09 00:32:37"}
{"level":"info","message":"Created client session 6c651c0227442a99b9c473f4","timestamp":"2026-07-09 00:34:38"}
{"level":"info","message":"Created client session 3ed56a76eb09cbe9ba5d7943","timestamp":"2026-07-09 00:35:05"}
{"level":"info","message":"Created client session 4b48bfa6ece0b5c9f7b7deb6","timestamp":"2026-07-09 00:36:20"}
{"level":"info","message":"Created client session 632aba2c51dc69d5cb8b3616","timestamp":"2026-07-09 00:36:44"}
{"level":"info","message":"Created client session 7a4200f2b72d9bc7c597f8b5","timestamp":"2026-07-09 00:37:54"}
{"level":"info","message":"Created client session 8bbfd268cbf0b225107d2b28","timestamp":"2026-07-09 00:38:40"}
{"level":"info","message":"Created client session 55bd35a7d1a98d90d2f20c96","timestamp":"2026-07-09 00:38:51"}
{"level":"info","message":"Created client session 2d3d2fcc9f0600da47b61bc5","timestamp":"2026-07-09 00:39:10"}
{"level":"info","message":"Created client session c3f52a10c18db81fb0e18860","timestamp":"2026-07-09 00:39:32"}
{"level":"info","message":"Created client session bf6c2c53cc285d26bc144442","timestamp":"2026-07-09 00:39:50"}
{"level":"info","message":"Created client session c3a8bb4994d8d59be8b3bf38","timestamp":"2026-07-09 00:45:25"}
{"level":"info","message":"Created client session 2a2ae42f1f32ba6b102751ae","timestamp":"2026-07-09 00:48:32"}
{"level":"info","message":"Created client session cf27d704b15881169a48bc3b","timestamp":"2026-07-09 01:04:23"}
{"level":"info","message":"Created client session 33544217b0bdd5cc8f57b3f1","timestamp":"2026-07-09 01:04:23"}
{"level":"info","message":"Created client session 5aeffcc876aa84917f911a42","timestamp":"2026-07-09 01:04:23"}
{"level":"info","message":"Created client session 8ed9066c9da4c26e128ff7de","timestamp":"2026-07-09 01:04:24"}
{"level":"info","message":"Created client session d2879cee9d34c791fdf4be5d","timestamp":"2026-07-09 01:04:24"}
{"level":"info","message":"Created client session 49eecceb48107d6fa0983e32","timestamp":"2026-07-09 01:04:25"}
{"level":"info","message":"Created client session 624e7e443f3ab5a56334cdd4","timestamp":"2026-07-09 01:04:25"}
{"level":"info","message":"Created client session b7f7c12dc83e7b3678b2ee84","timestamp":"2026-07-09 01:04:25"}
{"level":"info","message":"Created client session 578aa1de8d2f8599ca706354","timestamp":"2026-07-09 01:04:25"}
{"level":"info","message":"Created client session 7dfbd4e0233567eda4aed1db","timestamp":"2026-07-09 01:04:25"}
{"level":"info","message":"Created client session 3f1eb9f7cc5d36e147363e40","timestamp":"2026-07-09 01:04:25"}
{"level":"info","message":"Created client session e40c8e50657fb83cd3c82115","timestamp":"2026-07-09 01:23:35"}
{"level":"info","message":"Created client session b62c0c9c494419cc35419373","timestamp":"2026-07-09 01:23:40"}
{"level":"info","message":"Created client session 685ea833c08c4e0106327141","timestamp":"2026-07-09 01:23:41"}
{"level":"info","message":"Created client session 476be3dbe29a479cb418122d","timestamp":"2026-07-09 01:58:06"}
{"level":"info","message":"Created client session f2f4e7bbf89ec231b8cf8451","timestamp":"2026-07-09 01:58:26"}
{"level":"info","message":"Created client session 004c56a697c34cf9c95a920f","timestamp":"2026-07-09 02:06:32"}
{"level":"info","message":"Created client session 12edc14d92be0bdb600c5f54","timestamp":"2026-07-09 02:45:20"}
{"level":"info","message":"Created client session 60b48751e7059b545045b4ed","timestamp":"2026-07-09 02:57:17"}
{"level":"info","message":"Created client session 76afe3d0ef10e03a7a8539ce","timestamp":"2026-07-09 02:58:59"}
{"level":"info","message":"Created client session dba8e0131385da5754a95cd5","timestamp":"2026-07-09 03:01:57"}
{"level":"info","message":"Created client session d5560b8372a37a6474903c65","timestamp":"2026-07-09 03:04:06"}
{"level":"info","message":"Created client session db46c9b7db705167bedbb284","timestamp":"2026-07-09 03:05:18"}
{"level":"info","message":"Created client session 8cfa4e30c407be408f5d5d2f","timestamp":"2026-07-09 03:12:57"}
{"level":"info","message":"Created client session 3a5f1af94dbeab3566cf1c59","timestamp":"2026-07-09 03:26:16"}
{"level":"info","message":"Created client session 0476cfca75400ed9e6a0cbe0","timestamp":"2026-07-09 03:26:16"}
{"level":"info","message":"Created client session 14fea30c852bcea6ce61cfe3","timestamp":"2026-07-09 03:28:07"}
{"level":"info","message":"Created client session f3171e1f871787640dfd234d","timestamp":"2026-07-09 03:28:07"}
{"level":"info","message":"Created client session 0ef8667d31aec11ea35dc7c6","timestamp":"2026-07-09 03:28:07"}
{"level":"info","message":"Created client session f2d76f25c56f482b1eed9c7d","timestamp":"2026-07-09 03:28:07"}
{"level":"info","message":"Created client session 39a39832eefb2e3d088aed90","timestamp":"2026-07-09 03:28:07"}
{"level":"info","message":"Created client session e7560d58f6a23bed8ebc6d2e","timestamp":"2026-07-09 03:28:07"}
{"level":"info","message":"Created client session 5cf9cfffbab895b79e80ef1f","timestamp":"2026-07-09 03:28:07"}
{"level":"info","message":"Created client session b1b729c7d5a4d16706f62a4d","timestamp":"2026-07-09 03:28:07"}
{"level":"info","message":"Created client session 4b9c9b56db68f7607bc684cd","timestamp":"2026-07-09 03:28:07"}
{"level":"info","message":"Created client session 377413adf633bd1efc710803","timestamp":"2026-07-09 03:28:07"}
{"level":"info","message":"Created client session 3e9b8e52a1db12b3a8495267","timestamp":"2026-07-09 03:28:07"}
{"level":"info","message":"Created client session 3215c10807744d1ab941d687","timestamp":"2026-07-09 03:28:07"}
{"level":"info","message":"Created client session fd52ce49785ad032844ec37d","timestamp":"2026-07-09 03:28:07"}
{"level":"info","message":"Created client session 6946db22a0a10282a775f154","timestamp":"2026-07-09 03:28:07"}
{"level":"info","message":"Created client session db88e5a86d0385db40d7e8c2","timestamp":"2026-07-09 03:28:08"}
{"level":"info","message":"Created client session 712d6034aa6c0984d1ad5544","timestamp":"2026-07-09 03:28:08"}
{"level":"info","message":"Created client session c54935292205135c2a8cf0f0","timestamp":"2026-07-09 03:28:08"}
{"level":"info","message":"Created client session f9bec323044bcf6aae43625b","timestamp":"2026-07-09 03:28:08"}
{"level":"info","message":"Created client session 7609067c71ea54dc4ad86289","timestamp":"2026-07-09 03:28:08"}
{"level":"info","message":"Created client session e60c751733f2ed5b6e911f5f","timestamp":"2026-07-09 03:28:08"}
{"level":"info","message":"Created client session 89f5103b71da63db9de6e1ce","timestamp":"2026-07-09 03:28:08"}
{"level":"info","message":"Created client session 107a75bcca1207f3d64321be","timestamp":"2026-07-09 03:28:08"}
{"level":"info","message":"Created client session 7529d86e2f31d1cb0968a128","timestamp":"2026-07-09 03:28:08"}
{"level":"info","message":"Created client session e4f562c424b811745ce93a3e","timestamp":"2026-07-09 03:28:08"}
{"level":"info","message":"Created client session 9adf08f7c29e5245edd69624","timestamp":"2026-07-09 03:28:08"}
{"level":"info","message":"Created client session c8978fecde395b05724875d8","timestamp":"2026-07-09 03:28:08"}
{"level":"info","message":"Created client session b90c5a9012fb57ebb7d05b44","timestamp":"2026-07-09 03:28:08"}
{"level":"info","message":"Created client session 36f638a89d7b2cd1582c7fc4","timestamp":"2026-07-09 03:28:08"}
{"level":"info","message":"Created client session fe6e59cc2750de11e61eb706","timestamp":"2026-07-09 03:28:08"}
{"level":"info","message":"Created client session 87d3d31b528121de8c72b911","timestamp":"2026-07-09 03:28:08"}
{"level":"info","message":"Created client session 631818cad76845da846364ab","timestamp":"2026-07-09 03:28:08"}
{"level":"info","message":"Created client session 59a235bb84f9a4e37e4e298b","timestamp":"2026-07-09 03:28:08"}
{"level":"info","message":"Created client session e6661028bacf51aa2c2b1437","timestamp":"2026-07-09 03:28:08"}
{"level":"info","message":"Created client session 7d1a43d694194707213bf7f1","timestamp":"2026-07-09 03:28:08"}
{"level":"info","message":"Created client session 5349481aff3ce155ccb25a22","timestamp":"2026-07-09 03:28:08"}
{"level":"info","message":"Created client session acecdc7649bf86e7304bcad8","timestamp":"2026-07-09 03:28:08"}
{"level":"info","message":"Created client session 0d15798827a228cae75146ca","timestamp":"2026-07-09 03:28:09"}
{"level":"info","message":"Created client session 2c264ddd1db2f916b85acad5","timestamp":"2026-07-09 03:28:09"}
{"level":"info","message":"Created client session 90e9bec1e068efd990b80980","timestamp":"2026-07-09 03:28:09"}
{"level":"info","message":"Created client session 2d6d529829aea5ad508f4ff1","timestamp":"2026-07-09 03:28:09"}
{"level":"info","message":"Created client session a079dbf739da54b727d0c449","timestamp":"2026-07-09 03:28:09"}
{"level":"info","message":"Created client session aef6a323395dfc6d7a787ecb","timestamp":"2026-07-09 03:28:09"}
{"level":"info","message":"Created client session 9d8c5a1de8787bd516d8655b","timestamp":"2026-07-09 03:28:09"}
{"level":"info","message":"Created client session 35f2eb8cc6c6471225ef5093","timestamp":"2026-07-09 03:28:09"}
{"level":"info","message":"Created client session 8fea1ab45ea93aef8d2089ea","timestamp":"2026-07-09 03:28:09"}
{"level":"info","message":"Created client session 0e85ee5952c01d821e61e4c5","timestamp":"2026-07-09 03:28:09"}
{"level":"info","message":"Created client session 0299f63844986121e1179511","timestamp":"2026-07-09 03:28:09"}
{"level":"info","message":"Created client session fe3f781a6195b05de198d752","timestamp":"2026-07-09 03:28:09"}
{"level":"info","message":"Created client session 709254592cbeae00877ea82a","timestamp":"2026-07-09 03:28:09"}
{"level":"info","message":"Created client session d12c1c0b2af2d556869c3d1f","timestamp":"2026-07-09 03:28:09"}
{"level":"info","message":"Created client session 0695bca2f0a5c58a8aa42523","timestamp":"2026-07-09 03:28:09"}
{"level":"info","message":"Created client session b6cdf3c51d0e651079288ddb","timestamp":"2026-07-09 03:28:09"}
{"level":"info","message":"Created client session bb811a79996ab315a7fddbfb","timestamp":"2026-07-09 03:28:09"}
{"level":"info","message":"Created client session 142a89d983c5cc5f92ac327f","timestamp":"2026-07-09 03:28:09"}
{"level":"info","message":"Created client session fd1faaa3570b31d267b6ab95","timestamp":"2026-07-09 03:28:09"}
{"level":"info","message":"Created client session f50a15bba7705a670964390d","timestamp":"2026-07-09 03:28:09"}
{"level":"info","message":"Created client session 2a003a36d22d9daaa5be1063","timestamp":"2026-07-09 03:28:09"}
{"level":"info","message":"Created client session 53a490da4bc1a479773dcbcd","timestamp":"2026-07-09 03:28:09"}
{"level":"info","message":"Created client session 58a289ee6367437ebabbb4f0","timestamp":"2026-07-09 03:28:09"}
{"level":"info","message":"Created client session eb7cb4e9e017e1aa4515b76d","timestamp":"2026-07-09 03:28:09"}
{"level":"info","message":"Created client session 60ff1a47df3c6a3f8935572d","timestamp":"2026-07-09 03:28:09"}
{"level":"info","message":"Created client session 31b00c90ab624050c3dc3b06","timestamp":"2026-07-09 03:28:09"}
{"level":"info","message":"Created client session 573e73f0f3a5dbc2f1323503","timestamp":"2026-07-09 03:28:10"}
{"level":"info","message":"Created client session c26bde752c9f748bd53b5402","timestamp":"2026-07-09 03:28:10"}
{"level":"info","message":"Created client session 1b9ff4251ce92fa3d2ae1464","timestamp":"2026-07-09 03:28:10"}
{"level":"info","message":"Created client session 1fdd43f7c00b11d78c6252a4","timestamp":"2026-07-09 03:28:10"}
{"level":"info","message":"Created client session 2d77b528e054ead2644b3953","timestamp":"2026-07-09 03:28:10"}
{"level":"info","message":"Created client session dc8a5a9568e13a5e34d72e41","timestamp":"2026-07-09 03:28:10"}
{"level":"info","message":"Created client session c8f5c916b333429c3d5a8467","timestamp":"2026-07-09 03:28:10"}
{"level":"info","message":"Created client session c32b02829eb5c249d4b1d70e","timestamp":"2026-07-09 03:28:10"}
{"level":"info","message":"Created client session a8dc42a892a6036ad14d9e92","timestamp":"2026-07-09 03:28:10"}
{"level":"info","message":"Created client session ee1da668869087eff92b0b71","timestamp":"2026-07-09 03:28:10"}
{"level":"info","message":"Created client session e8ae5f155e6490445ded92ab","timestamp":"2026-07-09 03:28:10"}
{"level":"info","message":"Created client session e8eb8d88e1d91b429e96a8bf","timestamp":"2026-07-09 03:28:10"}
{"level":"info","message":"Created client session 54dc6e29582848f636399d34","timestamp":"2026-07-09 03:28:10"}
{"level":"info","message":"Created client session 99545b5d0d971e0565d37f75","timestamp":"2026-07-09 03:28:10"}
{"level":"info","message":"Created client session 1c87873c4e45c86f5909ea53","timestamp":"2026-07-09 03:28:10"}
{"level":"info","message":"Created client session 598dfd24b8c0071d9a50e3e6","timestamp":"2026-07-09 03:28:10"}
{"level":"info","message":"Created client session 4a065de4f0d106643ed7b4a2","timestamp":"2026-07-09 03:28:10"}
{"level":"info","message":"Created client session dbf3b532a16a080793b3bb28","timestamp":"2026-07-09 03:28:10"}
{"level":"info","message":"Created client session 7b3a28cbb2bc4dc808c4adb5","timestamp":"2026-07-09 03:28:10"}
{"level":"info","message":"Created client session a0e5fedb03ae0200f0504149","timestamp":"2026-07-09 03:28:10"}
{"level":"info","message":"Created client session 8f566e4c47d641a8aaf623e9","timestamp":"2026-07-09 03:28:10"}
{"level":"info","message":"Created client session b6338d0f35151f6567e47832","timestamp":"2026-07-09 03:28:10"}
{"level":"info","message":"Created client session 9d00fe144bf12be515fc268e","timestamp":"2026-07-09 03:28:10"}
{"level":"info","message":"Created client session 372c3c7a3d568670d071df1f","timestamp":"2026-07-09 03:28:10"}
{"level":"info","message":"Created client session a165ff8ae9e3200adbc9ddc1","timestamp":"2026-07-09 03:28:10"}
{"level":"info","message":"Created client session 3263817ed9b9568145983aa8","timestamp":"2026-07-09 03:28:11"}
{"level":"info","message":"Created client session 7a453d52d7faa88e89046cb9","timestamp":"2026-07-09 03:28:11"}
{"level":"info","message":"Created client session da8613480a884447d44112ba","timestamp":"2026-07-09 03:28:11"}
{"level":"info","message":"Created client session 44b862559dcf92eb49ed968d","timestamp":"2026-07-09 03:28:11"}
{"level":"info","message":"Created client session 366bf24da9c5da3b98efbb93","timestamp":"2026-07-09 03:28:11"}
{"level":"info","message":"Created client session e7c0e9c5da41b5ec0a2906c1","timestamp":"2026-07-09 03:28:11"}
{"level":"info","message":"Created client session 1c6a5425191a7ae47c81bdf8","timestamp":"2026-07-09 03:28:11"}
{"level":"info","message":"Created client session 55c9ba57b363c54f9af443ae","timestamp":"2026-07-09 03:28:11"}
{"level":"info","message":"Created client session 8743fafc342db49020839ef3","timestamp":"2026-07-09 03:28:11"}
{"level":"info","message":"Created client session 4ee943fd7123bfc7bff818fc","timestamp":"2026-07-09 03:28:11"}
{"level":"info","message":"Created client session 4dc0a359284a99728343102f","timestamp":"2026-07-09 03:28:11"}
{"level":"info","message":"Created client session 8a25c9bd2fedf7270fe090ec","timestamp":"2026-07-09 03:28:11"}
{"level":"info","message":"Created client session c55f3bea5a92521053265b68","timestamp":"2026-07-09 03:28:11"}
{"level":"info","message":"Created client session bc56f40bc2942dcae2ae08bb","timestamp":"2026-07-09 03:28:11"}
{"level":"info","message":"Created client session ed5681b51bd0078edb82a660","timestamp":"2026-07-09 03:28:11"}
{"level":"info","message":"Created client session e977a6c32aecac3ea185b1c0","timestamp":"2026-07-09 03:28:11"}
{"level":"info","message":"Created client session 11ce1afcbc10c0583bcff10d","timestamp":"2026-07-09 03:28:11"}
{"level":"info","message":"Created client session e6c9a018a1d9a2d6bd235f40","timestamp":"2026-07-09 03:28:11"}
{"level":"info","message":"Created client session 418d649fda6080bfc7bae929","timestamp":"2026-07-09 03:28:11"}
{"level":"info","message":"Created client session b24ba65c4949efdb2475a698","timestamp":"2026-07-09 03:28:11"}
{"level":"info","message":"Created client session 42e1160c1972bac2de7b333b","timestamp":"2026-07-09 03:28:11"}
{"level":"info","message":"Created client session 50e7a5717ec739d134d874fd","timestamp":"2026-07-09 03:28:11"}
{"level":"info","message":"Created client session abd193ac10c46dd708801516","timestamp":"2026-07-09 03:28:11"}
{"level":"info","message":"Created client session 51de23ebb122946aab89d977","timestamp":"2026-07-09 03:28:11"}
{"level":"info","message":"Created client session f2210d2d897b37aff32992d0","timestamp":"2026-07-09 03:28:11"}
{"level":"info","message":"Created client session 3a6c9f4d201e7f3a4de8a2d3","timestamp":"2026-07-09 03:28:11"}
{"level":"info","message":"Created client session 5b8fc11bc2e6c550dc7747a6","timestamp":"2026-07-09 03:28:11"}
{"level":"info","message":"Created client session e73aa80567f0b376d259f135","timestamp":"2026-07-09 03:28:11"}
{"level":"info","message":"Created client session b9a369a25a0dbd44f57df951","timestamp":"2026-07-09 03:28:12"}
{"level":"info","message":"Created client session 29e588efbeb042cd21316182","timestamp":"2026-07-09 03:28:12"}
{"level":"info","message":"Created client session b691a75d51f680a9d40131be","timestamp":"2026-07-09 03:28:12"}
{"level":"info","message":"Created client session b21aa4e057ff5335107aac4a","timestamp":"2026-07-09 03:28:12"}
{"level":"info","message":"Created client session cefd18ddc16e00638be62a4c","timestamp":"2026-07-09 03:28:12"}
{"level":"info","message":"Created client session cc08c25ad2381bca256099dc","timestamp":"2026-07-09 03:28:12"}
{"level":"info","message":"Created client session 3d3350f334261f5b8d8c79d6","timestamp":"2026-07-09 03:28:12"}
{"level":"info","message":"Created client session cb620140b0134b92ca250a80","timestamp":"2026-07-09 03:28:12"}
{"level":"info","message":"Created client session 693f3b18cb38259006012a3b","timestamp":"2026-07-09 03:28:12"}
{"level":"info","message":"Created client session 93a0e5aadfce46ea8f494a7d","timestamp":"2026-07-09 03:28:12"}
{"level":"info","message":"Created client session 81155bcc13588d313e612452","timestamp":"2026-07-09 03:28:12"}
{"level":"info","message":"Created client session 59bdbef93622eb8ce0a73d95","timestamp":"2026-07-09 03:28:12"}
{"level":"info","message":"Created client session b862387a39cd539abeba0dbd","timestamp":"2026-07-09 03:28:12"}
{"level":"info","message":"Created client session eb088691a8a577b3eb3030ab","timestamp":"2026-07-09 03:28:12"}
{"level":"info","message":"Created client session d40bfc83c8a77c3cc5af292d","timestamp":"2026-07-09 03:28:12"}
{"level":"info","message":"Created client session a982ee34278546ce45d3243c","timestamp":"2026-07-09 03:28:12"}
{"level":"info","message":"Created client session c61fb301aafe0ca1bdb4dc8e","timestamp":"2026-07-09 03:28:12"}
{"level":"info","message":"Created client session ff9b359e283a559df077965d","timestamp":"2026-07-09 03:28:12"}
{"level":"info","message":"Created client session 02d2628faff92cda53a3a2d9","timestamp":"2026-07-09 03:28:12"}
{"level":"info","message":"Created client session 4cecec62d383031570cc4c60","timestamp":"2026-07-09 03:28:12"}
{"level":"info","message":"Created client session 82a3417103b0f46aa7b2e2bf","timestamp":"2026-07-09 03:28:12"}
{"level":"info","message":"Created client session 7e46af8584ce03ea18654238","timestamp":"2026-07-09 03:28:12"}
{"level":"info","message":"Created client session 781e330392411ef5e3a70ca7","timestamp":"2026-07-09 03:28:12"}
{"level":"info","message":"Created client session b48a743fe9b8a8a0c614bb29","timestamp":"2026-07-09 03:28:12"}
{"level":"info","message":"Created client session afdd4746ccf4db00c2879da5","timestamp":"2026-07-09 03:28:12"}
{"level":"info","message":"Created client session 32f7c674ee3fdcc185767826","timestamp":"2026-07-09 03:28:13"}
{"level":"info","message":"Created client session 41ea0f43accfc949424241ab","timestamp":"2026-07-09 03:28:13"}
{"level":"info","message":"Created client session 4cdb2824dd5c80b59579fb94","timestamp":"2026-07-09 03:28:13"}
{"level":"info","message":"Created client session fc0163c5e9fb3f6888b8eddb","timestamp":"2026-07-09 03:28:13"}
{"level":"info","message":"Created client session 32951516dcaa8a0c6c911eb5","timestamp":"2026-07-09 03:28:13"}
{"level":"info","message":"Created client session 7928bdaa5bdc936a2dd99921","timestamp":"2026-07-09 03:28:13"}
{"level":"info","message":"Created client session 700154c60547efa1f756d5ca","timestamp":"2026-07-09 03:28:13"}
{"level":"info","message":"Created client session f69387584bb83de9a064bf8e","timestamp":"2026-07-09 03:28:13"}
{"level":"info","message":"Created client session 6e00f68129383d8cbc93273d","timestamp":"2026-07-09 03:28:13"}
{"level":"info","message":"Created client session c43c61dcf358f03a45c08f0e","timestamp":"2026-07-09 03:28:13"}
{"level":"info","message":"Created client session 67af6430fb36b9a2c444d4c9","timestamp":"2026-07-09 03:28:13"}
{"level":"info","message":"Created client session 230889674cd8910f05e5942e","timestamp":"2026-07-09 03:28:13"}
{"level":"info","message":"Created client session b27418351c54e9dfc7c886fd","timestamp":"2026-07-09 03:28:13"}
{"level":"info","message":"Created client session 405969e0140dc972fca50c7d","timestamp":"2026-07-09 03:28:13"}
{"level":"info","message":"Created client session 40e98e8a3534e46e4a707369","timestamp":"2026-07-09 03:28:13"}
{"level":"info","message":"Created client session b5e3fac2a5ac72bad4ec8cc6","timestamp":"2026-07-09 03:28:13"}
{"level":"info","message":"Created client session b2be9e8c5bba6c8a73b34580","timestamp":"2026-07-09 03:28:13"}
{"level":"info","message":"Created client session 749d67696946e37a71ece8b6","timestamp":"2026-07-09 03:28:13"}
{"level":"info","message":"Created client session 464cd35286cb4eebf98c4f29","timestamp":"2026-07-09 03:28:13"}
{"level":"info","message":"Created client session 58002343218a4ba256dbb3be","timestamp":"2026-07-09 03:28:13"}
{"level":"info","message":"Created client session bf091f29fb73fe4bc3447cba","timestamp":"2026-07-09 03:28:13"}
{"level":"info","message":"Created client session 910372fc9ca886fc89291a01","timestamp":"2026-07-09 03:28:13"}
{"level":"info","message":"Created client session 6a734ff70b1386a384a3d8d2","timestamp":"2026-07-09 03:28:13"}
{"level":"info","message":"Created client session c3590acf652467920f8cd4e0","timestamp":"2026-07-09 03:28:13"}
{"level":"info","message":"Created client session d58f8df87c739944f3afff6d","timestamp":"2026-07-09 03:28:13"}
{"level":"info","message":"Created client session 145c17b809a3407be2521554","timestamp":"2026-07-09 03:28:13"}
{"level":"info","message":"Created client session 0f829ff68f0b42660b846317","timestamp":"2026-07-09 03:28:13"}
{"level":"info","message":"Created client session 2dc62ede93102ecc20218c11","timestamp":"2026-07-09 03:28:13"}
{"level":"info","message":"Created client session f7b0008db97f56c2a91dead0","timestamp":"2026-07-09 03:28:13"}
{"level":"info","message":"Created client session 7399d92f7f1cac59e62ac17c","timestamp":"2026-07-09 03:28:13"}
{"level":"info","message":"Created client session c11668ecfcc2db18379abb76","timestamp":"2026-07-09 03:28:13"}
{"level":"info","message":"Created client session c13527a96ef7f3251d183c66","timestamp":"2026-07-09 03:28:14"}
{"level":"info","message":"Created client session 78bf181d854f2064341e275f","timestamp":"2026-07-09 03:28:14"}
{"level":"info","message":"Created client session 88a8bf230ed5a5752d174d18","timestamp":"2026-07-09 03:28:14"}
{"level":"info","message":"Created client session 96eef8ea2f906f45f428fb4f","timestamp":"2026-07-09 03:28:14"}
{"level":"info","message":"Created client session 1f20c6dc7cdcc2caa765ddb2","timestamp":"2026-07-09 03:28:14"}
{"level":"info","message":"Created client session 55c164afb34f2b1c28652b2c","timestamp":"2026-07-09 03:28:14"}
{"level":"info","message":"Created client session 6a4cc903d9e8468035dc6c88","timestamp":"2026-07-09 03:28:14"}
{"level":"info","message":"Created client session c6babffb729e87a8ef403688","timestamp":"2026-07-09 03:28:14"}
{"level":"info","message":"Created client session ef1fe321c2cc12e2f4de5d04","timestamp":"2026-07-09 03:28:14"}
{"level":"info","message":"Created client session 294d1eade311c35bba633f35","timestamp":"2026-07-09 03:28:14"}
{"level":"info","message":"Created client session 96e808f360c51056655ffdbd","timestamp":"2026-07-09 03:28:14"}
{"level":"info","message":"Created client session b9a6f8ee2c65ebf3944ba8d8","timestamp":"2026-07-09 03:28:14"}
{"level":"info","message":"Created client session 7ece2be6ed1ab2101c1da683","timestamp":"2026-07-09 03:28:14"}
{"level":"info","message":"Created client session 3ead39553b5b041d35608135","timestamp":"2026-07-09 03:28:14"}
{"level":"info","message":"Created client session d64b8528eff8e077900cab0c","timestamp":"2026-07-09 03:28:14"}
{"level":"info","message":"Created client session 60f6c22d1419217d6403308d","timestamp":"2026-07-09 03:28:14"}
{"level":"info","message":"Created client session dc823679122fe9f67472c92a","timestamp":"2026-07-09 03:28:14"}
{"level":"info","message":"Created client session 979ac3a90dea395228f5ee6a","timestamp":"2026-07-09 03:28:14"}
{"level":"info","message":"Created client session 0fa3129d8bc69588acc39488","timestamp":"2026-07-09 03:28:14"}
{"level":"info","message":"Created client session d6f078052b9f53f9b71bef75","timestamp":"2026-07-09 03:28:14"}
{"level":"info","message":"Created client session f1b09b2ac98122680063beff","timestamp":"2026-07-09 03:28:14"}
{"level":"info","message":"Created client session 97839a737e99ebbdf2597f15","timestamp":"2026-07-09 03:28:14"}
{"level":"info","message":"Created client session b93181652795fa5d8dfbe618","timestamp":"2026-07-09 03:28:14"}
{"level":"info","message":"Created client session 6fe815d8e45df0b07c835a05","timestamp":"2026-07-09 03:28:14"}
{"level":"info","message":"Created client session ea686e42d297e87a93b24a9a","timestamp":"2026-07-09 03:28:14"}
{"level":"info","message":"Created client session 1fdf3b7f90c05a86ae61049c","timestamp":"2026-07-09 03:28:14"}
{"level":"info","message":"Created client session 42e3684eb5c01a3f19133660","timestamp":"2026-07-09 03:28:15"}
{"level":"info","message":"Created client session d9579da4d2cbb942ebb91558","timestamp":"2026-07-09 03:28:15"}
{"level":"info","message":"Created client session b0f28c83076b795440893ec1","timestamp":"2026-07-09 03:28:15"}
{"level":"info","message":"Created client session b0211a22c5cb2911f43a330b","timestamp":"2026-07-09 03:28:15"}
{"level":"info","message":"Created client session bbc68c1a3cba9f86989b4032","timestamp":"2026-07-09 03:28:15"}
{"level":"info","message":"Created client session 3c6ca7d6beb512d1e8aafa55","timestamp":"2026-07-09 03:28:15"}
{"level":"info","message":"Created client session 4ab63ec72664f3b2a0e65cb1","timestamp":"2026-07-09 03:28:15"}
{"level":"info","message":"Created client session 14daeea4aae7ac943f6b031e","timestamp":"2026-07-09 03:28:15"}
{"level":"info","message":"Created client session b14cf040e71960477b1cec72","timestamp":"2026-07-09 03:28:15"}
{"level":"info","message":"Created client session 197b5c2cf7dd73e04a148ea1","timestamp":"2026-07-09 03:28:15"}
{"level":"info","message":"Created client session b43725ecba92964768db64d0","timestamp":"2026-07-09 03:28:16"}
{"level":"info","message":"Created client session 8fbe57af7118daddfdfb624d","timestamp":"2026-07-09 03:28:16"}
{"level":"info","message":"Created client session 701cbb16e4ffa6134a987fb5","timestamp":"2026-07-09 03:28:16"}
{"level":"info","message":"Created client session c1f9d3b93e98f64ddfc54b76","timestamp":"2026-07-09 03:28:17"}
{"level":"info","message":"Created client session ef6e4b335ceb7319d5228f37","timestamp":"2026-07-09 03:28:17"}
{"level":"info","message":"Created client session 53a4b5a14a8aaad5714192d2","timestamp":"2026-07-09 03:28:17"}
{"level":"info","message":"Created client session bcc0563219233c71cbf66074","timestamp":"2026-07-09 03:28:18"}
{"level":"info","message":"Created client session e36b4d8cb9d5f29739f756c2","timestamp":"2026-07-09 03:28:18"}
{"level":"info","message":"Created client session 0b7c5d56b11f29014e78d449","timestamp":"2026-07-09 03:28:18"}
{"level":"info","message":"Created client session 5b00283aeed37eb726b08713","timestamp":"2026-07-09 03:28:18"}
{"level":"info","message":"Created client session 7ba21e687ffa00acf09a875c","timestamp":"2026-07-09 03:28:19"}
{"level":"info","message":"Created client session 316c47a0964f8cd8804df686","timestamp":"2026-07-09 03:28:19"}
{"level":"info","message":"Created client session f192be4b7565ba8d02dfb7a5","timestamp":"2026-07-09 03:28:19"}
{"level":"info","message":"Created client session f86ff2eee483d3b0712f1074","timestamp":"2026-07-09 03:28:20"}
{"level":"info","message":"Created client session 8f4fd88a29a8318f685e9041","timestamp":"2026-07-09 03:28:20"}
{"level":"info","message":"Created client session 2ca1e536c81c7f83cca8d9b6","timestamp":"2026-07-09 03:28:20"}
{"level":"info","message":"Created client session 027a6d7e0170c7411e1bbab5","timestamp":"2026-07-09 03:28:20"}
{"level":"info","message":"Created client session 504b760ffb6c6a79fea99d94","timestamp":"2026-07-09 03:28:21"}
{"level":"info","message":"Created client session 644f11c0236e592f31cf21fe","timestamp":"2026-07-09 03:28:21"}
{"level":"info","message":"Created client session 0959a2588358941c51113d77","timestamp":"2026-07-09 03:28:21"}
{"level":"info","message":"Created client session 4a17b294ed6550277d577783","timestamp":"2026-07-09 03:28:21"}
{"level":"info","message":"Created client session 14f183cde1fcf16c115daa80","timestamp":"2026-07-09 03:28:22"}
{"level":"info","message":"Created client session 5ab13fb57b17332f5e656abf","timestamp":"2026-07-09 03:28:22"}
{"level":"info","message":"Created client session bc489e458b371f285071d761","timestamp":"2026-07-09 03:28:22"}
{"level":"info","message":"Created client session 89eb0dacfd544e11e72d9d46","timestamp":"2026-07-09 03:28:22"}
{"level":"info","message":"Created client session b69cbc77246401692140c22f","timestamp":"2026-07-09 03:28:23"}
{"level":"info","message":"Created client session 60d182037519f2867d22050e","timestamp":"2026-07-09 03:28:23"}
{"level":"info","message":"Created client session f4ece90a0241f6954f1a2d65","timestamp":"2026-07-09 03:28:23"}
{"level":"info","message":"Created client session 914c50e70391479479fe5f33","timestamp":"2026-07-09 03:28:24"}
{"level":"info","message":"Created client session 0a3f60617061e7acaece3cdc","timestamp":"2026-07-09 03:28:24"}
{"level":"info","message":"Created client session cf6ee33af97dfb76f1553f8c","timestamp":"2026-07-09 03:28:24"}
{"level":"info","message":"Created client session 17f9cb9e9f2ed7e09c828616","timestamp":"2026-07-09 03:28:24"}
{"level":"info","message":"Created client session 4d92cb7129ddfaad15031c5c","timestamp":"2026-07-09 03:28:25"}
{"level":"info","message":"Created client session 13f71579c8243fcea29bc0dd","timestamp":"2026-07-09 03:28:25"}
{"level":"info","message":"Created client session efaccf63126b0f0645cccfbc","timestamp":"2026-07-09 03:28:25"}
{"level":"info","message":"Created client session 2cdfdbeebc0a6067dc9ad4b3","timestamp":"2026-07-09 03:28:25"}
{"level":"info","message":"Created client session e9451185f375b3f7539056fb","timestamp":"2026-07-09 03:28:26"}
{"level":"info","message":"Created client session ce003b9bff2cde37236f3b1f","timestamp":"2026-07-09 03:28:26"}
{"level":"info","message":"Created client session 1a92af46e028b68c816d906b","timestamp":"2026-07-09 03:28:26"}
{"level":"info","message":"Created client session d7079721376d11c969cf579b","timestamp":"2026-07-09 03:28:27"}
{"level":"info","message":"Created client session af7cf68f63d23452ad8ad7bb","timestamp":"2026-07-09 03:28:27"}
{"level":"info","message":"Created client session f1163fa626430fe6ed2cced1","timestamp":"2026-07-09 03:28:27"}
{"level":"info","message":"Created client session fcb4d35653630ea20d63e93c","timestamp":"2026-07-09 03:28:27"}
{"level":"info","message":"Created client session 8e70a2ef36fecf081f59a554","timestamp":"2026-07-09 03:28:28"}
{"level":"info","message":"Created client session 36a512e9d77a15f26de6d421","timestamp":"2026-07-09 03:28:28"}
{"level":"info","message":"Created client session 787ab9f3a1361b3eec18dd9a","timestamp":"2026-07-09 03:28:28"}
{"level":"info","message":"Created client session 8c73d5ba71e809bee25f4716","timestamp":"2026-07-09 03:28:29"}
{"level":"info","message":"Created client session 69cdbe936a854039c5bdb586","timestamp":"2026-07-09 03:28:29"}
{"level":"info","message":"Created client session cce1e7184994b6e3f72c2b7f","timestamp":"2026-07-09 03:28:29"}
{"level":"info","message":"Created client session b0a33e44f565fb0baeb1c267","timestamp":"2026-07-09 03:28:29"}
{"level":"info","message":"Created client session 3633e964336c516ab27cdeec","timestamp":"2026-07-09 03:28:30"}
{"level":"info","message":"Created client session fc1b68e145b0070d4c0e2064","timestamp":"2026-07-09 03:28:30"}
{"level":"info","message":"Created client session e8a5c8f20fae384615bb173b","timestamp":"2026-07-09 03:28:30"}
{"level":"info","message":"Created client session 8ad405e566af7e57fd44df42","timestamp":"2026-07-09 03:28:31"}
{"level":"info","message":"Created client session e452f228fb2b5e5bc81edaad","timestamp":"2026-07-09 03:28:31"}
{"level":"info","message":"Created client session c31ecc7d25d6aedb5e119e72","timestamp":"2026-07-09 03:28:31"}
{"level":"info","message":"Created client session e41755449a405c77c225aa5a","timestamp":"2026-07-09 03:28:31"}
{"level":"info","message":"Created client session c0bf7e877a716593bd69beda","timestamp":"2026-07-09 03:28:32"}
{"level":"info","message":"Created client session b52779a59a612a2d4ec84ce9","timestamp":"2026-07-09 03:28:32"}
{"level":"info","message":"Created client session bf5373a45618ef0eacec469b","timestamp":"2026-07-09 03:28:32"}
{"level":"info","message":"Created client session 1186912847562d055746604e","timestamp":"2026-07-09 03:28:32"}
{"level":"info","message":"Created client session 552a5b754c249f4dd395cc09","timestamp":"2026-07-09 03:28:33"}
{"level":"info","message":"Created client session 06441c6f5f3f7e927a6740c5","timestamp":"2026-07-09 03:28:33"}
{"level":"info","message":"Created client session 618f860fd7d38eb4be066dd0","timestamp":"2026-07-09 03:28:33"}
{"level":"info","message":"Created client session a180a3c0043b11d5aae635a2","timestamp":"2026-07-09 03:28:33"}
{"level":"info","message":"Created client session 99ef97c7c2a81a2a2fdb4246","timestamp":"2026-07-09 03:28:34"}
{"level":"info","message":"Created client session ca17e5eb63dd5efd10462529","timestamp":"2026-07-09 03:28:34"}
{"level":"info","message":"Created client session 053afca6fa1935169c09a542","timestamp":"2026-07-09 03:28:34"}
{"level":"info","message":"Created client session e3ac85093bc50473c6c1f226","timestamp":"2026-07-09 03:28:34"}
{"level":"info","message":"Created client session ebcda53d3fb2d8a26791d20b","timestamp":"2026-07-09 03:28:34"}
{"level":"info","message":"Created client session 137d8832db173c319e92cea7","timestamp":"2026-07-09 03:28:35"}
{"level":"info","message":"Created client session b2808db2f4e01f5169610125","timestamp":"2026-07-09 03:28:35"}
{"level":"info","message":"Created client session 003557f01d1a36ad88914376","timestamp":"2026-07-09 03:28:35"}
{"level":"info","message":"Created client session a851a740d22f4280fc38124f","timestamp":"2026-07-09 03:28:35"}
{"level":"info","message":"Created client session 4d1d9227b928d870e0311c1d","timestamp":"2026-07-09 03:28:36"}
{"level":"info","message":"Created client session 6f7c84685385410574646fb1","timestamp":"2026-07-09 03:28:36"}
{"level":"info","message":"Created client session 4ad4fa3db7c2df16be54dddd","timestamp":"2026-07-09 03:28:36"}
{"level":"info","message":"Created client session 42a59cece790f252269d9ebb","timestamp":"2026-07-09 03:28:37"}
{"level":"info","message":"Created client session f78c9434bc9d1967796f5763","timestamp":"2026-07-09 03:28:37"}
{"level":"info","message":"Created client session dc85c5097d9998ac0c43e164","timestamp":"2026-07-09 03:28:37"}
{"level":"info","message":"Created client session 1a4f5a0237bfa737a4a84250","timestamp":"2026-07-09 03:28:37"}
{"level":"info","message":"Created client session 35d7852c367f3d69181ab17a","timestamp":"2026-07-09 03:28:37"}
{"level":"info","message":"Created client session 9e1e82f765e24b1648c589f4","timestamp":"2026-07-09 03:57:59"}
{"level":"info","message":"Created client session 110896c1afd4c7a34687009a","timestamp":"2026-07-09 04:06:37"}
{"level":"info","message":"Created client session 13f9e4448785af441dc13a38","timestamp":"2026-07-09 04:30:49"}
{"level":"info","message":"Created client session 7edb2659711bbb943b40cc89","timestamp":"2026-07-09 04:33:46"}
{"level":"info","message":"Logged user olgUvOxRlG7uDAVP out of active World","timestamp":"2026-07-09 04:46:09"}
{"ip":"38.143.253.121","level":"info","message":"User authentication successful for user Gamemaster","session":"518a79710e0d237cdc247aa9","timestamp":"2026-07-09 04:46:15"}
{"level":"info","message":"No system update for Dungeons & Dragons Fifth Edition is currently available.","timestamp":"2026-07-09 04:46:16"}
{"level":"info","message":"Vended World data to User [olgUvOxRlG7uDAVP] in 412ms","timestamp":"2026-07-09 04:46:16"}
{"level":"info","message":"Created client session 71e01a288bbb331cec07632f","timestamp":"2026-07-09 04:53:30"}
{"level":"info","message":"Created client session f7ddadb88b4c47020070bbbd","timestamp":"2026-07-09 04:53:31"}
{"level":"info","message":"Created client session 4a1c02aa0956ef3e0a96b403","timestamp":"2026-07-09 04:57:15"}
{"level":"info","message":"Extracted base64 asset: \"/home/ubuntu/foundryuserdata/Data/worlds/dandd-introduction/assets/scenes/ku6OAS7ECuxghMZi-thumb.webp\"","timestamp":"2026-07-09 04:58:12"}
{"level":"info","message":"Created Scene with id [9KbshNdgIx23LgQC]","timestamp":"2026-07-09 04:58:36"}
{"level":"info","message":"Extracted base64 asset: \"/home/ubuntu/foundryuserdata/Data/worlds/dandd-introduction/assets/scenes/9KbshNdgIx23LgQC-thumb.webp\"","timestamp":"2026-07-09 04:58:53"}
{"level":"info","message":"Created Scene with id [XSAvNYyeTNqPeLMn]","timestamp":"2026-07-09 04:59:21"}
{"level":"info","message":"Extracted base64 asset: \"/home/ubuntu/foundryuserdata/Data/worlds/dandd-introduction/assets/scenes/XSAvNYyeTNqPeLMn-thumb.webp\"","timestamp":"2026-07-09 04:59:36"}
{"level":"info","message":"Created client session 08b19f923ac1df571f9e1771","timestamp":"2026-07-09 05:00:05"}
{"level":"info","message":"Created Scene with id [fliwZRN2YjWhqf2p]","timestamp":"2026-07-09 05:00:08"}
{"level":"info","message":"Extracted base64 asset: \"/home/ubuntu/foundryuserdata/Data/worlds/dandd-introduction/assets/scenes/fliwZRN2YjWhqf2p-thumb.webp\"","timestamp":"2026-07-09 05:00:30"}
{"level":"info","message":"Created Scene with id [CU3b117Q8cHCd33y]","timestamp":"2026-07-09 05:03:45"}
{"level":"info","message":"Extracted base64 asset: \"/home/ubuntu/foundryuserdata/Data/worlds/dandd-introduction/assets/scenes/CU3b117Q8cHCd33y-thumb.webp\"","timestamp":"2026-07-09 05:04:20"}
{"level":"info","message":"Created 5 Item documents with ids: [PO4yJ30fgEfkoNl0,GxNC07LZHrqq4Low,YxYTJGsQFrH1a0OV,PMcCABFUsx7DDg6N,mLAtlBXLtcro6Vkj] in parent Actor [lfxqRsp5evpuc4G8]","timestamp":"2026-07-09 05:07:24"}
{"level":"info","message":"Created 8 Item documents in parent Actor [F8OuYfR1W9pB8cSX]","timestamp":"2026-07-09 05:10:41"}
{"level":"info","message":"Created 5 Item documents with ids: [Vr1RN792mnHlZpQD,EtxZWGegTcNnyvBu,MSI9pgNjFP2H7660,gXItW2WL5W6gEs9w,GJWHQoctBjkcW2ql] in parent Actor [lfxqRsp5evpuc4G8]","timestamp":"2026-07-09 05:18:13"}
{"level":"info","message":"Created 3 Item documents with ids: [1vvPhmIpil0KBfOz,PCpmtL6qgH23lJ9M,7Wofar9MjaB9Nv9d] in parent Actor [F8OuYfR1W9pB8cSX]","timestamp":"2026-07-09 05:20:23"}
{"level":"info","message":"Created ChatMessage with id [ThCSfeTLs2yJwth7]","timestamp":"2026-07-09 05:21:49"}
{"level":"info","message":"No system update for Dungeons & Dragons Fifth Edition is currently available.","timestamp":"2026-07-09 05:22:14"}
{"level":"info","message":"Vended World data to User [olgUvOxRlG7uDAVP] in 255ms","timestamp":"2026-07-09 05:22:14"}
{"level":"info","message":"Created ChatMessage with id [k6sCiBlaRdT4IeYx]","timestamp":"2026-07-09 05:22:15"}
{"level":"info","message":"Created ChatMessage with id [0p3ZQ58mlN3oZLX2]","timestamp":"2026-07-09 05:22:28"}
{"level":"info","message":"Created Item with id [CTLLHg6YsVVY8xRF] in parent Actor [lfxqRsp5evpuc4G8]","timestamp":"2026-07-09 05:22:49"}
{"level":"info","message":"Created Item with id [ZjAUPpE2FrBM0HNx] in parent Actor [F8OuYfR1W9pB8cSX]","timestamp":"2026-07-09 05:23:06"}
{"level":"info","message":"Created Item with id [TUUrPHAhe8XGM8qN] in parent Actor [F8OuYfR1W9pB8cSX]","timestamp":"2026-07-09 05:23:31"}
{"level":"info","message":"Created Item with id [uROmBrRh9WQBbJM4] in parent Actor [F8OuYfR1W9pB8cSX]","timestamp":"2026-07-09 05:23:42"}
{"level":"info","message":"Created Item with id [lm2NU1AUfr18Sk6Y] in parent Actor [F8OuYfR1W9pB8cSX]","timestamp":"2026-07-09 05:23:59"}
{"level":"info","message":"Deleted Item with id [ZjAUPpE2FrBM0HNx] in parent Actor [F8OuYfR1W9pB8cSX]","timestamp":"2026-07-09 05:24:21"}
{"level":"info","message":"Created Item with id [DhbKKdyUIvCJzXyn] in parent Actor [F8OuYfR1W9pB8cSX]","timestamp":"2026-07-09 05:24:23"}
{"level":"info","message":"Deleted Item with id [DhbKKdyUIvCJzXyn] in parent Actor [F8OuYfR1W9pB8cSX]","timestamp":"2026-07-09 05:24:27"}
{"level":"info","message":"Created Item with id [Fkhi5Fheb26NOaVw] in parent Actor [F8OuYfR1W9pB8cSX]","timestamp":"2026-07-09 05:24:33"}
{"level":"info","message":"Deleted Item with id [CTLLHg6YsVVY8xRF] in parent Actor [lfxqRsp5evpuc4G8]","timestamp":"2026-07-09 05:24:43"}
{"level":"info","message":"Created Item with id [pupDkTlaHiSnJ0gL] in parent Actor [lfxqRsp5evpuc4G8]","timestamp":"2026-07-09 05:24:52"}
{"level":"info","message":"Deleted Item with id [pupDkTlaHiSnJ0gL] in parent Actor [lfxqRsp5evpuc4G8]","timestamp":"2026-07-09 05:24:59"}
{"level":"info","message":"Created Item with id [FTFEE9T8s5GQWOUq] in parent Actor [lfxqRsp5evpuc4G8]","timestamp":"2026-07-09 05:25:05"}
{"level":"info","message":"Created Item with id [Wf6VuluQRVE0XopY] in parent Actor [lfxqRsp5evpuc4G8]","timestamp":"2026-07-09 05:25:18"}
{"level":"info","message":"Created Item with id [314VZxzTcfXwRWMq] in parent Actor [lfxqRsp5evpuc4G8]","timestamp":"2026-07-09 05:25:27"}
{"level":"info","message":"Deleted Item with id [314VZxzTcfXwRWMq] in parent Actor [lfxqRsp5evpuc4G8]","timestamp":"2026-07-09 05:25:34"}
{"level":"info","message":"Created Item with id [tgxLyXT3ElIqqUYN] in parent Actor [lfxqRsp5evpuc4G8]","timestamp":"2026-07-09 05:25:41"}
{"level":"info","message":"Created Item with id [tuwOAW379Kz94dhi] in parent Actor [lfxqRsp5evpuc4G8]","timestamp":"2026-07-09 05:25:45"}
{"level":"info","message":"Deleted Item with id [tuwOAW379Kz94dhi] in parent Actor [lfxqRsp5evpuc4G8]","timestamp":"2026-07-09 05:25:51"}
{"level":"info","message":"Created Item with id [RD0OJCBaGQEkBprf] in parent Actor [lfxqRsp5evpuc4G8]","timestamp":"2026-07-09 05:25:55"}
{"level":"info","message":"Created Item with id [320I7SY8JUAUumBh] in parent Actor [lfxqRsp5evpuc4G8]","timestamp":"2026-07-09 05:26:21"}
{"level":"info","message":"Created Item with id [COOSfEYWQBaCVmNi] in parent Actor [lfxqRsp5evpuc4G8]","timestamp":"2026-07-09 05:26:26"}
{"level":"info","message":"Created Item with id [0SgIpmBZDDt8l6dg] in parent Actor [F8OuYfR1W9pB8cSX]","timestamp":"2026-07-09 05:26:50"}
{"level":"info","message":"Created Item with id [kgzq12ckawuXR5DR] in parent Actor [lfxqRsp5evpuc4G8]","timestamp":"2026-07-09 05:27:02"}
{"level":"info","message":"Created Item with id [ogHkMFTITaTG4jV5] in parent Actor [F8OuYfR1W9pB8cSX]","timestamp":"2026-07-09 05:27:39"}
{"level":"info","message":"Created Item with id [p3Z2ZKtNa7rr9FjG] in parent Actor [F8OuYfR1W9pB8cSX]","timestamp":"2026-07-09 05:27:50"}
{"level":"info","message":"Created Item with id [l2i5JkJ2Rg2SN63f] in parent Actor [lfxqRsp5evpuc4G8]","timestamp":"2026-07-09 05:28:17"}
{"level":"info","message":"Created Item with id [3GRVk1oERnqwxEKM] in parent Actor [lfxqRsp5evpuc4G8]","timestamp":"2026-07-09 05:28:34"}
{"level":"info","message":"Created Actor with id [v2KLW6YaOfR3BaMQ]","timestamp":"2026-07-09 05:29:13"}
{"level":"info","message":"Created ActiveEffect with id [dnd5ebloodied000] in parent Actor [v2KLW6YaOfR3BaMQ]","timestamp":"2026-07-09 05:29:33"}
{"level":"info","message":"Deleted ActiveEffect with id [dnd5ebloodied000] in parent Actor [v2KLW6YaOfR3BaMQ]","timestamp":"2026-07-09 05:29:35"}
{"level":"info","message":"Created client session e0a69125167db9cd60c8e5ab","timestamp":"2026-07-09 05:29:43"}
{"level":"info","message":"Created Actor with id [ZmtCpIYYgXJpuxFt]","timestamp":"2026-07-09 05:30:07"}
{"level":"info","message":"Created Actor with id [pxjG94CVrHepliGu]","timestamp":"2026-07-09 05:30:20"}
{"level":"info","message":"Created Actor with id [LzqQVfSC75ZAWt7m]","timestamp":"2026-07-09 05:30:46"}
{"level":"info","message":"Created Actor with id [MmbqK1BnRcYkCg1q]","timestamp":"2026-07-09 05:31:03"}
{"level":"info","message":"Created Actor with id [DxSjKSFJj0FfQDXl]","timestamp":"2026-07-09 05:32:49"}
{"level":"info","message":"Created Item with id [IWgSxKXjPF9LsXkM] in parent Actor [DxSjKSFJj0FfQDXl]","timestamp":"2026-07-09 05:34:49"}
{"level":"info","message":"Deleted Item with id [IWgSxKXjPF9LsXkM] in parent Actor [DxSjKSFJj0FfQDXl]","timestamp":"2026-07-09 05:35:22"}
{"level":"info","message":"Created Item with id [wNAnk9OvAM5b3ujh] in parent Actor [DxSjKSFJj0FfQDXl]","timestamp":"2026-07-09 05:35:31"}
{"level":"info","message":"Created ChatMessage with id [teGH2jdScEgu8ktu]","timestamp":"2026-07-09 05:36:49"}
{"level":"info","message":"Created ChatMessage with id [kqvSG3BwI5JuTsne]","timestamp":"2026-07-09 05:36:55"}
{"level":"info","message":"Created Item with id [4z53yi4Q7URNaal3] in parent Actor [DxSjKSFJj0FfQDXl]","timestamp":"2026-07-09 05:37:31"}
{"level":"info","message":"Created Setting with id [QMASsdLktL18ozxw]","timestamp":"2026-07-09 05:38:01"}
{"level":"info","message":"Created Item with id [gbjODuf7svaUgvgV] in parent Actor [DxSjKSFJj0FfQDXl]","timestamp":"2026-07-09 05:38:18"}
{"level":"info","message":"Created ActiveEffect with id [dnd5ebloodied000] in parent Actor [DxSjKSFJj0FfQDXl]","timestamp":"2026-07-09 05:38:55"}
{"level":"info","message":"Deleted ActiveEffect with id [dnd5ebloodied000] in parent Actor [DxSjKSFJj0FfQDXl]","timestamp":"2026-07-09 05:38:59"}
{"level":"info","message":"Created Token with id [HZdcQGNIRk0cWAqp] in parent Scene [fliwZRN2YjWhqf2p]","timestamp":"2026-07-09 05:39:11"}
{"level":"info","message":"Created Token with id [cC0FaJpWfk6gzci9] in parent Scene [fliwZRN2YjWhqf2p]","timestamp":"2026-07-09 05:39:13"}
{"level":"info","message":"Created Token with id [Zy40R51IDUiddJwe] in parent Scene [fliwZRN2YjWhqf2p]","timestamp":"2026-07-09 05:39:31"}
{"level":"info","message":"Created Token with id [zOMwND2X36rGLTFB] in parent Scene [fliwZRN2YjWhqf2p]","timestamp":"2026-07-09 05:39:33"}
{"level":"info","message":"Created Setting with id [hkyBbA0E1SD0eyI0]","timestamp":"2026-07-09 05:40:06"}
{"level":"info","message":"Created Setting with id [rh2gFP2BVdJuJ2sF]","timestamp":"2026-07-09 05:40:06"}
{"level":"info","message":"Created Setting with id [xrA807krso5UBKCS]","timestamp":"2026-07-09 05:40:06"}
{"level":"info","message":"Created Setting with id [upnwvjjAYd5h0Hzz]","timestamp":"2026-07-09 05:40:06"}
{"level":"info","message":"Created Setting with id [NZIbn2xVfyx6ihI2]","timestamp":"2026-07-09 05:40:06"}
{"level":"info","message":"Created Setting with id [aGQQTNKWa7L2PIKc]","timestamp":"2026-07-09 05:40:06"}
{"level":"info","message":"Created Setting with id [mlqBw3q66RJcrM9c]","timestamp":"2026-07-09 05:40:06"}
{"level":"info","message":"Created Setting with id [gsD2nDqAF4GAbP9p]","timestamp":"2026-07-09 05:40:06"}
{"level":"info","message":"Created Setting with id [9Jf2Em0YRkJrMsA4]","timestamp":"2026-07-09 05:40:06"}
{"level":"info","message":"Created Setting with id [wl43TseattHy09y1]","timestamp":"2026-07-09 05:40:06"}
{"level":"info","message":"Created Setting with id [lSGWt7HFCcfGsi7K]","timestamp":"2026-07-09 05:40:06"}
{"level":"info","message":"Created Setting with id [w7QPkRFBkZP6OyxV]","timestamp":"2026-07-09 05:40:06"}
{"level":"info","message":"Created Setting with id [LdL8ApUlGcH6g0NM]","timestamp":"2026-07-09 05:40:06"}
{"level":"info","message":"Created Setting with id [hJrBlGwGmoegLEz4]","timestamp":"2026-07-09 05:40:06"}
{"level":"info","message":"Created Setting with id [VlnDe8J8yxAoSzZb]","timestamp":"2026-07-09 05:40:06"}
{"level":"info","message":"Created Setting with id [cZvdPA63KmOPbtMa]","timestamp":"2026-07-09 05:40:06"}
{"level":"info","message":"Created Setting with id [twr0bsmuQz9ekBGu]","timestamp":"2026-07-09 05:40:06"}
{"level":"info","message":"Created Setting with id [qzqFav8gkaaFwaNY]","timestamp":"2026-07-09 05:40:06"}
{"level":"info","message":"Created Setting with id [t0QMDlp8HXiBjHJ7]","timestamp":"2026-07-09 05:40:06"}
{"level":"info","message":"Created Setting with id [5vajYfwZgzM9Qbyl]","timestamp":"2026-07-09 05:40:06"}
{"level":"info","message":"Created Setting with id [dcooZ4usbEALLsjq]","timestamp":"2026-07-09 05:40:06"}
{"level":"info","message":"Created Setting with id [tMX8KXPgCeHGQ611]","timestamp":"2026-07-09 05:40:06"}
{"level":"info","message":"Created Setting with id [9ZC1O8SUnmRAq4K3]","timestamp":"2026-07-09 05:40:06"}
{"level":"info","message":"Created Setting with id [qHfFdb3eJDxWHG0b]","timestamp":"2026-07-09 05:40:06"}
{"level":"info","message":"Created Setting with id [t8EGlGwinG9CD4sJ]","timestamp":"2026-07-09 05:40:06"}
{"level":"info","message":"Created Setting with id [rgoy7uxw6Yf8R1Lu]","timestamp":"2026-07-09 05:40:06"}
{"level":"info","message":"Created Setting with id [YZ7FD0WCekuUaVmI]","timestamp":"2026-07-09 05:40:06"}
{"level":"info","message":"Created Setting with id [FWGDsE0fR07hS7Tq]","timestamp":"2026-07-09 05:40:06"}
{"level":"info","message":"Created Setting with id [BtntAe8S5lctA89h]","timestamp":"2026-07-09 05:40:06"}
{"level":"info","message":"Created Setting with id [jDdjiXxvjeIkIBO8]","timestamp":"2026-07-09 05:40:06"}
{"level":"info","message":"Created Setting with id [JHG44Q9whER1SR4D]","timestamp":"2026-07-09 05:40:06"}
{"level":"info","message":"Created Setting with id [r8rO9zaMmbd1Bbvg]","timestamp":"2026-07-09 05:40:06"}
{"level":"info","message":"Created Setting with id [vxs8N2GeHPLyLvkm]","timestamp":"2026-07-09 05:40:06"}
{"level":"info","message":"Created Setting with id [pW3GT29PS0uBApTw]","timestamp":"2026-07-09 05:40:06"}
{"level":"info","message":"Created Setting with id [8WsoCfphW85POvyj]","timestamp":"2026-07-09 05:40:06"}
{"level":"info","message":"Created Setting with id [ctFhgFYsvRF1TIdT]","timestamp":"2026-07-09 05:40:06"}
{"level":"info","message":"Created Setting with id [VxLhEB5P4X8BSKty]","timestamp":"2026-07-09 05:40:06"}
{"level":"info","message":"Created Setting with id [DSgAmabm8mLRAaAH]","timestamp":"2026-07-09 05:40:06"}
{"level":"info","message":"Created Setting with id [N5TAsEbuUcDDmond]","timestamp":"2026-07-09 05:40:06"}
{"level":"info","message":"Created Setting with id [NLewiVW8T8fvFLw3]","timestamp":"2026-07-09 05:40:06"}
{"level":"info","message":"Created Setting with id [CPLKWz8Fja4CTvg1]","timestamp":"2026-07-09 05:40:06"}
{"level":"info","message":"Created Setting with id [yq7RMQcKLozUEOwt]","timestamp":"2026-07-09 05:40:06"}
{"level":"info","message":"Created Setting with id [TYEDuVt2tNmb4ryy]","timestamp":"2026-07-09 05:40:06"}
{"level":"info","message":"Created Setting with id [e4ExjTEDfLutlMhL]","timestamp":"2026-07-09 05:40:06"}
{"level":"info","message":"No system update for Dungeons & Dragons Fifth Edition is currently available.","timestamp":"2026-07-09 05:40:09"}
{"level":"info","message":"Vended World data to User [olgUvOxRlG7uDAVP] in 429ms","timestamp":"2026-07-09 05:40:09"}
{"level":"info","message":"Created ChatMessage with id [u8klOWBtJF3LTnUm]","timestamp":"2026-07-09 05:40:34"}
{"level":"info","message":"Created ChatMessage with id [V4SxBqCJNdNfGHOY]","timestamp":"2026-07-09 05:40:36"}
{"level":"info","message":"Created Combat with id [RIMXsZkFmuVrjhxH]","timestamp":"2026-07-09 05:40:42"}
{"level":"info","message":"Created Combatant with id [D3N0od0OiBumTwnI] in parent Combat [RIMXsZkFmuVrjhxH]","timestamp":"2026-07-09 05:40:42"}
{"level":"info","message":"Created ChatMessage with id [egIHtLq865wvRobz]","timestamp":"2026-07-09 05:40:42"}
{"level":"info","message":"Created ChatMessage with id [QvHwqbri6gstSQ5q]","timestamp":"2026-07-09 05:40:49"}
{"level":"info","message":"Created ChatMessage with id [Iw4TqqCBuilWEiGL]","timestamp":"2026-07-09 05:40:50"}
{"level":"info","message":"Created ChatMessage with id [flDWv4qxxnS5C5Ap]","timestamp":"2026-07-09 05:40:59"}
{"level":"info","message":"Created ChatMessage with id [jNcg4WHMC6W6hWBX]","timestamp":"2026-07-09 05:41:13"}
{"level":"info","message":"Created ChatMessage with id [WOo1VJTzbt7EFii1]","timestamp":"2026-07-09 05:41:18"}
{"level":"info","message":"Created ChatMessage with id [YEjfbsy9rHETcBzr]","timestamp":"2026-07-09 05:41:24"}
{"level":"info","message":"Created Playlist with id [wCShnZgiIrfu15JS]","timestamp":"2026-07-09 05:42:21"}
{"level":"info","message":"Created PlaylistSound with id [Dw5PfZggJ1vjsIt6] in parent Playlist [wCShnZgiIrfu15JS]","timestamp":"2026-07-09 05:42:35"}
{"level":"info","message":"Created PlaylistSound with id [5DxD8eEoIdmsDfUi] in parent Playlist [wCShnZgiIrfu15JS]","timestamp":"2026-07-09 05:43:20"}
{"level":"info","message":"Created Playlist with id [Z2fwDgBCBUNGovxE]","timestamp":"2026-07-09 05:43:44"}
{"level":"info","message":"Created PlaylistSound with id [0akcSq9sBl2tqH4R] in parent Playlist [Z2fwDgBCBUNGovxE]","timestamp":"2026-07-09 05:43:50"}
{"level":"info","message":"Created PlaylistSound with id [gBOnat2nIq79a8tE] in parent Playlist [Z2fwDgBCBUNGovxE]","timestamp":"2026-07-09 05:43:58"}
{"level":"info","message":"Created PlaylistSound with id [OqZoo86YcetolcVW] in parent Playlist [Z2fwDgBCBUNGovxE]","timestamp":"2026-07-09 05:44:08"}
{"level":"info","message":"Created PlaylistSound with id [tQahRwavzWsEYPLm] in parent Playlist [wCShnZgiIrfu15JS]","timestamp":"2026-07-09 05:45:03"}
{"level":"info","message":"Created PlaylistSound with id [csWrPGau6XbykY8K] in parent Playlist [wCShnZgiIrfu15JS]","timestamp":"2026-07-09 05:45:09"}
{"level":"info","message":"Created PlaylistSound with id [NUOayeZ6FVLNxv3s] in parent Playlist [wCShnZgiIrfu15JS]","timestamp":"2026-07-09 05:45:15"}
{"level":"info","message":"Created PlaylistSound with id [fXWtO3O6lT87TKYj] in parent Playlist [wCShnZgiIrfu15JS]","timestamp":"2026-07-09 05:45:22"}
{"level":"info","message":"Created PlaylistSound with id [E025pt8HlFxdgbAQ] in parent Playlist [wCShnZgiIrfu15JS]","timestamp":"2026-07-09 05:45:30"}
{"level":"info","message":"Created PlaylistSound with id [HCYVExZ2Q3g5DrTf] in parent Playlist [wCShnZgiIrfu15JS]","timestamp":"2026-07-09 05:45:43"}
{"level":"info","message":"Created PlaylistSound with id [br5j7ygVAlt2mYCV] in parent Playlist [wCShnZgiIrfu15JS]","timestamp":"2026-07-09 05:45:50"}
{"level":"info","message":"Created PlaylistSound with id [TMoPoXQ7C3NbBk2y] in parent Playlist [wCShnZgiIrfu15JS]","timestamp":"2026-07-09 05:45:55"}
{"level":"info","message":"Created Token with id [EsOd00SPy4fQFmRr] in parent Scene [CU3b117Q8cHCd33y]","timestamp":"2026-07-09 05:46:13"}
{"level":"info","message":"Created Token with id [mW1ZfDgeK2h2YgAv] in parent Scene [CU3b117Q8cHCd33y]","timestamp":"2026-07-09 05:46:18"}
{"level":"info","message":"Deleted Token with id [mW1ZfDgeK2h2YgAv] in parent Scene [CU3b117Q8cHCd33y]","timestamp":"2026-07-09 05:46:22"}
{"level":"info","message":"Created Token with id [VpyDipN38t7pbP9k] in parent Scene [CU3b117Q8cHCd33y]","timestamp":"2026-07-09 05:46:40"}
{"level":"info","message":"Deleted Token with id [VpyDipN38t7pbP9k] in parent Scene [CU3b117Q8cHCd33y]","timestamp":"2026-07-09 05:46:42"}
{"level":"info","message":"Created Token with id [myaspxHfNc9G4Mlz] in parent Scene [CU3b117Q8cHCd33y]","timestamp":"2026-07-09 05:46:44"}
{"level":"info","message":"Created Token with id [GwXarZPC87tEUuf4] in parent Scene [CU3b117Q8cHCd33y]","timestamp":"2026-07-09 05:47:03"}
{"level":"info","message":"Deleted Token with id [GwXarZPC87tEUuf4] in parent Scene [CU3b117Q8cHCd33y]","timestamp":"2026-07-09 05:47:04"}
{"level":"info","message":"Created Token with id [gdrw3MMPamPndq6i] in parent Scene [CU3b117Q8cHCd33y]","timestamp":"2026-07-09 05:47:05"}
{"level":"info","message":"Created Token with id [aLwGujKE9XI2N9B2] in parent Scene [ku6OAS7ECuxghMZi]","timestamp":"2026-07-09 05:47:41"}
{"level":"info","message":"Deleted Token with id [aLwGujKE9XI2N9B2] in parent Scene [ku6OAS7ECuxghMZi]","timestamp":"2026-07-09 05:47:46"}
{"level":"info","message":"Created Token with id [jKW7g4XH5MZHfj1v] in parent Scene [ku6OAS7ECuxghMZi]","timestamp":"2026-07-09 05:48:03"}
{"level":"info","message":"Created Token with id [qtvKCvYbR1aO4Tpb] in parent Scene [ku6OAS7ECuxghMZi]","timestamp":"2026-07-09 05:48:16"}
{"level":"info","message":"Created Token with id [F3eZja0agUKkjF2n] in parent Scene [ku6OAS7ECuxghMZi]","timestamp":"2026-07-09 05:48:19"}
{"level":"info","message":"Created Wall with id [rKbsxHdCgQzwKXJp] in parent Scene [ku6OAS7ECuxghMZi]","timestamp":"2026-07-09 05:48:48"}
{"level":"info","message":"Created Wall with id [hNOqzNd1roxJXB1h] in parent Scene [ku6OAS7ECuxghMZi]","timestamp":"2026-07-09 05:48:54"}
{"level":"info","message":"Created Wall with id [8QL7uMweVsWIr2vT] in parent Scene [ku6OAS7ECuxghMZi]","timestamp":"2026-07-09 05:48:59"}
{"level":"info","message":"Deleted Wall with id [8QL7uMweVsWIr2vT] in parent Scene [ku6OAS7ECuxghMZi]","timestamp":"2026-07-09 05:48:59"}
{"level":"info","message":"Created Wall with id [LfNBHDemwII8fDqm] in parent Scene [ku6OAS7ECuxghMZi]","timestamp":"2026-07-09 05:49:02"}
{"level":"info","message":"Deleted Wall with id [LfNBHDemwII8fDqm] in parent Scene [ku6OAS7ECuxghMZi]","timestamp":"2026-07-09 05:49:03"}
{"level":"info","message":"Created Wall with id [StwY3J6JYCDqzii6] in parent Scene [ku6OAS7ECuxghMZi]","timestamp":"2026-07-09 05:49:05"}
{"level":"info","message":"Created Wall with id [LsC5qzP7h6G8wkPv] in parent Scene [ku6OAS7ECuxghMZi]","timestamp":"2026-07-09 05:49:07"}
{"level":"info","message":"Created Wall with id [QWJTvw5uKqGOxEFz] in parent Scene [ku6OAS7ECuxghMZi]","timestamp":"2026-07-09 05:49:09"}
{"level":"info","message":"Created Wall with id [B82Aa6Hubos011J7] in parent Scene [ku6OAS7ECuxghMZi]","timestamp":"2026-07-09 05:49:12"}
{"level":"info","message":"Created Wall with id [028VGV74tj7AnKTX] in parent Scene [ku6OAS7ECuxghMZi]","timestamp":"2026-07-09 05:49:15"}
{"level":"info","message":"Created Wall with id [0snXB96dfGCSUByG] in parent Scene [ku6OAS7ECuxghMZi]","timestamp":"2026-07-09 05:49:18"}
{"level":"info","message":"Created Wall with id [AEIjoV1j83NG7wfF] in parent Scene [ku6OAS7ECuxghMZi]","timestamp":"2026-07-09 05:49:20"}
{"level":"info","message":"Created Wall with id [2QvqNE8L9ozpjVRX] in parent Scene [ku6OAS7ECuxghMZi]","timestamp":"2026-07-09 05:49:23"}
{"level":"info","message":"Deleted Wall with id [2QvqNE8L9ozpjVRX] in parent Scene [ku6OAS7ECuxghMZi]","timestamp":"2026-07-09 05:49:23"}
{"level":"info","message":"Created Wall with id [cTeu7KYZd3gWEywF] in parent Scene [ku6OAS7ECuxghMZi]","timestamp":"2026-07-09 05:49:26"}
{"level":"info","message":"Created Wall with id [ODKH0A3hIOJ8zpNM] in parent Scene [ku6OAS7ECuxghMZi]","timestamp":"2026-07-09 05:49:28"}
{"level":"info","message":"Created Wall with id [6lfVPct7K5yl6rmH] in parent Scene [ku6OAS7ECuxghMZi]","timestamp":"2026-07-09 05:49:30"}
{"level":"info","message":"Created Wall with id [vJ6qICJJczHENWlK] in parent Scene [ku6OAS7ECuxghMZi]","timestamp":"2026-07-09 05:49:34"}
{"level":"info","message":"Created Wall with id [xI13KncNllg0af0Z] in parent Scene [ku6OAS7ECuxghMZi]","timestamp":"2026-07-09 05:49:40"}
{"level":"info","message":"Deleted Wall with id [xI13KncNllg0af0Z] in parent Scene [ku6OAS7ECuxghMZi]","timestamp":"2026-07-09 05:49:40"}
{"level":"info","message":"Created Wall with id [upVRJGpnrrmmrhgY] in parent Scene [ku6OAS7ECuxghMZi]","timestamp":"2026-07-09 05:49:42"}
{"level":"info","message":"Created Wall with id [TANNErPDSWsaRDUr] in parent Scene [ku6OAS7ECuxghMZi]","timestamp":"2026-07-09 05:49:46"}
{"level":"info","message":"Created Wall with id [CCJHHvzVbKrSrwd7] in parent Scene [ku6OAS7ECuxghMZi]","timestamp":"2026-07-09 05:49:49"}
{"level":"info","message":"Created Wall with id [WFZmqncv8E1hZjCJ] in parent Scene [ku6OAS7ECuxghMZi]","timestamp":"2026-07-09 05:49:53"}
{"level":"info","message":"Created Wall with id [wbw4rNBqHlMJqKdF] in parent Scene [ku6OAS7ECuxghMZi]","timestamp":"2026-07-09 05:49:55"}
{"level":"info","message":"No system update for Dungeons & Dragons Fifth Edition is currently available.","timestamp":"2026-07-09 05:51:24"}
{"level":"info","message":"Vended World data to User [olgUvOxRlG7uDAVP] in 436ms","timestamp":"2026-07-09 05:51:24"}
{"level":"info","message":"Reset 0 FogExploration documents for Scene ku6OAS7ECuxghMZi","timestamp":"2026-07-09 05:51:40"}
{"level":"info","message":"Created Token with id [ZoM9WAO5UYy2HWZ4] in parent Scene [ku6OAS7ECuxghMZi]","timestamp":"2026-07-09 05:51:53"}
{"level":"info","message":"Created Token with id [Rkxesq8AZ5dzpqXM] in parent Scene [ku6OAS7ECuxghMZi]","timestamp":"2026-07-09 05:51:55"}
{"level":"info","message":"Created FogExploration with id [EzaI9uGlyVPlzgWl]","timestamp":"2026-07-09 05:52:15"}
{"level":"info","message":"Created client session f01db99e13dfbfd22b321ba5","timestamp":"2026-07-09 05:52:43"}
{"level":"info","message":"Created client session 414237559586a2822fa36b53","timestamp":"2026-07-09 05:52:43"}
{"level":"info","message":"Created client session 92e134a861cf8ec33d46318a","timestamp":"2026-07-09 05:52:54"}
{"level":"info","message":"Created client session 15cd48f7831a150e997d2f64","timestamp":"2026-07-09 05:52:54"}
{"level":"info","message":"Created client session 762910c5a068a382e9ff4103","timestamp":"2026-07-09 05:52:54"}
{"level":"info","message":"Created client session 7bacabc03733c155e2d15298","timestamp":"2026-07-09 05:53:12"}
{"level":"info","message":"Created client session 6781568faca793bfbcf7412f","timestamp":"2026-07-09 05:53:14"}
{"ip":"73.109.124.145","level":"info","message":"User authentication successful for user Deana","session":"6781568faca793bfbcf7412f","timestamp":"2026-07-09 05:53:21"}
{"level":"info","message":"No system update for Dungeons & Dragons Fifth Edition is currently available.","timestamp":"2026-07-09 05:53:23"}
{"level":"info","message":"Vended World data to User [3m2OMbSht4RWDghu] in 257ms","timestamp":"2026-07-09 05:53:23"}
{"level":"info","message":"Created ChatMessage with id [RTE94KqkOyQ2vwwB]","timestamp":"2026-07-09 05:53:28"}
{"level":"info","message":"Created FogExploration with id [UHnIA3RmVqxSc2kH]","timestamp":"2026-07-09 05:53:49"}
{"level":"info","message":"Created client session 58897531e5542a80024531d4","timestamp":"2026-07-09 05:54:49"}
{"level":"info","message":"No system update for Dungeons & Dragons Fifth Edition is currently available.","timestamp":"2026-07-09 05:54:54"}
{"level":"info","message":"Vended World data to User [3m2OMbSht4RWDghu] in 248ms","timestamp":"2026-07-09 05:54:54"}
{"level":"info","message":"Created ChatMessage with id [5xaujNxaRt8J0Ntx]","timestamp":"2026-07-09 05:55:26"}
{"level":"info","message":"Deleted Token with id [HZdcQGNIRk0cWAqp] in parent Scene [fliwZRN2YjWhqf2p]","timestamp":"2026-07-09 05:56:20"}
{"level":"info","message":"Deleted Token with id [cC0FaJpWfk6gzci9] in parent Scene [fliwZRN2YjWhqf2p]","timestamp":"2026-07-09 05:56:21"}
{"level":"info","message":"Created Token with id [t2qRL7q2ygvSDaDX] in parent Scene [fliwZRN2YjWhqf2p]","timestamp":"2026-07-09 05:56:22"}
{"level":"info","message":"Deleted 18 ChatMessage documents","timestamp":"2026-07-09 05:56:47"}
{"level":"info","message":"Created Token with id [PuuUHlLl3ec4TbIa] in parent Scene [fliwZRN2YjWhqf2p]","timestamp":"2026-07-09 05:57:11"}
{"level":"info","message":"Deleted Token with id [t2qRL7q2ygvSDaDX] in parent Scene [fliwZRN2YjWhqf2p]","timestamp":"2026-07-09 05:57:12"}
{"level":"info","message":"Created Token with id [qsbeDXCceBNyiwWM] in parent Scene [fliwZRN2YjWhqf2p]","timestamp":"2026-07-09 05:57:14"}
{"level":"info","message":"Created Combatant with id [6AVJx8PNRFfN8Ool] in parent Combat [RIMXsZkFmuVrjhxH]","timestamp":"2026-07-09 05:57:20"}
{"level":"info","message":"Created ChatMessage with id [tz1zYBK48Kdop8Cm]","timestamp":"2026-07-09 05:57:20"}
{"level":"info","message":"Created Combatant with id [grIZoRbxyvno2khU] in parent Combat [RIMXsZkFmuVrjhxH]","timestamp":"2026-07-09 05:57:37"}
{"level":"info","message":"Created ChatMessage with id [OGXlSY2UnseVtmly]","timestamp":"2026-07-09 05:57:37"}
{"level":"info","message":"Created Combatant with id [fq02eBC1CVNbOtIs] in parent Combat [RIMXsZkFmuVrjhxH]","timestamp":"2026-07-09 05:57:46"}
{"level":"info","message":"Created ChatMessage with id [1iN3GuYoZslB8p0i]","timestamp":"2026-07-09 05:57:46"}
{"level":"info","message":"Created ChatMessage with id [JI2HkTS90fytNb98]","timestamp":"2026-07-09 05:59:07"}
{"level":"info","message":"Created ChatMessage with id [ZAczH69DSnMLjEz3]","timestamp":"2026-07-09 05:59:14"}
{"level":"info","message":"Created ChatMessage with id [jHCpUh2HmNlYB4vB]","timestamp":"2026-07-09 05:59:23"}
{"level":"info","message":"Created ChatMessage with id [zCN8eod8Lf7uxVF2]","timestamp":"2026-07-09 05:59:40"}
{"level":"info","message":"Deleted Combat with id [RIMXsZkFmuVrjhxH]","timestamp":"2026-07-09 06:00:31"}
{"level":"info","message":"Created Combat with id [KJ5V2xN7nkLGApJF]","timestamp":"2026-07-09 06:00:37"}
{"level":"info","message":"Created Combatant with id [K2x7Lo7fVEdPvcku] in parent Combat [KJ5V2xN7nkLGApJF]","timestamp":"2026-07-09 06:00:37"}
{"level":"info","message":"Created ChatMessage with id [7EgwWvVzo3gkfMdR]","timestamp":"2026-07-09 06:00:37"}
{"level":"info","message":"Created Combatant with id [xbB6l9CKXtDLS1it] in parent Combat [KJ5V2xN7nkLGApJF]","timestamp":"2026-07-09 06:00:44"}
{"level":"info","message":"Created ChatMessage with id [raozqwdJqKKzjI89]","timestamp":"2026-07-09 06:00:44"}
{"level":"info","message":"Created Combatant with id [dnsyGNODoI66vHvz] in parent Combat [KJ5V2xN7nkLGApJF]","timestamp":"2026-07-09 06:00:53"}
{"level":"info","message":"Created ChatMessage with id [vq0gR7MoZKZtIAW2]","timestamp":"2026-07-09 06:00:53"}
{"level":"info","message":"Created Combatant with id [B1Zl3coKCkw5oPxp] in parent Combat [KJ5V2xN7nkLGApJF]","timestamp":"2026-07-09 06:01:02"}
{"level":"info","message":"Created ChatMessage with id [L9986xvMZwKLNqim]","timestamp":"2026-07-09 06:01:02"}
{"level":"info","message":"Created ChatMessage with id [WFFgMdkaezEHOuXn]","timestamp":"2026-07-09 06:01:20"}
{"level":"info","message":"Created ChatMessage with id [su3fk5VZMBm3FAvw]","timestamp":"2026-07-09 06:01:21"}
{"level":"info","message":"Created ChatMessage with id [tYYeGdEzN875MMIa]","timestamp":"2026-07-09 06:01:31"}
{"level":"info","message":"Created ActiveEffect with id [dnd5ebloodied000] in parent Actor [lfxqRsp5evpuc4G8]","timestamp":"2026-07-09 06:01:40"}
{"level":"info","message":"Created ChatMessage with id [oBF69wRG5nKQDhL2]","timestamp":"2026-07-09 06:02:16"}
{"level":"info","message":"Created ChatMessage with id [R3XhYAeUAQ7sNPob]","timestamp":"2026-07-09 06:02:19"}
{"level":"info","message":"Created ChatMessage with id [1fJioliLEHSYXGwE]","timestamp":"2026-07-09 06:02:27"}
{"level":"info","message":"Deleted Combat with id [KJ5V2xN7nkLGApJF]","timestamp":"2026-07-09 06:02:44"}
{"level":"info","message":"Deleted ActiveEffect with id [dnd5ebloodied000] in parent Actor [lfxqRsp5evpuc4G8]","timestamp":"2026-07-09 06:02:49"}
{"level":"info","message":"Created ChatMessage with id [GmiWCyPteOFQ0qD1]","timestamp":"2026-07-09 06:02:49"}
{"level":"info","message":"Deleted Token with id [qsbeDXCceBNyiwWM] in parent Scene [fliwZRN2YjWhqf2p]","timestamp":"2026-07-09 06:03:12"}
{"level":"info","message":"Deleted Token with id [PuuUHlLl3ec4TbIa] in parent Scene [fliwZRN2YjWhqf2p]","timestamp":"2026-07-09 06:03:12"}
{"level":"info","message":"Created Token with id [pKxGuUZ6hi1fz4dx] in parent Scene [fliwZRN2YjWhqf2p]","timestamp":"2026-07-09 06:03:25"}
{"level":"info","message":"Created Token with id [Hi98KK30VtwPY4qB] in parent Scene [fliwZRN2YjWhqf2p]","timestamp":"2026-07-09 06:03:26"}
{"level":"info","message":"Created ChatMessage with id [s0pbZA8DqxQlTRgi]","timestamp":"2026-07-09 06:03:30"}
{"level":"info","message":"Created ChatMessage with id [QzC5BBDYElIB4NOF]","timestamp":"2026-07-09 06:03:43"}
{"level":"info","message":"Created client session 6b31d902b7bf184913bb1b32","timestamp":"2026-07-09 06:03:50"}
{"level":"info","message":"Created ChatMessage with id [3e6hd8X0PuK7q3yM]","timestamp":"2026-07-09 06:03:59"}
{"level":"info","message":"Created ActiveEffect with id [dnd5ebloodied000] in parent Actor [lfxqRsp5evpuc4G8]","timestamp":"2026-07-09 06:04:06"}
{"level":"info","message":"Deleted ActiveEffect with id [dnd5ebloodied000] in parent Actor [lfxqRsp5evpuc4G8]","timestamp":"2026-07-09 06:04:15"}
{"level":"info","message":"Created ActiveEffect with id [dnd5ebloodied000] in parent Actor [lfxqRsp5evpuc4G8]","timestamp":"2026-07-09 06:04:33"}
{"level":"info","message":"Deleted ActiveEffect with id [dnd5ebloodied000] in parent Actor [lfxqRsp5evpuc4G8]","timestamp":"2026-07-09 06:04:36"}
{"level":"info","message":"Created ActiveEffect with id [dnd5ebloodied000] in parent Actor [F8OuYfR1W9pB8cSX]","timestamp":"2026-07-09 06:04:48"}
{"level":"info","message":"Deleted ActiveEffect with id [dnd5ebloodied000] in parent Actor [F8OuYfR1W9pB8cSX]","timestamp":"2026-07-09 06:04:50"}
{"level":"info","message":"Created ChatMessage with id [QsB5Lz1oSbaUkvvd]","timestamp":"2026-07-09 06:05:11"}
{"level":"info","message":"Created ChatMessage with id [sfiYHKwRUYfbQq50]","timestamp":"2026-07-09 06:05:21"}
{"level":"info","message":"Created ChatMessage with id [SIibZ57dr3InyING]","timestamp":"2026-07-09 06:05:28"}
{"level":"info","message":"Created ChatMessage with id [FKx4SllmAaC0PncI]","timestamp":"2026-07-09 06:05:36"}
{"level":"info","message":"Created ChatMessage with id [rRoKKnePSJjjo9L5]","timestamp":"2026-07-09 06:05:41"}
{"level":"info","message":"Created ChatMessage with id [oeONAXXCseZsA4Mn]","timestamp":"2026-07-09 06:05:49"}
{"level":"info","message":"Created ChatMessage with id [F42flFHJg8w6n0Zn]","timestamp":"2026-07-09 06:05:59"}
{"level":"info","message":"Created ChatMessage with id [pCo2qcO2V8ZZ26FF]","timestamp":"2026-07-09 06:06:08"}
{"level":"info","message":"Created client session 024c71b044efbdf7cad5b807","timestamp":"2026-07-09 06:07:15"}
{"ip":"38.143.253.121","level":"info","message":"User authentication successful for user Deana","session":"024c71b044efbdf7cad5b807","timestamp":"2026-07-09 06:07:18"}
{"level":"info","message":"No system update for Dungeons & Dragons Fifth Edition is currently available.","timestamp":"2026-07-09 06:07:19"}
{"level":"info","message":"Vended World data to User [3m2OMbSht4RWDghu] in 275ms","timestamp":"2026-07-09 06:07:20"}
{"ip":"38.143.253.121","level":"info","message":"User authentication successful for user Rachel","session":"024c71b044efbdf7cad5b807","timestamp":"2026-07-09 06:07:24"}
{"level":"info","message":"No system update for Dungeons & Dragons Fifth Edition is currently available.","timestamp":"2026-07-09 06:07:25"}
{"level":"info","message":"Vended World data to User [vie17UJbo1xNiVbA] in 256ms","timestamp":"2026-07-09 06:07:25"}
{"level":"info","message":"Created ChatMessage with id [fTICqXX6zuZdNxwe]","timestamp":"2026-07-09 06:07:26"}
{"level":"info","message":"Created Token with id [usrwJHcWSO6kImSt] in parent Scene [ku6OAS7ECuxghMZi]","timestamp":"2026-07-09 06:07:55"}
{"level":"info","message":"Created FogExploration with id [Tqt0P18mnGfSKRVw]","timestamp":"2026-07-09 06:08:13"}
{"level":"info","message":"Created Scene with id [EcgoUqV9kBSYa8B0]","timestamp":"2026-07-09 06:08:35"}
{"level":"info","message":"Extracted base64 asset: \"/home/ubuntu/foundryuserdata/Data/worlds/dandd-introduction/assets/scenes/EcgoUqV9kBSYa8B0-thumb.webp\"","timestamp":"2026-07-09 06:09:16"}
{"level":"info","message":"Created ChatMessage with id [UUjd6NqCvlJPQuVA]","timestamp":"2026-07-09 06:09:47"}
{"level":"info","message":"Created ChatMessage with id [CvXkzUWrJI0pIRYP]","timestamp":"2026-07-09 06:09:52"}
{"level":"info","message":"Created ChatMessage with id [s8d52ndA6fINPaIZ]","timestamp":"2026-07-09 06:09:53"}
{"level":"info","message":"Created ChatMessage with id [HvKmsrWivNxRigXG]","timestamp":"2026-07-09 06:09:59"}
{"level":"info","message":"Deleted 34 ChatMessage documents","timestamp":"2026-07-09 06:10:40"}
{"level":"info","message":"Reset 3 FogExploration documents for Scene ku6OAS7ECuxghMZi","timestamp":"2026-07-09 06:10:47"}
{"level":"info","message":"Logged user olgUvOxRlG7uDAVP out of active World","timestamp":"2026-07-09 06:11:03"}
{"level":"info","message":"Administrator authentication successful for session 518a79710e0d237cdc247aa9","timestamp":"2026-07-09 06:12:00"}
{"level":"info","message":"Connected to database \"actors\"","timestamp":"2026-07-09 06:12:04"}
{"level":"info","message":"Launching World | Loading World Data - 7%","timestamp":"2026-07-09 06:12:04"}
{"level":"info","message":"Connected to database \"cards\"","timestamp":"2026-07-09 06:12:04"}
{"level":"info","message":"Launching World | Loading World Data - 14%","timestamp":"2026-07-09 06:12:04"}
{"level":"info","message":"Connected to database \"messages\"","timestamp":"2026-07-09 06:12:04"}
{"level":"info","message":"Launching World | Loading World Data - 21%","timestamp":"2026-07-09 06:12:04"}
{"level":"info","message":"Connected to database \"combats\"","timestamp":"2026-07-09 06:12:04"}
{"level":"info","message":"Launching World | Loading World Data - 29%","timestamp":"2026-07-09 06:12:04"}
{"level":"info","message":"Connected to database \"fog\"","timestamp":"2026-07-09 06:12:04"}
{"level":"info","message":"Launching World | Loading World Data - 36%","timestamp":"2026-07-09 06:12:04"}
{"level":"info","message":"Connected to database \"folders\"","timestamp":"2026-07-09 06:12:04"}
{"level":"info","message":"Launching World | Loading World Data - 43%","timestamp":"2026-07-09 06:12:04"}
{"level":"info","message":"Connected to database \"items\"","timestamp":"2026-07-09 06:12:04"}
{"level":"info","message":"Launching World | Loading World Data - 50%","timestamp":"2026-07-09 06:12:04"}
{"level":"info","message":"Connected to database \"journal\"","timestamp":"2026-07-09 06:12:04"}
{"level":"info","message":"Launching World | Loading World Data - 57%","timestamp":"2026-07-09 06:12:04"}
{"level":"info","message":"Connected to database \"macros\"","timestamp":"2026-07-09 06:12:04"}
{"level":"info","message":"Launching World | Loading World Data - 64%","timestamp":"2026-07-09 06:12:04"}
{"level":"info","message":"Connected to database \"playlists\"","timestamp":"2026-07-09 06:12:04"}
{"level":"info","message":"Launching World | Loading World Data - 71%","timestamp":"2026-07-09 06:12:04"}
{"level":"info","message":"Connected to database \"tables\"","timestamp":"2026-07-09 06:12:04"}
{"level":"info","message":"Launching World | Loading World Data - 79%","timestamp":"2026-07-09 06:12:04"}
{"level":"info","message":"Connected to database \"scenes\"","timestamp":"2026-07-09 06:12:04"}
{"level":"info","message":"Launching World | Loading World Data - 86%","timestamp":"2026-07-09 06:12:04"}
{"level":"info","message":"Connected to database \"settings\"","timestamp":"2026-07-09 06:12:04"}
{"level":"info","message":"Launching World | Loading World Data - 93%","timestamp":"2026-07-09 06:12:04"}
{"level":"info","message":"Connected to database \"users\"","timestamp":"2026-07-09 06:12:04"}
{"level":"info","message":"Launching World | Loading World Data - 100%","timestamp":"2026-07-09 06:12:04"}
{"level":"info","message":"Launching World | Migrating World Data - 7%","timestamp":"2026-07-09 06:12:04"}
{"level":"info","message":"Launching World | Migrating World Data - 14%","timestamp":"2026-07-09 06:12:04"}
{"level":"info","message":"Launching World | Migrating World Data - 21%","timestamp":"2026-07-09 06:12:04"}
{"level":"info","message":"Launching World | Migrating World Data - 29%","timestamp":"2026-07-09 06:12:04"}
{"level":"info","message":"Launching World | Migrating World Data - 36%","timestamp":"2026-07-09 06:12:04"}
{"level":"info","message":"Launching World | Migrating World Data - 43%","timestamp":"2026-07-09 06:12:04"}
{"level":"info","message":"Launching World | Migrating World Data - 50%","timestamp":"2026-07-09 06:12:04"}
{"level":"info","message":"Launching World | Migrating World Data - 57%","timestamp":"2026-07-09 06:12:04"}
{"level":"info","message":"Launching World | Migrating World Data - 64%","timestamp":"2026-07-09 06:12:04"}
{"level":"info","message":"Launching World | Migrating World Data - 71%","timestamp":"2026-07-09 06:12:04"}
{"level":"info","message":"Launching World | Migrating World Data - 79%","timestamp":"2026-07-09 06:12:04"}
{"level":"info","message":"Launching World | Migrating World Data - 86%","timestamp":"2026-07-09 06:12:04"}
{"level":"info","message":"Launching World | Migrating World Data - 93%","timestamp":"2026-07-09 06:12:04"}
{"level":"info","message":"Launching World | Migrating World Data - 100%","timestamp":"2026-07-09 06:12:04"}
{"level":"info","message":"Connected to database \"fist-ultra-edition-compendium.core_traits_gear\"","timestamp":"2026-07-09 06:12:04"}
{"level":"info","message":"Launching World | Loading Package Data - 33%","timestamp":"2026-07-09 06:12:04"}
{"level":"info","message":"Connected to database \"fist-ultra-edition-compendium.core_traits_skills\"","timestamp":"2026-07-09 06:12:04"}
{"level":"info","message":"Launching World | Loading Package Data - 67%","timestamp":"2026-07-09 06:12:04"}
{"level":"info","message":"Connected to database \"fist-ultra-edition-compendium.rollable_tables\"","timestamp":"2026-07-09 06:12:04"}
{"level":"info","message":"Launching World | Loading Package Data - 100%","timestamp":"2026-07-09 06:12:04"}
{"level":"info","message":"Created 0 Folder documents with ids: []","timestamp":"2026-07-09 06:12:04"}
{"level":"info","message":"Launching World | Migrating Package Data - 33%","timestamp":"2026-07-09 06:12:04"}
{"level":"info","message":"Launching World | Migrating Package Data - 67%","timestamp":"2026-07-09 06:12:04"}
{"level":"info","message":"Launching World | Migrating Package Data - 100%","timestamp":"2026-07-09 06:12:04"}
{"level":"info","message":"Launching World | Complete","timestamp":"2026-07-09 06:12:04"}
{"ip":"38.143.253.121","level":"info","message":"User authentication successful for user Gamemaster","session":"518a79710e0d237cdc247aa9","timestamp":"2026-07-09 06:12:13"}
{"level":"info","message":"No system update for FIST: Ultra Edition is currently available.","timestamp":"2026-07-09 06:12:14"}
{"level":"info","message":"Vended World data to User [xmljeyMGZBPkULO7] in 436ms","timestamp":"2026-07-09 06:12:14"}
{"level":"info","message":"Toggling game pause status to false","timestamp":"2026-07-09 06:12:27"}
{"level":"info","message":"Deleted 8 Token documents in parent Scene [Qd6o0lUHPQsYtKTl]","timestamp":"2026-07-09 06:12:30"}
{"level":"info","message":"Deleted 3 Token documents with ids: [sIVMa4haAi5wcRKW,m7eYUqhUTyMaXSp4,rDCBbZmDrmkIlt89] in parent Scene [Qd6o0lUHPQsYtKTl]","timestamp":"2026-07-09 06:12:31"}
{"level":"info","message":"Deleted Token with id [tV51ZncKKhrk6yyQ] in parent Scene [Qd6o0lUHPQsYtKTl]","timestamp":"2026-07-09 06:12:38"}
{"level":"info","message":"Deleted 10 Token documents in parent Scene [Qd6o0lUHPQsYtKTl]","timestamp":"2026-07-09 06:12:46"}
{"level":"info","message":"Deleted Drawing with id [Fh8ay6LrN7GuZS8C] in parent Scene [Qd6o0lUHPQsYtKTl]","timestamp":"2026-07-09 06:12:49"}
{"level":"info","message":"Deleted 2 Drawing documents with ids: [vyyWTX9pwgTmDDap,6vIUVWVImhcBk3rr] in parent Scene [Qd6o0lUHPQsYtKTl]","timestamp":"2026-07-09 06:12:50"}
{"level":"info","message":"Created Folder with id [ybu6qp0LkByTFOZa]","timestamp":"2026-07-09 06:13:08"}
{"level":"info","message":"Created Actor with id [NSMHAkXPCAw6OvS7]","timestamp":"2026-07-09 06:13:34"}
{"level":"info","message":"Created Item with id [TBtr6BgAFXy63FUN] in parent Actor [NSMHAkXPCAw6OvS7]","timestamp":"2026-07-09 06:13:39"}
{"level":"info","message":"Deleted Item with id [TBtr6BgAFXy63FUN] in parent Actor [NSMHAkXPCAw6OvS7]","timestamp":"2026-07-09 06:13:41"}
{"level":"info","message":"Created Item with id [A0QrK2yvyiRlhhvV] in parent Actor [NSMHAkXPCAw6OvS7]","timestamp":"2026-07-09 06:13:55"}
{"level":"info","message":"Created Item with id [irycTL1IuNuVafmH] in parent Actor [NSMHAkXPCAw6OvS7]","timestamp":"2026-07-09 06:14:12"}
{"level":"info","message":"Created Item with id [eqmONrDqPtrx2F3N] in parent Actor [NSMHAkXPCAw6OvS7]","timestamp":"2026-07-09 06:14:28"}
{"level":"info","message":"Deleted Item with id [eqmONrDqPtrx2F3N] in parent Actor [NSMHAkXPCAw6OvS7]","timestamp":"2026-07-09 06:14:31"}
{"level":"info","message":"Created Folder with id [zoQV3BdrKaTRiwPZ]","timestamp":"2026-07-09 06:15:19"}
{"level":"info","message":"Created Actor with id [lNK4HWIcKJEiUzMw]","timestamp":"2026-07-09 06:15:37"}
{"level":"info","message":"Created Folder with id [WC61uWR494lAfF21]","timestamp":"2026-07-09 06:16:17"}
{"level":"info","message":"Created Actor with id [h6s8C8KoVnOEqqkm]","timestamp":"2026-07-09 06:16:25"}
{"level":"info","message":"Created Folder with id [pnPDyP7pW47xS74d]","timestamp":"2026-07-09 06:16:42"}
{"level":"info","message":"Created Actor with id [aM079rc9wZoHzDHF]","timestamp":"2026-07-09 06:16:47"}
{"level":"info","message":"Created Item with id [R03xXPwsx7L8CH0V] in parent Actor [lNK4HWIcKJEiUzMw]","timestamp":"2026-07-09 06:16:57"}
{"level":"info","message":"Created ChatMessage with id [MwgRWGq4EANsovwW]","timestamp":"2026-07-09 06:17:23"}
{"level":"info","message":"Created Item with id [d53Jib3o9yTe3dqd] in parent Actor [lNK4HWIcKJEiUzMw]","timestamp":"2026-07-09 06:18:18"}
{"level":"info","message":"Created Item with id [Z03lgFM8r4LWet2F] in parent Actor [lNK4HWIcKJEiUzMw]","timestamp":"2026-07-09 06:18:26"}
{"level":"info","message":"Created Item with id [3t9dwAImoq6jip0T] in parent Actor [NSMHAkXPCAw6OvS7]","timestamp":"2026-07-09 06:19:11"}
{"level":"info","message":"Created Item with id [LM3qpAdXih2zeZKE] in parent Actor [NSMHAkXPCAw6OvS7]","timestamp":"2026-07-09 06:19:26"}
{"level":"info","message":"Created User with id [NtkiXgAzAG8PcZW0]","timestamp":"2026-07-09 06:20:35"}
{"level":"info","message":"Created User with id [SkDvkDGrHNLjBWsI]","timestamp":"2026-07-09 06:20:36"}
{"level":"info","message":"Created User with id [9aYk5kWzD953DK6S]","timestamp":"2026-07-09 06:20:36"}
{"level":"info","message":"Created User with id [St1KLKMSN1uQAmVT]","timestamp":"2026-07-09 06:20:36"}
{"level":"info","message":"Created User with id [ACofkaHXw9Sl3rba]","timestamp":"2026-07-09 06:20:37"}
{"level":"info","message":"Deleted User with id [ACofkaHXw9Sl3rba]","timestamp":"2026-07-09 06:20:41"}
{"level":"info","message":"No system update for FIST: Ultra Edition is currently available.","timestamp":"2026-07-09 06:20:55"}
{"level":"info","message":"Vended World data to User [xmljeyMGZBPkULO7] in 436ms","timestamp":"2026-07-09 06:20:55"}
{"level":"info","message":"Created ChatMessage with id [eADY5EvZqZ9Kot4k]","timestamp":"2026-07-09 06:25:56"}
{"level":"info","message":"Logged user xmljeyMGZBPkULO7 out of active World","timestamp":"2026-07-09 06:26:28"}
