{"level":"info","message":"Created client session 5bdfc25c064b14bd8660ab6d","timestamp":"2026-07-08 00:31:37"}
{"level":"info","message":"Created client session 4eed33501002a4439f4bf77e","timestamp":"2026-07-08 01:00:09"}
{"level":"info","message":"Created client session aea6c4b77e591204e2963510","timestamp":"2026-07-08 01:00:10"}
{"level":"info","message":"Created client session e8e782654006f1109cfaeba4","timestamp":"2026-07-08 01:00:10"}
{"level":"info","message":"Created client session b31a389b9fe4fa46f6baaa84","timestamp":"2026-07-08 01:00:11"}
{"level":"info","message":"Created client session 0eb217d00e10785bba7a4756","timestamp":"2026-07-08 01:00:11"}
{"level":"info","message":"Created client session d5b0688467a215fd86f8c0ec","timestamp":"2026-07-08 01:00:11"}
{"level":"info","message":"Created client session c325c23be831d206a5de633d","timestamp":"2026-07-08 01:00:12"}
{"level":"info","message":"Created client session 9860630019f43ab6f7ff9391","timestamp":"2026-07-08 01:00:12"}
{"level":"info","message":"Created client session 00c6f0eccdff3a5a33be6141","timestamp":"2026-07-08 01:00:12"}
{"level":"info","message":"Created client session b42bce591a48df2e0d42d40a","timestamp":"2026-07-08 01:00:13"}
{"level":"info","message":"Created client session 9e3463ac4866409bc41b9dc9","timestamp":"2026-07-08 01:00:13"}
{"level":"info","message":"Created client session 257971e1ff69848a566cfb1c","timestamp":"2026-07-08 01:00:13"}
{"level":"info","message":"Created client session 34abb549c0b344e95dd9e6a6","timestamp":"2026-07-08 01:00:14"}
{"level":"info","message":"Created client session daa6a958ec133b8f39910682","timestamp":"2026-07-08 01:00:14"}
{"level":"info","message":"Created client session 823e243f277f1c0439f4e26c","timestamp":"2026-07-08 01:00:14"}
{"level":"info","message":"Created client session d7707f50ed060ee897f4cc8d","timestamp":"2026-07-08 01:00:14"}
{"level":"info","message":"Created client session e39e8d7620c1fa0fad62c442","timestamp":"2026-07-08 01:00:15"}
{"level":"info","message":"Created client session d31576ec8caee6a69192b7f3","timestamp":"2026-07-08 01:00:15"}
{"level":"info","message":"Created client session 1043e2700693d19d6c156f76","timestamp":"2026-07-08 01:00:15"}
{"level":"info","message":"Created client session d6a0be43479658185313313e","timestamp":"2026-07-08 01:00:16"}
{"level":"info","message":"Created client session efc3d937718a7525f782b31e","timestamp":"2026-07-08 01:00:16"}
{"level":"info","message":"Created client session d9174fb7e8bcaaa4f827e5b5","timestamp":"2026-07-08 01:00:16"}
{"level":"info","message":"Created client session e424c4c18c5a7d4d1d85e71e","timestamp":"2026-07-08 01:00:16"}
{"level":"info","message":"Created client session d610d6e18cfedb51dcf38b55","timestamp":"2026-07-08 01:00:17"}
{"level":"info","message":"Created client session bd9c076a5f1e4ad57fb6abb9","timestamp":"2026-07-08 01:00:17"}
{"level":"info","message":"Created client session c243feead5ac8025338c119f","timestamp":"2026-07-08 01:00:17"}
{"level":"info","message":"Created client session 5f796462da93714d51ede4c1","timestamp":"2026-07-08 01:00:18"}
{"level":"info","message":"Created client session 720f5663aca2c6eb27501e4f","timestamp":"2026-07-08 01:00:18"}
{"level":"info","message":"Created client session 968b32625e5266271739c14f","timestamp":"2026-07-08 01:00:19"}
{"level":"info","message":"Created client session 42945f1e95c8280d8a9d6b45","timestamp":"2026-07-08 01:00:19"}
{"level":"info","message":"Created client session 31ed03827feb62f3c5d2ec00","timestamp":"2026-07-08 01:51:01"}
{"level":"info","message":"Created client session ac8c43bed690af614c6c9eaa","timestamp":"2026-07-08 01:56:47"}
{"level":"info","message":"Created client session 5de6456843c7660c50abdacb","timestamp":"2026-07-08 02:26:39"}
{"level":"info","message":"Created client session 0838c333b4eb291888583541","timestamp":"2026-07-08 02:30:39"}
{"level":"info","message":"Created client session 296c84da26d21dcfc4d04d6d","timestamp":"2026-07-08 03:01:13"}
{"level":"info","message":"Created client session d94651851d99a1746f74b8f0","timestamp":"2026-07-08 03:02:05"}
{"level":"info","message":"Created client session b01fbd9377b2a24313fddcba","timestamp":"2026-07-08 03:02:46"}
{"level":"info","message":"Created client session 824842e2a40f0bd533710590","timestamp":"2026-07-08 03:06:44"}
{"level":"info","message":"Created client session 4d47e7c8aea03524423079f7","timestamp":"2026-07-08 03:07:41"}
{"level":"info","message":"Created client session a28b2cf1b08f70195cc06537","timestamp":"2026-07-08 03:45:51"}
{"level":"info","message":"Created client session 5238ba884193d090b5eba668","timestamp":"2026-07-08 03:56:14"}
{"level":"info","message":"Created client session f2526193d6e0fdd9a27ec14d","timestamp":"2026-07-08 03:56:38"}
{"level":"info","message":"Created client session 8bc4b8c36301877135c21461","timestamp":"2026-07-08 04:07:19"}
{"level":"info","message":"Created client session e00a542f8ef509cf8248983c","timestamp":"2026-07-08 04:07:19"}
{"level":"info","message":"Created client session b60b6dd75289cd08bd7567c7","timestamp":"2026-07-08 04:07:20"}
{"level":"info","message":"Created client session cd26505df52e8ddc1f1a83ae","timestamp":"2026-07-08 04:07:20"}
{"level":"info","message":"Created client session 759c9452a968b0ce9407689c","timestamp":"2026-07-08 04:07:20"}
{"level":"info","message":"Created client session 3ef1e14467dd30063bd7a17f","timestamp":"2026-07-08 04:19:07"}
{"level":"info","message":"Created client session 016849d86b9bdf8d1fa000be","timestamp":"2026-07-08 05:04:57"}
{"level":"info","message":"Created client session ddd1eac5f51553022992b9bb","timestamp":"2026-07-08 05:04:58"}
{"level":"info","message":"Created client session 3c39e4fcb931ce1c13ca365b","timestamp":"2026-07-08 05:04:58"}
{"level":"info","message":"Created client session eea33b8d3d6bbde33c263f67","timestamp":"2026-07-08 05:04:58"}
{"level":"info","message":"Created client session 9e663ab1096be8e87ae35dea","timestamp":"2026-07-08 05:44:58"}
{"level":"info","message":"Created client session f77803909ae046d8b6c4e906","timestamp":"2026-07-08 05:57:50"}
{"level":"info","message":"Created client session d1843bd7d542bc0a87b1de44","timestamp":"2026-07-08 06:10:46"}
{"level":"info","message":"Created client session 7ba48a31e7c2ad3ddc2a5ce7","timestamp":"2026-07-08 06:24:28"}
{"level":"info","message":"Created client session a46d192324853ed3f04638a6","timestamp":"2026-07-08 06:43:25"}
{"level":"info","message":"Created client session 07f68359f61b49a3af5ce291","timestamp":"2026-07-08 06:43:45"}
{"level":"info","message":"Created client session 010819b3351d3633ed17e3b6","timestamp":"2026-07-08 06:45:43"}
{"ip":"38.143.253.121","level":"warn","message":"Administrator authentication failed for session 010819b3351d3633ed17e3b6; invalid password","status":403,"timestamp":"2026-07-08 06:45:51"}
{"level":"info","message":"Administrator authentication successful for session 010819b3351d3633ed17e3b6","timestamp":"2026-07-08 06:45:55"}
{"level":"info","message":"Core software stable update 14.364 is available!","timestamp":"2026-07-08 06:45:56"}
{"level":"warn","message":"Received invalid Package data from website repository for package id \"owb-ponteville-bridge\"","timestamp":"2026-07-08 06:45:58"}
{"level":"warn","message":"Received invalid Package data from website repository for package id \"liminal\"","timestamp":"2026-07-08 06:45:58"}
{"level":"warn","message":"Received invalid Package data from website repository for package id \"trophy-dark-srd\"","timestamp":"2026-07-08 06:45:58"}
{"level":"warn","message":"Received invalid Package data from website repository for package id \"brancalonia-bigat\"","timestamp":"2026-07-08 06:45:58"}
{"level":"info","message":"Downloading package - 0%","timestamp":"2026-07-08 06:46:22"}
{"level":"info","message":"Downloading package - 1%","timestamp":"2026-07-08 06:46:22"}
{"level":"info","message":"Downloading package - 2%","timestamp":"2026-07-08 06:46:22"}
{"level":"info","message":"Downloading package - 3%","timestamp":"2026-07-08 06:46:22"}
{"level":"info","message":"Downloading package - 4%","timestamp":"2026-07-08 06:46:22"}
{"level":"info","message":"Downloading package - 5%","timestamp":"2026-07-08 06:46:22"}
{"level":"info","message":"Downloading package - 6%","timestamp":"2026-07-08 06:46:22"}
{"level":"info","message":"Downloading package - 7%","timestamp":"2026-07-08 06:46:22"}
{"level":"info","message":"Downloading package - 8%","timestamp":"2026-07-08 06:46:22"}
{"level":"info","message":"Downloading package - 9%","timestamp":"2026-07-08 06:46:22"}
{"level":"info","message":"Downloading package - 10%","timestamp":"2026-07-08 06:46:22"}
{"level":"info","message":"Downloading package - 11%","timestamp":"2026-07-08 06:46:22"}
{"level":"info","message":"Downloading package - 12%","timestamp":"2026-07-08 06:46:22"}
{"level":"info","message":"Downloading package - 13%","timestamp":"2026-07-08 06:46:22"}
{"level":"info","message":"Downloading package - 14%","timestamp":"2026-07-08 06:46:22"}
{"level":"info","message":"Downloading package - 15%","timestamp":"2026-07-08 06:46:22"}
{"level":"info","message":"Downloading package - 16%","timestamp":"2026-07-08 06:46:22"}
{"level":"info","message":"Downloading package - 17%","timestamp":"2026-07-08 06:46:22"}
{"level":"info","message":"Downloading package - 18%","timestamp":"2026-07-08 06:46:22"}
{"level":"info","message":"Downloading package - 19%","timestamp":"2026-07-08 06:46:22"}
{"level":"info","message":"Downloading package - 20%","timestamp":"2026-07-08 06:46:22"}
{"level":"info","message":"Downloading package - 21%","timestamp":"2026-07-08 06:46:22"}
{"level":"info","message":"Downloading package - 22%","timestamp":"2026-07-08 06:46:22"}
{"level":"info","message":"Downloading package - 23%","timestamp":"2026-07-08 06:46:22"}
{"level":"info","message":"Downloading package - 24%","timestamp":"2026-07-08 06:46:22"}
{"level":"info","message":"Downloading package - 25%","timestamp":"2026-07-08 06:46:22"}
{"level":"info","message":"Downloading package - 26%","timestamp":"2026-07-08 06:46:22"}
{"level":"info","message":"Downloading package - 27%","timestamp":"2026-07-08 06:46:22"}
{"level":"info","message":"Downloading package - 28%","timestamp":"2026-07-08 06:46:22"}
{"level":"info","message":"Downloading package - 29%","timestamp":"2026-07-08 06:46:22"}
{"level":"info","message":"Downloading package - 30%","timestamp":"2026-07-08 06:46:22"}
{"level":"info","message":"Downloading package - 31%","timestamp":"2026-07-08 06:46:22"}
{"level":"info","message":"Downloading package - 32%","timestamp":"2026-07-08 06:46:22"}
{"level":"info","message":"Downloading package - 33%","timestamp":"2026-07-08 06:46:22"}
{"level":"info","message":"Downloading package - 34%","timestamp":"2026-07-08 06:46:22"}
{"level":"info","message":"Downloading package - 35%","timestamp":"2026-07-08 06:46:22"}
{"level":"info","message":"Downloading package - 36%","timestamp":"2026-07-08 06:46:22"}
{"level":"info","message":"Downloading package - 37%","timestamp":"2026-07-08 06:46:22"}
{"level":"info","message":"Downloading package - 38%","timestamp":"2026-07-08 06:46:22"}
{"level":"info","message":"Downloading package - 39%","timestamp":"2026-07-08 06:46:22"}
{"level":"info","message":"Downloading package - 40%","timestamp":"2026-07-08 06:46:22"}
{"level":"info","message":"Downloading package - 41%","timestamp":"2026-07-08 06:46:22"}
{"level":"info","message":"Downloading package - 42%","timestamp":"2026-07-08 06:46:22"}
{"level":"info","message":"Downloading package - 43%","timestamp":"2026-07-08 06:46:22"}
{"level":"info","message":"Downloading package - 44%","timestamp":"2026-07-08 06:46:22"}
{"level":"info","message":"Downloading package - 45%","timestamp":"2026-07-08 06:46:22"}
{"level":"info","message":"Downloading package - 46%","timestamp":"2026-07-08 06:46:22"}
{"level":"info","message":"Downloading package - 47%","timestamp":"2026-07-08 06:46:22"}
{"level":"info","message":"Downloading package - 48%","timestamp":"2026-07-08 06:46:22"}
{"level":"info","message":"Downloading package - 49%","timestamp":"2026-07-08 06:46:22"}
{"level":"info","message":"Downloading package - 50%","timestamp":"2026-07-08 06:46:22"}
{"level":"info","message":"Downloading package - 51%","timestamp":"2026-07-08 06:46:22"}
{"level":"info","message":"Downloading package - 52%","timestamp":"2026-07-08 06:46:22"}
{"level":"info","message":"Downloading package - 53%","timestamp":"2026-07-08 06:46:22"}
{"level":"info","message":"Downloading package - 54%","timestamp":"2026-07-08 06:46:22"}
{"level":"info","message":"Downloading package - 55%","timestamp":"2026-07-08 06:46:22"}
{"level":"info","message":"Downloading package - 56%","timestamp":"2026-07-08 06:46:22"}
{"level":"info","message":"Downloading package - 57%","timestamp":"2026-07-08 06:46:22"}
{"level":"info","message":"Downloading package - 58%","timestamp":"2026-07-08 06:46:22"}
{"level":"info","message":"Downloading package - 59%","timestamp":"2026-07-08 06:46:22"}
{"level":"info","message":"Downloading package - 60%","timestamp":"2026-07-08 06:46:22"}
{"level":"info","message":"Downloading package - 61%","timestamp":"2026-07-08 06:46:22"}
{"level":"info","message":"Downloading package - 62%","timestamp":"2026-07-08 06:46:22"}
{"level":"info","message":"Downloading package - 63%","timestamp":"2026-07-08 06:46:22"}
{"level":"info","message":"Downloading package - 64%","timestamp":"2026-07-08 06:46:22"}
{"level":"info","message":"Downloading package - 65%","timestamp":"2026-07-08 06:46:22"}
{"level":"info","message":"Downloading package - 66%","timestamp":"2026-07-08 06:46:22"}
{"level":"info","message":"Downloading package - 67%","timestamp":"2026-07-08 06:46:22"}
{"level":"info","message":"Downloading package - 68%","timestamp":"2026-07-08 06:46:22"}
{"level":"info","message":"Downloading package - 69%","timestamp":"2026-07-08 06:46:22"}
{"level":"info","message":"Downloading package - 70%","timestamp":"2026-07-08 06:46:22"}
{"level":"info","message":"Downloading package - 71%","timestamp":"2026-07-08 06:46:22"}
{"level":"info","message":"Downloading package - 72%","timestamp":"2026-07-08 06:46:22"}
{"level":"info","message":"Downloading package - 73%","timestamp":"2026-07-08 06:46:22"}
{"level":"info","message":"Downloading package - 74%","timestamp":"2026-07-08 06:46:22"}
{"level":"info","message":"Downloading package - 75%","timestamp":"2026-07-08 06:46:22"}
{"level":"info","message":"Downloading package - 76%","timestamp":"2026-07-08 06:46:22"}
{"level":"info","message":"Downloading package - 77%","timestamp":"2026-07-08 06:46:22"}
{"level":"info","message":"Downloading package - 78%","timestamp":"2026-07-08 06:46:22"}
{"level":"info","message":"Downloading package - 79%","timestamp":"2026-07-08 06:46:22"}
{"level":"info","message":"Downloading package - 80%","timestamp":"2026-07-08 06:46:22"}
{"level":"info","message":"Downloading package - 81%","timestamp":"2026-07-08 06:46:22"}
{"level":"info","message":"Downloading package - 82%","timestamp":"2026-07-08 06:46:22"}
{"level":"info","message":"Downloading package - 83%","timestamp":"2026-07-08 06:46:22"}
{"level":"info","message":"Downloading package - 84%","timestamp":"2026-07-08 06:46:22"}
{"level":"info","message":"Downloading package - 85%","timestamp":"2026-07-08 06:46:22"}
{"level":"info","message":"Downloading package - 86%","timestamp":"2026-07-08 06:46:22"}
{"level":"info","message":"Downloading package - 87%","timestamp":"2026-07-08 06:46:22"}
{"level":"info","message":"Downloading package - 88%","timestamp":"2026-07-08 06:46:22"}
{"level":"info","message":"Downloading package - 89%","timestamp":"2026-07-08 06:46:22"}
{"level":"info","message":"Downloading package - 90%","timestamp":"2026-07-08 06:46:22"}
{"level":"info","message":"Downloading package - 91%","timestamp":"2026-07-08 06:46:22"}
{"level":"info","message":"Downloading package - 92%","timestamp":"2026-07-08 06:46:22"}
{"level":"info","message":"Downloading package - 93%","timestamp":"2026-07-08 06:46:22"}
{"level":"info","message":"Downloading package - 94%","timestamp":"2026-07-08 06:46:22"}
{"level":"info","message":"Downloading package - 95%","timestamp":"2026-07-08 06:46:22"}
{"level":"info","message":"Downloading package - 96%","timestamp":"2026-07-08 06:46:22"}
{"level":"info","message":"Downloading package - 97%","timestamp":"2026-07-08 06:46:22"}
{"level":"info","message":"Downloading package - 98%","timestamp":"2026-07-08 06:46:22"}
{"level":"info","message":"Downloading package - 99%","timestamp":"2026-07-08 06:46:22"}
{"level":"info","message":"Downloading package - 100%","timestamp":"2026-07-08 06:46:22"}
{"level":"info","message":"Installing package - 0%","timestamp":"2026-07-08 06:46:22"}
{"level":"info","message":"Installing package - 1%","timestamp":"2026-07-08 06:46:23"}
{"level":"info","message":"Installing package - 2%","timestamp":"2026-07-08 06:46:23"}
{"level":"info","message":"Installing package - 3%","timestamp":"2026-07-08 06:46:23"}
{"level":"info","message":"Installing package - 4%","timestamp":"2026-07-08 06:46:23"}
{"level":"info","message":"Installing package - 5%","timestamp":"2026-07-08 06:46:23"}
{"level":"info","message":"Installing package - 6%","timestamp":"2026-07-08 06:46:23"}
{"level":"info","message":"Installing package - 7%","timestamp":"2026-07-08 06:46:23"}
{"level":"info","message":"Installing package - 8%","timestamp":"2026-07-08 06:46:23"}
{"level":"info","message":"Installing package - 9%","timestamp":"2026-07-08 06:46:23"}
{"level":"info","message":"Installing package - 10%","timestamp":"2026-07-08 06:46:23"}
{"level":"info","message":"Installing package - 11%","timestamp":"2026-07-08 06:46:23"}
{"level":"info","message":"Installing package - 12%","timestamp":"2026-07-08 06:46:23"}
{"level":"info","message":"Installing package - 13%","timestamp":"2026-07-08 06:46:23"}
{"level":"info","message":"Installing package - 14%","timestamp":"2026-07-08 06:46:23"}
{"level":"info","message":"Installing package - 15%","timestamp":"2026-07-08 06:46:23"}
{"level":"info","message":"Installing package - 16%","timestamp":"2026-07-08 06:46:23"}
{"level":"info","message":"Installing package - 17%","timestamp":"2026-07-08 06:46:23"}
{"level":"info","message":"Installing package - 18%","timestamp":"2026-07-08 06:46:23"}
{"level":"info","message":"Installing package - 19%","timestamp":"2026-07-08 06:46:23"}
{"level":"info","message":"Installing package - 20%","timestamp":"2026-07-08 06:46:23"}
{"level":"info","message":"Installing package - 21%","timestamp":"2026-07-08 06:46:23"}
{"level":"info","message":"Installing package - 22%","timestamp":"2026-07-08 06:46:23"}
{"level":"info","message":"Installing package - 23%","timestamp":"2026-07-08 06:46:23"}
{"level":"info","message":"Installing package - 24%","timestamp":"2026-07-08 06:46:23"}
{"level":"info","message":"Installing package - 25%","timestamp":"2026-07-08 06:46:23"}
{"level":"info","message":"Installing package - 26%","timestamp":"2026-07-08 06:46:23"}
{"level":"info","message":"Installing package - 27%","timestamp":"2026-07-08 06:46:23"}
{"level":"info","message":"Installing package - 28%","timestamp":"2026-07-08 06:46:23"}
{"level":"info","message":"Installing package - 29%","timestamp":"2026-07-08 06:46:23"}
{"level":"info","message":"Installing package - 30%","timestamp":"2026-07-08 06:46:23"}
{"level":"info","message":"Installing package - 31%","timestamp":"2026-07-08 06:46:23"}
{"level":"info","message":"Installing package - 32%","timestamp":"2026-07-08 06:46:23"}
{"level":"info","message":"Installing package - 33%","timestamp":"2026-07-08 06:46:23"}
{"level":"info","message":"Installing package - 34%","timestamp":"2026-07-08 06:46:23"}
{"level":"info","message":"Installing package - 35%","timestamp":"2026-07-08 06:46:23"}
{"level":"info","message":"Installing package - 36%","timestamp":"2026-07-08 06:46:23"}
{"level":"info","message":"Installing package - 37%","timestamp":"2026-07-08 06:46:23"}
{"level":"info","message":"Installing package - 38%","timestamp":"2026-07-08 06:46:23"}
{"level":"info","message":"Installing package - 39%","timestamp":"2026-07-08 06:46:23"}
{"level":"info","message":"Installing package - 40%","timestamp":"2026-07-08 06:46:23"}
{"level":"info","message":"Installing package - 41%","timestamp":"2026-07-08 06:46:23"}
{"level":"info","message":"Installing package - 42%","timestamp":"2026-07-08 06:46:23"}
{"level":"info","message":"Installing package - 43%","timestamp":"2026-07-08 06:46:23"}
{"level":"info","message":"Installing package - 44%","timestamp":"2026-07-08 06:46:23"}
{"level":"info","message":"Installing package - 45%","timestamp":"2026-07-08 06:46:23"}
{"level":"info","message":"Installing package - 46%","timestamp":"2026-07-08 06:46:23"}
{"level":"info","message":"Installing package - 47%","timestamp":"2026-07-08 06:46:23"}
{"level":"info","message":"Installing package - 48%","timestamp":"2026-07-08 06:46:23"}
{"level":"info","message":"Installing package - 49%","timestamp":"2026-07-08 06:46:23"}
{"level":"info","message":"Installing package - 50%","timestamp":"2026-07-08 06:46:23"}
{"level":"info","message":"Installing package - 51%","timestamp":"2026-07-08 06:46:23"}
{"level":"info","message":"Installing package - 52%","timestamp":"2026-07-08 06:46:23"}
{"level":"info","message":"Installing package - 53%","timestamp":"2026-07-08 06:46:23"}
{"level":"info","message":"Installing package - 54%","timestamp":"2026-07-08 06:46:23"}
{"level":"info","message":"Installing package - 55%","timestamp":"2026-07-08 06:46:23"}
{"level":"info","message":"Installing package - 56%","timestamp":"2026-07-08 06:46:23"}
{"level":"info","message":"Installing package - 57%","timestamp":"2026-07-08 06:46:23"}
{"level":"info","message":"Installing package - 58%","timestamp":"2026-07-08 06:46:23"}
{"level":"info","message":"Installing package - 59%","timestamp":"2026-07-08 06:46:23"}
{"level":"info","message":"Installing package - 60%","timestamp":"2026-07-08 06:46:23"}
{"level":"info","message":"Installing package - 61%","timestamp":"2026-07-08 06:46:23"}
{"level":"info","message":"Installing package - 62%","timestamp":"2026-07-08 06:46:23"}
{"level":"info","message":"Installing package - 63%","timestamp":"2026-07-08 06:46:23"}
{"level":"info","message":"Installing package - 64%","timestamp":"2026-07-08 06:46:23"}
{"level":"info","message":"Installing package - 65%","timestamp":"2026-07-08 06:46:23"}
{"level":"info","message":"Installing package - 66%","timestamp":"2026-07-08 06:46:23"}
{"level":"info","message":"Installing package - 67%","timestamp":"2026-07-08 06:46:23"}
{"level":"info","message":"Installing package - 68%","timestamp":"2026-07-08 06:46:24"}
{"level":"info","message":"Installing package - 69%","timestamp":"2026-07-08 06:46:24"}
{"level":"info","message":"Installing package - 70%","timestamp":"2026-07-08 06:46:24"}
{"level":"info","message":"Installing package - 71%","timestamp":"2026-07-08 06:46:24"}
{"level":"info","message":"Installing package - 72%","timestamp":"2026-07-08 06:46:24"}
{"level":"info","message":"Installing package - 73%","timestamp":"2026-07-08 06:46:24"}
{"level":"info","message":"Installing package - 74%","timestamp":"2026-07-08 06:46:24"}
{"level":"info","message":"Installing package - 75%","timestamp":"2026-07-08 06:46:24"}
{"level":"info","message":"Installing package - 76%","timestamp":"2026-07-08 06:46:24"}
{"level":"info","message":"Installing package - 77%","timestamp":"2026-07-08 06:46:24"}
{"level":"info","message":"Installing package - 78%","timestamp":"2026-07-08 06:46:24"}
{"level":"info","message":"Installing package - 79%","timestamp":"2026-07-08 06:46:24"}
{"level":"info","message":"Installing package - 80%","timestamp":"2026-07-08 06:46:24"}
{"level":"info","message":"Installing package - 81%","timestamp":"2026-07-08 06:46:24"}
{"level":"info","message":"Installing package - 82%","timestamp":"2026-07-08 06:46:24"}
{"level":"info","message":"Installing package - 83%","timestamp":"2026-07-08 06:46:24"}
{"level":"info","message":"Installing package - 84%","timestamp":"2026-07-08 06:46:25"}
{"level":"info","message":"Installing package - 85%","timestamp":"2026-07-08 06:46:25"}
{"level":"info","message":"Installing package - 86%","timestamp":"2026-07-08 06:46:25"}
{"level":"info","message":"Installing package - 87%","timestamp":"2026-07-08 06:46:25"}
{"level":"info","message":"Installing package - 88%","timestamp":"2026-07-08 06:46:25"}
{"level":"info","message":"Installing package - 89%","timestamp":"2026-07-08 06:46:25"}
{"level":"info","message":"Installing package - 90%","timestamp":"2026-07-08 06:46:25"}
{"level":"info","message":"Installing package - 91%","timestamp":"2026-07-08 06:46:25"}
{"level":"info","message":"Installing package - 92%","timestamp":"2026-07-08 06:46:25"}
{"level":"info","message":"Installing package - 93%","timestamp":"2026-07-08 06:46:25"}
{"level":"info","message":"Installing package - 94%","timestamp":"2026-07-08 06:46:25"}
{"level":"info","message":"Installing package - 95%","timestamp":"2026-07-08 06:46:25"}
{"level":"info","message":"Installing package - 96%","timestamp":"2026-07-08 06:46:25"}
{"level":"info","message":"Installing package - 97%","timestamp":"2026-07-08 06:46:25"}
{"level":"info","message":"Installing package - 98%","timestamp":"2026-07-08 06:46:25"}
{"level":"info","message":"Installing package - 99%","timestamp":"2026-07-08 06:46:26"}
{"level":"info","message":"Installing package - 100%","timestamp":"2026-07-08 06:46:26"}
{"level":"info","message":"Installed system dnd5e","timestamp":"2026-07-08 06:46:26"}
{"level":"info","message":"complete - 100%","timestamp":"2026-07-08 06:46:26"}
{"level":"info","message":"Created World \"dandd-introduction\"","timestamp":"2026-07-08 06:46:52"}
{"level":"info","message":"Connected to database \"actors\"","timestamp":"2026-07-08 06:46:54"}
{"level":"info","message":"Launching World | Loading World Data - 7%","timestamp":"2026-07-08 06:46:54"}
{"level":"info","message":"Connected to database \"cards\"","timestamp":"2026-07-08 06:46:54"}
{"level":"info","message":"Launching World | Loading World Data - 14%","timestamp":"2026-07-08 06:46:54"}
{"level":"info","message":"Connected to database \"messages\"","timestamp":"2026-07-08 06:46:54"}
{"level":"info","message":"Launching World | Loading World Data - 21%","timestamp":"2026-07-08 06:46:54"}
{"level":"info","message":"Connected to database \"combats\"","timestamp":"2026-07-08 06:46:54"}
{"level":"info","message":"Launching World | Loading World Data - 29%","timestamp":"2026-07-08 06:46:54"}
{"level":"info","message":"Connected to database \"fog\"","timestamp":"2026-07-08 06:46:54"}
{"level":"info","message":"Launching World | Loading World Data - 36%","timestamp":"2026-07-08 06:46:54"}
{"level":"info","message":"Connected to database \"folders\"","timestamp":"2026-07-08 06:46:54"}
{"level":"info","message":"Launching World | Loading World Data - 43%","timestamp":"2026-07-08 06:46:54"}
{"level":"info","message":"Connected to database \"items\"","timestamp":"2026-07-08 06:46:54"}
{"level":"info","message":"Launching World | Loading World Data - 50%","timestamp":"2026-07-08 06:46:54"}
{"level":"info","message":"Connected to database \"journal\"","timestamp":"2026-07-08 06:46:54"}
{"level":"info","message":"Launching World | Loading World Data - 57%","timestamp":"2026-07-08 06:46:54"}
{"level":"info","message":"Connected to database \"macros\"","timestamp":"2026-07-08 06:46:54"}
{"level":"info","message":"Launching World | Loading World Data - 64%","timestamp":"2026-07-08 06:46:54"}
{"level":"info","message":"Connected to database \"playlists\"","timestamp":"2026-07-08 06:46:54"}
{"level":"info","message":"Launching World | Loading World Data - 71%","timestamp":"2026-07-08 06:46:54"}
{"level":"info","message":"Connected to database \"tables\"","timestamp":"2026-07-08 06:46:54"}
{"level":"info","message":"Launching World | Loading World Data - 79%","timestamp":"2026-07-08 06:46:54"}
{"level":"info","message":"Connected to database \"scenes\"","timestamp":"2026-07-08 06:46:54"}
{"level":"info","message":"Launching World | Loading World Data - 86%","timestamp":"2026-07-08 06:46:54"}
{"level":"info","message":"Connected to database \"settings\"","timestamp":"2026-07-08 06:46:54"}
{"level":"info","message":"Launching World | Loading World Data - 93%","timestamp":"2026-07-08 06:46:54"}
{"level":"info","message":"Connected to database \"users\"","timestamp":"2026-07-08 06:46:54"}
{"level":"info","message":"Launching World | Loading World Data - 100%","timestamp":"2026-07-08 06:46:54"}
{"level":"info","message":"Launching World | Migrating World Data - 7%","timestamp":"2026-07-08 06:46:54"}
{"level":"info","message":"Launching World | Migrating World Data - 14%","timestamp":"2026-07-08 06:46:54"}
{"level":"info","message":"Launching World | Migrating World Data - 21%","timestamp":"2026-07-08 06:46:54"}
{"level":"info","message":"Launching World | Migrating World Data - 29%","timestamp":"2026-07-08 06:46:54"}
{"level":"info","message":"Launching World | Migrating World Data - 36%","timestamp":"2026-07-08 06:46:54"}
{"level":"info","message":"Launching World | Migrating World Data - 43%","timestamp":"2026-07-08 06:46:54"}
{"level":"info","message":"Launching World | Migrating World Data - 50%","timestamp":"2026-07-08 06:46:54"}
{"level":"info","message":"Launching World | Migrating World Data - 57%","timestamp":"2026-07-08 06:46:54"}
{"level":"info","message":"Launching World | Migrating World Data - 64%","timestamp":"2026-07-08 06:46:54"}
{"level":"info","message":"Launching World | Migrating World Data - 71%","timestamp":"2026-07-08 06:46:54"}
{"level":"info","message":"Launching World | Migrating World Data - 79%","timestamp":"2026-07-08 06:46:54"}
{"level":"info","message":"Launching World | Migrating World Data - 86%","timestamp":"2026-07-08 06:46:54"}
{"level":"info","message":"Launching World | Migrating World Data - 93%","timestamp":"2026-07-08 06:46:54"}
{"level":"info","message":"Launching World | Migrating World Data - 100%","timestamp":"2026-07-08 06:46:54"}
{"level":"info","message":"Created Setting with id [VH8JFkDA2AyRK9pt]","timestamp":"2026-07-08 06:46:54"}
{"level":"info","message":"Created Setting with id [uDd912lwf7917JWB]","timestamp":"2026-07-08 06:46:54"}
{"level":"info","message":"Created User with id [olgUvOxRlG7uDAVP]","timestamp":"2026-07-08 06:46:54"}
{"level":"info","message":"Created Setting with id [EwCpDLbIR8xkJwfF]","timestamp":"2026-07-08 06:46:54"}
{"level":"info","message":"Connected to database \"dnd5e.heroes\"","timestamp":"2026-07-08 06:46:54"}
{"level":"info","message":"Launching World | Loading Package Data - 5%","timestamp":"2026-07-08 06:46:54"}
{"level":"info","message":"Connected to database \"dnd5e.monsters\"","timestamp":"2026-07-08 06:46:54"}
{"level":"info","message":"Launching World | Loading Package Data - 9%","timestamp":"2026-07-08 06:46:54"}
{"level":"info","message":"Connected to database \"dnd5e.items\"","timestamp":"2026-07-08 06:46:54"}
{"level":"info","message":"Launching World | Loading Package Data - 14%","timestamp":"2026-07-08 06:46:54"}
{"level":"info","message":"Connected to database \"dnd5e.tradegoods\"","timestamp":"2026-07-08 06:46:54"}
{"level":"info","message":"Launching World | Loading Package Data - 18%","timestamp":"2026-07-08 06:46:54"}
{"level":"info","message":"Connected to database \"dnd5e.spells\"","timestamp":"2026-07-08 06:46:54"}
{"level":"info","message":"Launching World | Loading Package Data - 23%","timestamp":"2026-07-08 06:46:54"}
{"level":"info","message":"Connected to database \"dnd5e.backgrounds\"","timestamp":"2026-07-08 06:46:54"}
{"level":"info","message":"Launching World | Loading Package Data - 27%","timestamp":"2026-07-08 06:46:54"}
{"level":"info","message":"Connected to database \"dnd5e.classes\"","timestamp":"2026-07-08 06:46:54"}
{"level":"info","message":"Launching World | Loading Package Data - 32%","timestamp":"2026-07-08 06:46:54"}
{"level":"info","message":"Connected to database \"dnd5e.subclasses\"","timestamp":"2026-07-08 06:46:54"}
{"level":"info","message":"Launching World | Loading Package Data - 36%","timestamp":"2026-07-08 06:46:54"}
{"level":"info","message":"Connected to database \"dnd5e.classfeatures\"","timestamp":"2026-07-08 06:46:54"}
{"level":"info","message":"Launching World | Loading Package Data - 41%","timestamp":"2026-07-08 06:46:54"}
{"level":"info","message":"Connected to database \"dnd5e.races\"","timestamp":"2026-07-08 06:46:54"}
{"level":"info","message":"Launching World | Loading Package Data - 45%","timestamp":"2026-07-08 06:46:54"}
{"level":"info","message":"Connected to database \"dnd5e.monsterfeatures\"","timestamp":"2026-07-08 06:46:54"}
{"level":"info","message":"Launching World | Loading Package Data - 50%","timestamp":"2026-07-08 06:46:54"}
{"level":"info","message":"Connected to database \"dnd5e.rules\"","timestamp":"2026-07-08 06:46:54"}
{"level":"info","message":"Launching World | Loading Package Data - 55%","timestamp":"2026-07-08 06:46:54"}
{"level":"info","message":"Connected to database \"dnd5e.tables\"","timestamp":"2026-07-08 06:46:54"}
{"level":"info","message":"Launching World | Loading Package Data - 59%","timestamp":"2026-07-08 06:46:54"}
{"level":"info","message":"Connected to database \"dnd5e.content24\"","timestamp":"2026-07-08 06:46:54"}
{"level":"info","message":"Launching World | Loading Package Data - 64%","timestamp":"2026-07-08 06:46:54"}
{"level":"info","message":"Connected to database \"dnd5e.classes24\"","timestamp":"2026-07-08 06:46:54"}
{"level":"info","message":"Launching World | Loading Package Data - 68%","timestamp":"2026-07-08 06:46:54"}
{"level":"info","message":"Connected to database \"dnd5e.origins24\"","timestamp":"2026-07-08 06:46:54"}
{"level":"info","message":"Launching World | Loading Package Data - 73%","timestamp":"2026-07-08 06:46:54"}
{"level":"info","message":"Connected to database \"dnd5e.feats24\"","timestamp":"2026-07-08 06:46:54"}
{"level":"info","message":"Launching World | Loading Package Data - 77%","timestamp":"2026-07-08 06:46:54"}
{"level":"info","message":"Connected to database \"dnd5e.spells24\"","timestamp":"2026-07-08 06:46:54"}
{"level":"info","message":"Launching World | Loading Package Data - 82%","timestamp":"2026-07-08 06:46:54"}
{"level":"info","message":"Connected to database \"dnd5e.equipment24\"","timestamp":"2026-07-08 06:46:54"}
{"level":"info","message":"Launching World | Loading Package Data - 86%","timestamp":"2026-07-08 06:46:54"}
{"level":"info","message":"Connected to database \"dnd5e.tables24\"","timestamp":"2026-07-08 06:46:54"}
{"level":"info","message":"Launching World | Loading Package Data - 91%","timestamp":"2026-07-08 06:46:54"}
{"level":"info","message":"Connected to database \"dnd5e.actors24\"","timestamp":"2026-07-08 06:46:54"}
{"level":"info","message":"Launching World | Loading Package Data - 95%","timestamp":"2026-07-08 06:46:55"}
{"level":"info","message":"Connected to database \"dnd5e.monsterfeatures24\"","timestamp":"2026-07-08 06:46:55"}
{"level":"info","message":"Launching World | Loading Package Data - 100%","timestamp":"2026-07-08 06:46:55"}
{"level":"info","message":"Created 5 Folder documents with ids: [PWXXhboTafT26gSP,9fx2K4rW6Rxdj1Ak,YN0IfORCAGF5f5mo,VfArbZkAt8FszCDl,LFpMsCexzZ49t3IY]","timestamp":"2026-07-08 06:46:55"}
{"level":"info","message":"Created Setting with id [TY2D45RK24eNIqos]","timestamp":"2026-07-08 06:46:55"}
{"level":"info","message":"Launching World | Migrating Package Data - 5%","timestamp":"2026-07-08 06:46:55"}
{"level":"info","message":"Launching World | Migrating Package Data - 9%","timestamp":"2026-07-08 06:46:55"}
{"level":"info","message":"Launching World | Migrating Package Data - 14%","timestamp":"2026-07-08 06:46:55"}
{"level":"info","message":"Launching World | Migrating Package Data - 18%","timestamp":"2026-07-08 06:46:55"}
{"level":"info","message":"Launching World | Migrating Package Data - 23%","timestamp":"2026-07-08 06:46:55"}
{"level":"info","message":"Launching World | Migrating Package Data - 27%","timestamp":"2026-07-08 06:46:55"}
{"level":"info","message":"Launching World | Migrating Package Data - 32%","timestamp":"2026-07-08 06:46:55"}
{"level":"info","message":"Launching World | Migrating Package Data - 36%","timestamp":"2026-07-08 06:46:55"}
{"level":"info","message":"Launching World | Migrating Package Data - 41%","timestamp":"2026-07-08 06:46:55"}
{"level":"info","message":"Launching World | Migrating Package Data - 45%","timestamp":"2026-07-08 06:46:55"}
{"level":"info","message":"Launching World | Migrating Package Data - 50%","timestamp":"2026-07-08 06:46:55"}
{"level":"info","message":"Launching World | Migrating Package Data - 55%","timestamp":"2026-07-08 06:46:55"}
{"level":"info","message":"Launching World | Migrating Package Data - 59%","timestamp":"2026-07-08 06:46:55"}
{"level":"info","message":"Migrated JournalEntry record [dmgEnsuringFunFo] of database \"dnd5e.content24\".","timestamp":"2026-07-08 06:46:55"}
{"level":"info","message":"Migrated JournalEntry record [dmgRunningCombat] of database \"dnd5e.content24\".","timestamp":"2026-07-08 06:46:55"}
{"level":"info","message":"Migrated JournalEntry record [dmgTheBasics0000] of database \"dnd5e.content24\".","timestamp":"2026-07-08 06:46:55"}
{"level":"info","message":"Migrated JournalEntry record [dmgTrackingSheet] of database \"dnd5e.content24\".","timestamp":"2026-07-08 06:46:55"}
{"level":"info","message":"Migrated JournalEntry record [mmAppendixMonste] of database \"dnd5e.content24\".","timestamp":"2026-07-08 06:46:55"}
{"level":"info","message":"Migrated JournalEntry record [mmMonsterManual1] of database \"dnd5e.content24\".","timestamp":"2026-07-08 06:46:55"}
{"level":"info","message":"Migrated JournalEntry record [phbAppendixBackg] of database \"dnd5e.content24\".","timestamp":"2026-07-08 06:46:55"}
{"level":"info","message":"Migrated JournalEntry record [phbAppendixClass] of database \"dnd5e.content24\".","timestamp":"2026-07-08 06:46:55"}
{"level":"info","message":"Migrated JournalEntry record [phbAppendixSpeci] of database \"dnd5e.content24\".","timestamp":"2026-07-08 06:46:55"}
{"level":"info","message":"Migrated JournalEntry record [phbIntroduction0] of database \"dnd5e.content24\".","timestamp":"2026-07-08 06:46:55"}
{"level":"info","message":"Persisting migrated JournalEntry record [dmgEnsuringFunFo] of database \"dnd5e.content24\".","timestamp":"2026-07-08 06:46:55"}
{"level":"info","message":"Persisting migrated JournalEntry record [dmgRunningCombat] of database \"dnd5e.content24\".","timestamp":"2026-07-08 06:46:55"}
{"level":"info","message":"Persisting migrated JournalEntry record [dmgTheBasics0000] of database \"dnd5e.content24\".","timestamp":"2026-07-08 06:46:55"}
{"level":"info","message":"Persisting migrated JournalEntry record [dmgTrackingSheet] of database \"dnd5e.content24\".","timestamp":"2026-07-08 06:46:55"}
{"level":"info","message":"Persisting migrated JournalEntry record [mmAppendixMonste] of database \"dnd5e.content24\".","timestamp":"2026-07-08 06:46:55"}
{"level":"info","message":"Persisting migrated JournalEntry record [mmMonsterManual1] of database \"dnd5e.content24\".","timestamp":"2026-07-08 06:46:55"}
{"level":"info","message":"Persisting migrated JournalEntry record [phbAppendixBackg] of database \"dnd5e.content24\".","timestamp":"2026-07-08 06:46:55"}
{"level":"info","message":"Persisting migrated JournalEntry record [phbAppendixClass] of database \"dnd5e.content24\".","timestamp":"2026-07-08 06:46:55"}
{"level":"info","message":"Persisting migrated JournalEntry record [phbAppendixSpeci] of database \"dnd5e.content24\".","timestamp":"2026-07-08 06:46:55"}
{"level":"info","message":"Persisting migrated JournalEntry record [phbIntroduction0] of database \"dnd5e.content24\".","timestamp":"2026-07-08 06:46:55"}
{"level":"info","message":"Completed migration of database \"dnd5e.content24.\"","timestamp":"2026-07-08 06:46:55"}
{"level":"info","message":"Launching World | Migrating Package Data - 64%","timestamp":"2026-07-08 06:46:55"}
{"level":"info","message":"Launching World | Migrating Package Data - 68%","timestamp":"2026-07-08 06:46:55"}
{"level":"info","message":"Launching World | Migrating Package Data - 73%","timestamp":"2026-07-08 06:46:55"}
{"level":"info","message":"Launching World | Migrating Package Data - 77%","timestamp":"2026-07-08 06:46:55"}
{"level":"info","message":"Launching World | Migrating Package Data - 82%","timestamp":"2026-07-08 06:46:55"}
{"level":"info","message":"Migrated Item record [dmgEfreetiChain0] of database \"dnd5e.equipment24\".","timestamp":"2026-07-08 06:46:55"}
{"level":"info","message":"Migrated Item record [dmgPipeOfSmokeMo] of database \"dnd5e.equipment24\".","timestamp":"2026-07-08 06:46:55"}
{"level":"info","message":"Persisting migrated Item record [dmgEfreetiChain0] of database \"dnd5e.equipment24\".","timestamp":"2026-07-08 06:46:55"}
{"level":"info","message":"Persisting migrated Item record [dmgPipeOfSmokeMo] of database \"dnd5e.equipment24\".","timestamp":"2026-07-08 06:46:55"}
{"level":"info","message":"Completed migration of database \"dnd5e.equipment24.\"","timestamp":"2026-07-08 06:46:55"}
{"level":"info","message":"Launching World | Migrating Package Data - 86%","timestamp":"2026-07-08 06:46:55"}
{"level":"info","message":"Migrated RollTable record [mmAnimatedObject] of database \"dnd5e.tables24\".","timestamp":"2026-07-08 06:46:55"}
{"level":"info","message":"Migrated RollTable record [mmBanditMotivati] of database \"dnd5e.tables24\".","timestamp":"2026-07-08 06:46:55"}
{"level":"info","message":"Migrated RollTable record [mmCultSymbols000] of database \"dnd5e.tables24\".","timestamp":"2026-07-08 06:46:55"}
{"level":"info","message":"Migrated RollTable record [mmCultSymbolsDep] of database \"dnd5e.tables24\".","timestamp":"2026-07-08 06:46:55"}
{"level":"info","message":"Migrated RollTable record [mmCultistAgendas] of database \"dnd5e.tables24\".","timestamp":"2026-07-08 06:46:55"}
{"level":"info","message":"Migrated RollTable record [mmDoppelgangerDe] of database \"dnd5e.tables24\".","timestamp":"2026-07-08 06:46:55"}
{"level":"info","message":"Migrated RollTable record [mmFireElementalC] of database \"dnd5e.tables24\".","timestamp":"2026-07-08 06:46:55"}
{"level":"info","message":"Migrated RollTable record [mmGelatinousCube] of database \"dnd5e.tables24\".","timestamp":"2026-07-08 06:46:55"}
{"level":"info","message":"Migrated RollTable record [mmIncubusNightma] of database \"dnd5e.tables24\".","timestamp":"2026-07-08 06:46:55"}
{"level":"info","message":"Migrated RollTable record [mmMageRoles00000] of database \"dnd5e.tables24\".","timestamp":"2026-07-08 06:46:55"}
{"level":"info","message":"Migrated RollTable record [mmMinotaurMazes0] of database \"dnd5e.tables24\".","timestamp":"2026-07-08 06:46:55"}
{"level":"info","message":"Migrated RollTable record [mmOwlbearDenFeat] of database \"dnd5e.tables24\".","timestamp":"2026-07-08 06:46:55"}
{"level":"info","message":"Migrated RollTable record [mmPseudodragonTr] of database \"dnd5e.tables24\".","timestamp":"2026-07-08 06:46:55"}
{"level":"info","message":"Migrated RollTable record [mmShadowShapes00] of database \"dnd5e.tables24\".","timestamp":"2026-07-08 06:46:55"}
{"level":"info","message":"Migrated RollTable record [mmSkeletonPantom] of database \"dnd5e.tables24\".","timestamp":"2026-07-08 06:46:55"}
{"level":"info","message":"Migrated RollTable record [mmStirgeRoosts00] of database \"dnd5e.tables24\".","timestamp":"2026-07-08 06:46:55"}
{"level":"info","message":"Migrated RollTable record [mmStoneGolemOrde] of database \"dnd5e.tables24\".","timestamp":"2026-07-08 06:46:55"}
{"level":"info","message":"Migrated RollTable record [mmSuccubusTempta] of database \"dnd5e.tables24\".","timestamp":"2026-07-08 06:46:55"}
{"level":"info","message":"Migrated RollTable record [mmVampireResting] of database \"dnd5e.tables24\".","timestamp":"2026-07-08 06:46:55"}
{"level":"info","message":"Migrated RollTable record [mmWarriorRoles00] of database \"dnd5e.tables24\".","timestamp":"2026-07-08 06:46:55"}
{"level":"info","message":"Migrated RollTable record [mmWraithManifest] of database \"dnd5e.tables24\".","timestamp":"2026-07-08 06:46:55"}
{"level":"info","message":"Persisting migrated RollTable record [mmAnimatedObject] of database \"dnd5e.tables24\".","timestamp":"2026-07-08 06:46:55"}
{"level":"info","message":"Persisting migrated RollTable record [mmBanditMotivati] of database \"dnd5e.tables24\".","timestamp":"2026-07-08 06:46:55"}
{"level":"info","message":"Persisting migrated RollTable record [mmCultSymbols000] of database \"dnd5e.tables24\".","timestamp":"2026-07-08 06:46:55"}
{"level":"info","message":"Persisting migrated RollTable record [mmCultSymbolsDep] of database \"dnd5e.tables24\".","timestamp":"2026-07-08 06:46:55"}
{"level":"info","message":"Persisting migrated RollTable record [mmCultistAgendas] of database \"dnd5e.tables24\".","timestamp":"2026-07-08 06:46:55"}
{"level":"info","message":"Persisting migrated RollTable record [mmDoppelgangerDe] of database \"dnd5e.tables24\".","timestamp":"2026-07-08 06:46:55"}
{"level":"info","message":"Persisting migrated RollTable record [mmFireElementalC] of database \"dnd5e.tables24\".","timestamp":"2026-07-08 06:46:55"}
{"level":"info","message":"Persisting migrated RollTable record [mmGelatinousCube] of database \"dnd5e.tables24\".","timestamp":"2026-07-08 06:46:55"}
{"level":"info","message":"Persisting migrated RollTable record [mmIncubusNightma] of database \"dnd5e.tables24\".","timestamp":"2026-07-08 06:46:55"}
{"level":"info","message":"Persisting migrated RollTable record [mmMageRoles00000] of database \"dnd5e.tables24\".","timestamp":"2026-07-08 06:46:55"}
{"level":"info","message":"Persisting migrated RollTable record [mmMinotaurMazes0] of database \"dnd5e.tables24\".","timestamp":"2026-07-08 06:46:55"}
{"level":"info","message":"Persisting migrated RollTable record [mmOwlbearDenFeat] of database \"dnd5e.tables24\".","timestamp":"2026-07-08 06:46:55"}
{"level":"info","message":"Persisting migrated RollTable record [mmPseudodragonTr] of database \"dnd5e.tables24\".","timestamp":"2026-07-08 06:46:55"}
{"level":"info","message":"Persisting migrated RollTable record [mmShadowShapes00] of database \"dnd5e.tables24\".","timestamp":"2026-07-08 06:46:55"}
{"level":"info","message":"Persisting migrated RollTable record [mmSkeletonPantom] of database \"dnd5e.tables24\".","timestamp":"2026-07-08 06:46:55"}
{"level":"info","message":"Persisting migrated RollTable record [mmStirgeRoosts00] of database \"dnd5e.tables24\".","timestamp":"2026-07-08 06:46:55"}
{"level":"info","message":"Persisting migrated RollTable record [mmStoneGolemOrde] of database \"dnd5e.tables24\".","timestamp":"2026-07-08 06:46:55"}
{"level":"info","message":"Persisting migrated RollTable record [mmSuccubusTempta] of database \"dnd5e.tables24\".","timestamp":"2026-07-08 06:46:55"}
{"level":"info","message":"Persisting migrated RollTable record [mmVampireResting] of database \"dnd5e.tables24\".","timestamp":"2026-07-08 06:46:55"}
{"level":"info","message":"Persisting migrated RollTable record [mmWarriorRoles00] of database \"dnd5e.tables24\".","timestamp":"2026-07-08 06:46:55"}
{"level":"info","message":"Persisting migrated RollTable record [mmWraithManifest] of database \"dnd5e.tables24\".","timestamp":"2026-07-08 06:46:55"}
{"level":"info","message":"Completed migration of database \"dnd5e.tables24.\"","timestamp":"2026-07-08 06:46:55"}
{"level":"info","message":"Launching World | Migrating Package Data - 91%","timestamp":"2026-07-08 06:46:55"}
{"level":"info","message":"Migrated Actor record [mmBullywugBogSag] of database \"dnd5e.actors24\".","timestamp":"2026-07-08 06:46:56"}
{"level":"info","message":"Migrated Actor record [mmBullywugWarrio] of database \"dnd5e.actors24\".","timestamp":"2026-07-08 06:46:56"}
{"level":"info","message":"Migrated Actor record [mmCarrionCrawler] of database \"dnd5e.actors24\".","timestamp":"2026-07-08 06:46:56"}
{"level":"info","message":"Migrated Actor record [mmNothic00000000] of database \"dnd5e.actors24\".","timestamp":"2026-07-08 06:46:56"}
{"level":"info","message":"Migrated Actor record [mmSlaadTadpole00] of database \"dnd5e.actors24\".","timestamp":"2026-07-08 06:46:56"}
{"level":"info","message":"Persisting migrated Actor record [mmBullywugBogSag] of database \"dnd5e.actors24\".","timestamp":"2026-07-08 06:46:56"}
{"level":"info","message":"Persisting migrated Actor record [mmBullywugWarrio] of database \"dnd5e.actors24\".","timestamp":"2026-07-08 06:46:56"}
{"level":"info","message":"Persisting migrated Actor record [mmCarrionCrawler] of database \"dnd5e.actors24\".","timestamp":"2026-07-08 06:46:56"}
{"level":"info","message":"Persisting migrated Actor record [mmNothic00000000] of database \"dnd5e.actors24\".","timestamp":"2026-07-08 06:46:56"}
{"level":"info","message":"Persisting migrated Actor record [mmSlaadTadpole00] of database \"dnd5e.actors24\".","timestamp":"2026-07-08 06:46:56"}
{"level":"info","message":"Completed migration of database \"dnd5e.actors24.\"","timestamp":"2026-07-08 06:46:56"}
{"level":"info","message":"Launching World | Migrating Package Data - 95%","timestamp":"2026-07-08 06:46:56"}
{"level":"info","message":"Launching World | Migrating Package Data - 100%","timestamp":"2026-07-08 06:46:56"}
{"level":"info","message":"Launching World | Complete","timestamp":"2026-07-08 06:46:56"}
{"ip":"38.143.253.121","level":"info","message":"User authentication successful for user Gamemaster","session":"010819b3351d3633ed17e3b6","timestamp":"2026-07-08 06:46:58"}
{"level":"info","message":"No system update for Dungeons & Dragons Fifth Edition is currently available.","timestamp":"2026-07-08 06:46:59"}
{"level":"info","message":"Vended World data to User [olgUvOxRlG7uDAVP] in 309ms","timestamp":"2026-07-08 06:46:59"}
{"level":"info","message":"Created Setting with id [qzb7FhLMeoi0x6tO]","timestamp":"2026-07-08 06:47:00"}
{"level":"info","message":"Created Setting with id [zYRN1PdOxwYtqdlo]","timestamp":"2026-07-08 06:47:00"}
{"level":"info","message":"Created 2 ChatMessage documents with ids: [p4dz75vZuI45x6dV,zVpl4F2j8fhhXXTg]","timestamp":"2026-07-08 06:47:00"}
{"level":"info","message":"Created User with id [vie17UJbo1xNiVbA]","timestamp":"2026-07-08 06:47:13"}
{"level":"info","message":"Created User with id [3m2OMbSht4RWDghu]","timestamp":"2026-07-08 06:47:14"}
{"level":"info","message":"Deactivating session 010819b3351d3633ed17e3b6 for User olgUvOxRlG7uDAVP","timestamp":"2026-07-08 06:47:28"}
{"level":"info","message":"Created client session 518a79710e0d237cdc247aa9","timestamp":"2026-07-08 06:47:29"}
{"ip":"38.143.253.121","level":"warn","message":"User authentication failed for user Gamemaster; invalid password","session":"518a79710e0d237cdc247aa9","status":401,"timestamp":"2026-07-08 06:47:33"}
{"ip":"38.143.253.121","level":"info","message":"User authentication successful for user Gamemaster","session":"518a79710e0d237cdc247aa9","timestamp":"2026-07-08 06:47:38"}
{"level":"info","message":"No system update for Dungeons & Dragons Fifth Edition is currently available.","timestamp":"2026-07-08 06:47:39"}
{"level":"info","message":"Vended World data to User [olgUvOxRlG7uDAVP] in 216ms","timestamp":"2026-07-08 06:47:39"}
{"level":"info","message":"Toggling game pause status to false","timestamp":"2026-07-08 06:47:41"}
{"level":"info","message":"Toggling game pause status to true","timestamp":"2026-07-08 06:47:42"}
{"level":"info","message":"Created Actor with id [lfxqRsp5evpuc4G8]","timestamp":"2026-07-08 06:47:49"}
{"level":"info","message":"Created Actor with id [F8OuYfR1W9pB8cSX]","timestamp":"2026-07-08 06:48:39"}
{"level":"info","message":"Created client session 738f6d1ea7cd6cd519d99030","timestamp":"2026-07-08 06:49:02"}
{"level":"info","message":"Created client session 4c8c982d5f11fbb49f265309","timestamp":"2026-07-08 07:09:06"}
{"level":"info","message":"Created client session 979212f08bf97d01f44a1fdd","timestamp":"2026-07-08 07:17:31"}
{"level":"info","message":"Created client session b278bd5d2223252275824831","timestamp":"2026-07-08 07:17:32"}
{"level":"info","message":"Created client session 0141b923a7582a5211b5e52c","timestamp":"2026-07-08 07:17:32"}
{"level":"info","message":"Created client session 5111f22cde4a6f013252a3da","timestamp":"2026-07-08 07:17:32"}
{"level":"info","message":"Created client session 6e128665164e76bafc2a47ef","timestamp":"2026-07-08 07:17:32"}
{"level":"info","message":"Created client session aacf8bf4641097f5d8cb34bb","timestamp":"2026-07-08 07:17:33"}
{"level":"info","message":"Created client session b95618c12fe5e4ddbdceee1f","timestamp":"2026-07-08 07:17:33"}
{"level":"info","message":"Created client session 91d187603686da5a6c65885a","timestamp":"2026-07-08 07:21:01"}
{"level":"info","message":"Created client session 0b31ac9fcbfe1664aff8da45","timestamp":"2026-07-08 07:21:01"}
{"level":"info","message":"Created client session 0c7e3f96514ccbf8df153a78","timestamp":"2026-07-08 07:21:01"}
{"level":"info","message":"Created client session 034e6e75e02580180ce03462","timestamp":"2026-07-08 07:21:01"}
{"level":"info","message":"Created client session 1f97be328d3b9261e902c2b4","timestamp":"2026-07-08 07:21:01"}
{"level":"info","message":"Created client session b050012fe80425c77fb43929","timestamp":"2026-07-08 07:21:01"}
{"level":"info","message":"Created client session 673f306412be5246d4cb8a0f","timestamp":"2026-07-08 07:21:02"}
{"level":"info","message":"Created client session ee3f7133fc359b2a1629412f","timestamp":"2026-07-08 07:21:02"}
{"level":"info","message":"Created client session 707e3074a2328d3bc831f0c5","timestamp":"2026-07-08 07:21:02"}
{"level":"info","message":"Created client session 66c720f3d5dde752be9d500c","timestamp":"2026-07-08 07:21:02"}
{"level":"info","message":"Created client session 6df169695ae392165dc6f7d9","timestamp":"2026-07-08 07:21:02"}
{"level":"info","message":"Created client session 8b7e2d1371b6efbadd684b09","timestamp":"2026-07-08 07:21:02"}
{"level":"info","message":"Created client session f3edf3cd0a7f76c194936c18","timestamp":"2026-07-08 07:21:02"}
{"level":"info","message":"Created client session d8ffff5287c7b43f41382045","timestamp":"2026-07-08 07:21:02"}
{"level":"info","message":"Created client session eb529a6676b8b9b2deab6063","timestamp":"2026-07-08 07:21:02"}
{"level":"info","message":"Created client session 1da059e3a8035b395eeda1b5","timestamp":"2026-07-08 07:21:03"}
{"level":"info","message":"Created client session 3a936feb736f532990e68f55","timestamp":"2026-07-08 07:21:03"}
{"level":"info","message":"Created client session 30ab7a238e026e324e464c9e","timestamp":"2026-07-08 07:21:03"}
{"level":"info","message":"Created client session fa11f45a24272f0c7536e8ad","timestamp":"2026-07-08 07:21:03"}
{"level":"info","message":"Created client session 1c3644fd8d92137b0d92986d","timestamp":"2026-07-08 07:21:03"}
{"level":"info","message":"Created client session 808755ba60a55334efe48c07","timestamp":"2026-07-08 08:23:47"}
{"level":"info","message":"Created client session 82c7044d0cf33d356f12af02","timestamp":"2026-07-08 08:36:14"}
{"level":"info","message":"Created client session 52373659f63c93c92443bb0c","timestamp":"2026-07-08 08:55:07"}
{"level":"info","message":"Created client session 159eb99b4dc04f1eacf7c215","timestamp":"2026-07-08 08:55:09"}
{"level":"info","message":"Created client session 1ffbd7b10d6bf8f57e7b8ea9","timestamp":"2026-07-08 09:07:22"}
{"level":"info","message":"Created client session 36c1efa8c4b80a8ea6d6cdd7","timestamp":"2026-07-08 09:07:22"}
{"level":"info","message":"Created client session cebef0009df48fdcd7240899","timestamp":"2026-07-08 09:19:12"}
{"level":"info","message":"Created client session fd097b59b9db1666f8198591","timestamp":"2026-07-08 09:19:21"}
{"level":"info","message":"Created client session d54d501d47b862f8e8b84094","timestamp":"2026-07-08 09:49:50"}
{"level":"info","message":"Created client session 45322af2f7e876adb64c0239","timestamp":"2026-07-08 09:51:31"}
{"level":"info","message":"Created client session e0e91aff776a85d0965d5f2a","timestamp":"2026-07-08 10:01:31"}
{"level":"info","message":"Created client session 49d3ca9cb83368d3ccfda723","timestamp":"2026-07-08 10:01:43"}
{"level":"info","message":"Created client session 4b24522e2f183a513e1473d7","timestamp":"2026-07-08 10:03:31"}
{"level":"info","message":"Created client session 2ca2e59ad40aa3d73c20208a","timestamp":"2026-07-08 10:15:38"}
{"level":"info","message":"Created client session 5486fe07afd6bd23d576e91a","timestamp":"2026-07-08 10:23:53"}
{"level":"info","message":"Created client session 2a1b0188b4f4ef219fe3af06","timestamp":"2026-07-08 10:29:48"}
{"level":"info","message":"Created client session 9b3ab2e42f3bcdbbc7984cf2","timestamp":"2026-07-08 10:57:05"}
{"level":"info","message":"Created client session 0d6e416bc8087b98f35ea034","timestamp":"2026-07-08 10:57:05"}
{"level":"info","message":"Created client session f16cc5883abb1d162070899d","timestamp":"2026-07-08 10:57:13"}
{"level":"info","message":"Created client session ddd58e38afbdc6ecaa7ed580","timestamp":"2026-07-08 11:33:37"}
{"level":"info","message":"Created client session 1b1ef196f7de5c1e1e309b55","timestamp":"2026-07-08 11:33:38"}
{"level":"info","message":"Created client session 1542055a4574a61ab63961e8","timestamp":"2026-07-08 11:34:04"}
{"level":"info","message":"Created client session a80d04c2ab73b704763cc84c","timestamp":"2026-07-08 12:00:19"}
{"level":"info","message":"Created client session c8deaa3dd1beabd58443b363","timestamp":"2026-07-08 12:02:39"}
{"level":"info","message":"Created client session 72701667a37e47e2f123db3a","timestamp":"2026-07-08 12:13:25"}
{"level":"info","message":"Created client session 9938f75b0a6fcc091047f4d9","timestamp":"2026-07-08 12:14:21"}
{"level":"info","message":"Created client session c3ec6f4de80e635b3424f98d","timestamp":"2026-07-08 12:17:11"}
{"level":"info","message":"Created client session 52547d10635423582157b61f","timestamp":"2026-07-08 12:21:11"}
{"level":"info","message":"Created client session 0ee2d4a056875e32705efcf1","timestamp":"2026-07-08 12:22:13"}
{"level":"info","message":"Created client session 6a80c1976079ac790de62e46","timestamp":"2026-07-08 12:22:52"}
{"level":"info","message":"Created client session 24e63838817a48d27b37bca8","timestamp":"2026-07-08 12:24:15"}
{"level":"info","message":"Created client session a48a4ccb3f78d0fd1cbfd652","timestamp":"2026-07-08 12:26:00"}
{"level":"info","message":"Created client session c0bf27d6a89b9d025b5ec9da","timestamp":"2026-07-08 12:27:17"}
{"level":"info","message":"Created client session 966c9aa9a341cb63b1bb9c5e","timestamp":"2026-07-08 12:28:12"}
{"level":"info","message":"Created client session a28d82c98c0de86079893799","timestamp":"2026-07-08 12:28:39"}
{"level":"info","message":"Created client session c0e7d941d3220ed0020773ba","timestamp":"2026-07-08 12:29:44"}
{"level":"info","message":"Created client session 9d985e95ac0eb8c6b97ab4d5","timestamp":"2026-07-08 12:30:31"}
{"level":"info","message":"Created client session ab41ff53a32dbca0567cabdf","timestamp":"2026-07-08 12:31:01"}
{"level":"info","message":"Created client session 92d16304daaf215df4f46960","timestamp":"2026-07-08 12:31:22"}
{"level":"info","message":"Created client session a3d484f7ccb967d5f3a2d60a","timestamp":"2026-07-08 12:31:46"}
{"level":"info","message":"Created client session 5d085d21ed3740ebd29bf29a","timestamp":"2026-07-08 12:32:10"}
{"level":"info","message":"Created client session 51fc6b2363e1479c4708246b","timestamp":"2026-07-08 12:50:39"}
{"level":"info","message":"Created client session 7fff53398a9fb68a902feaba","timestamp":"2026-07-08 13:14:34"}
{"level":"info","message":"Created client session 0bc68f9d55ba8188ee3aeb33","timestamp":"2026-07-08 13:14:50"}
{"level":"info","message":"Created client session 51ee88b58cbc8f539de42821","timestamp":"2026-07-08 13:16:23"}
{"level":"info","message":"Created client session b6825f18d3061eaa46ceeb10","timestamp":"2026-07-08 13:16:23"}
{"level":"info","message":"Created client session 1f3df6c7341e1e7ea1d924e9","timestamp":"2026-07-08 13:16:23"}
{"level":"info","message":"Created client session 6e3b28b6a0715001db4101e3","timestamp":"2026-07-08 13:16:23"}
{"level":"info","message":"Created client session b6c90f56cc956337825636f1","timestamp":"2026-07-08 13:16:24"}
{"level":"info","message":"Created client session 6bfe2f1b18636ddb7df7036a","timestamp":"2026-07-08 13:16:24"}
{"level":"info","message":"Created client session 1972d99978486e9f7997a1fa","timestamp":"2026-07-08 13:16:24"}
{"level":"info","message":"Created client session 4b25abec82e346df6a461d5f","timestamp":"2026-07-08 13:22:09"}
{"level":"info","message":"Created client session 6480b013cff77a8fcfab1b5e","timestamp":"2026-07-08 13:25:03"}
{"level":"info","message":"Created client session 967d8854ad7afee2afa52f0f","timestamp":"2026-07-08 13:36:43"}
{"level":"info","message":"Created client session ad51a6ab34c992dcebfa2192","timestamp":"2026-07-08 13:37:00"}
{"level":"info","message":"Created client session 37e513c42b8fa20d9ddaf7b9","timestamp":"2026-07-08 13:46:17"}
{"level":"info","message":"Created client session 76ce8d0084c4c37237789412","timestamp":"2026-07-08 13:58:06"}
{"level":"info","message":"Created client session 1a9139502bba9204ece1d838","timestamp":"2026-07-08 14:43:18"}
{"level":"info","message":"Created client session cf10c2c252a10c9c991cc47c","timestamp":"2026-07-08 14:43:37"}
{"level":"info","message":"Created client session 201acd6604dd8111e6a3c928","timestamp":"2026-07-08 15:22:49"}
{"level":"info","message":"Created client session ada5b68ca8b281f572ec2bfb","timestamp":"2026-07-08 15:42:05"}
{"level":"info","message":"Created client session 3f64d410669c0d1d1a49c8bd","timestamp":"2026-07-08 15:42:05"}
{"level":"info","message":"Created client session 6cec37b98f3eecb330c41257","timestamp":"2026-07-08 15:42:06"}
{"level":"info","message":"Created client session ed20f5f13a7c7b69e6e7f5da","timestamp":"2026-07-08 15:51:28"}
{"level":"info","message":"Created client session a5e60306f76929471a16bd77","timestamp":"2026-07-08 15:51:29"}
{"level":"info","message":"Created client session 56a8230c7190b30d04cd139d","timestamp":"2026-07-08 15:56:40"}
{"level":"info","message":"Created client session 8f363e3adf66dac51d414571","timestamp":"2026-07-08 15:56:43"}
{"level":"info","message":"Created client session 2d28d5e9cf1391566c8f9235","timestamp":"2026-07-08 15:56:43"}
{"level":"info","message":"Created client session 2a83404f377e287433165496","timestamp":"2026-07-08 15:56:43"}
{"level":"info","message":"Created client session 0460ef11dc7023feb5666059","timestamp":"2026-07-08 15:56:44"}
{"level":"info","message":"Created client session 3a887e11783709e1c07a6878","timestamp":"2026-07-08 15:56:44"}
{"level":"info","message":"Created client session 34f627377e311950157624ba","timestamp":"2026-07-08 15:56:44"}
{"level":"info","message":"Created client session 6f7235f36c8ffffd4c7384f7","timestamp":"2026-07-08 15:56:44"}
{"level":"info","message":"Created client session dea005fee9ca4a1f920da12d","timestamp":"2026-07-08 15:56:44"}
{"level":"info","message":"Created client session f80c30536daaa3e680824fb7","timestamp":"2026-07-08 15:56:44"}
{"level":"info","message":"Created client session 595af3a3356197aab36cddce","timestamp":"2026-07-08 15:56:44"}
{"level":"info","message":"Created client session d22121434e970ccf275c0ae4","timestamp":"2026-07-08 15:56:44"}
{"level":"info","message":"Created client session 3056642e659adc7aa00bdae5","timestamp":"2026-07-08 15:56:44"}
{"level":"info","message":"Created client session 38f9361e54ba396201f833f7","timestamp":"2026-07-08 15:56:44"}
{"level":"info","message":"Created client session 989a59b8fb770cf322f3feb5","timestamp":"2026-07-08 15:56:44"}
{"level":"info","message":"Created client session dec7768a018f41830ae26771","timestamp":"2026-07-08 15:56:44"}
{"level":"info","message":"Created client session fd7b2ce29355be69430a04b6","timestamp":"2026-07-08 15:56:44"}
{"level":"info","message":"Created client session 9bce60a232a57020f1604a23","timestamp":"2026-07-08 15:56:44"}
{"level":"info","message":"Created client session 6717e80c33b2211b56040b87","timestamp":"2026-07-08 15:56:44"}
{"level":"info","message":"Created client session 644bb3054706262c697a9c6a","timestamp":"2026-07-08 15:56:44"}
{"level":"info","message":"Created client session 8eb7a4aee83ae619d812310e","timestamp":"2026-07-08 15:56:44"}
{"level":"info","message":"Created client session 977de512142f2b8797509ff8","timestamp":"2026-07-08 15:56:44"}
{"level":"info","message":"Created client session 6f470b5d1caa9966ea7e1446","timestamp":"2026-07-08 15:56:44"}
{"level":"info","message":"Created client session b55f5c8a2f582d0c84398b83","timestamp":"2026-07-08 15:56:44"}
{"level":"info","message":"Created client session e6168497fc5c9138b21d4dc9","timestamp":"2026-07-08 15:56:44"}
{"level":"info","message":"Created client session 6355c5a9b01ad9fbfec10365","timestamp":"2026-07-08 15:56:44"}
{"level":"info","message":"Created client session 61697b527f3b154fdc87d1c7","timestamp":"2026-07-08 15:56:44"}
{"level":"info","message":"Created client session 4539791f270db5fe57124e3f","timestamp":"2026-07-08 15:56:44"}
{"level":"info","message":"Created client session 4c8100786c2afa262117f7ba","timestamp":"2026-07-08 15:56:44"}
{"level":"info","message":"Created client session 04ef966da248199717590e4a","timestamp":"2026-07-08 15:56:44"}
{"level":"info","message":"Created client session fc5fdf87f43a925cfce6dc1f","timestamp":"2026-07-08 15:56:44"}
{"level":"info","message":"Created client session 9d14fa08277fbdaf1dbfd177","timestamp":"2026-07-08 15:56:44"}
{"level":"info","message":"Created client session 60b6c6aea1ab701eb88fc8ea","timestamp":"2026-07-08 15:56:44"}
{"level":"info","message":"Created client session 1c288475f8465ccb1eb6b96d","timestamp":"2026-07-08 15:56:44"}
{"level":"info","message":"Created client session 0c2e6903f2ee6f5a603b8396","timestamp":"2026-07-08 16:29:17"}
{"level":"info","message":"Created client session 6c719e07f1137a34347b3c37","timestamp":"2026-07-08 16:30:44"}
{"level":"info","message":"Created client session a8577ce48038df96bc5d8b2c","timestamp":"2026-07-08 16:40:04"}
{"level":"info","message":"Created client session cb9859209cb6170177061735","timestamp":"2026-07-08 16:40:05"}
{"level":"info","message":"Created client session 7aa89787d1531d307116625f","timestamp":"2026-07-08 16:41:25"}
{"level":"info","message":"Created client session 433f266afcc312bc1503faaf","timestamp":"2026-07-08 16:52:14"}
{"level":"info","message":"Created client session 68ea058ccc1afdee299bbdb3","timestamp":"2026-07-08 16:52:16"}
{"level":"info","message":"Created client session 158a5fd1f78372d1d8f385d4","timestamp":"2026-07-08 16:52:17"}
{"level":"info","message":"Created client session b3213825ba78c54572a3e88b","timestamp":"2026-07-08 16:52:18"}
{"level":"info","message":"Created client session e1959f89cf8301824ca5a88e","timestamp":"2026-07-08 16:53:45"}
{"level":"info","message":"Created client session 6043b7eb51962edfb05f8328","timestamp":"2026-07-08 16:55:04"}
{"level":"info","message":"Created client session bfaacab57da0676ddcb83f34","timestamp":"2026-07-08 16:56:06"}
{"level":"info","message":"Created client session a7643cc87d189f645ba3a7c3","timestamp":"2026-07-08 17:31:03"}
{"level":"info","message":"Created client session 196d01fc49c95a74a32002b7","timestamp":"2026-07-08 17:31:10"}
{"level":"info","message":"Created client session 74e6bbd73254be53a120a821","timestamp":"2026-07-08 17:31:16"}
{"level":"info","message":"Created client session 57aa9cd912411056b543aa70","timestamp":"2026-07-08 17:36:24"}
{"level":"info","message":"Created client session edbd4d3a90f8e12bd6772281","timestamp":"2026-07-08 17:54:38"}
{"level":"info","message":"Created client session bd25d8ea69d2da631761b543","timestamp":"2026-07-08 17:54:41"}
{"level":"info","message":"Created client session 19e039931b86fdb6c1674e0b","timestamp":"2026-07-08 17:55:28"}
{"level":"info","message":"Created client session 6c8d24e6dffe0536086c282f","timestamp":"2026-07-08 17:55:46"}
{"level":"info","message":"Created client session b1d8f3cebcd4452582864504","timestamp":"2026-07-08 17:59:16"}
{"level":"info","message":"Created client session 17d986b83350b5e96a69d63d","timestamp":"2026-07-08 18:21:39"}
{"level":"info","message":"Created client session ec1e350bce4693bd6d9a07f3","timestamp":"2026-07-08 18:21:40"}
{"level":"info","message":"Created client session cb4e5cac9ce08e02d4922e22","timestamp":"2026-07-08 18:21:40"}
{"level":"info","message":"Created client session 0bd6ec0cc8d8ab23954ad0fc","timestamp":"2026-07-08 18:21:40"}
{"level":"info","message":"Created client session 526c5ee5f16f118d44d653db","timestamp":"2026-07-08 18:21:41"}
{"level":"info","message":"Created client session af1070fd28c73ebc4bcd642d","timestamp":"2026-07-08 18:21:41"}
{"level":"info","message":"Created client session c78731afad49041082b9e99e","timestamp":"2026-07-08 18:21:41"}
{"level":"info","message":"Created client session 69e29abaa3b6b8535fb72807","timestamp":"2026-07-08 18:50:52"}
{"level":"info","message":"Created client session f6426e65be6ccda50668fc43","timestamp":"2026-07-08 19:13:09"}
{"level":"info","message":"Created client session f8c688ee45123b9576f67cb6","timestamp":"2026-07-08 19:21:10"}
{"level":"info","message":"Created client session 2147abab5147af76e97d3c66","timestamp":"2026-07-08 19:21:11"}
{"level":"info","message":"Created client session 40e9ba6948550ff8a35325e1","timestamp":"2026-07-08 19:34:55"}
{"level":"info","message":"Created client session a9dfcaa9f10667306b14bc11","timestamp":"2026-07-08 19:35:30"}
{"level":"info","message":"Created client session 9917ee00c6869675d60e5123","timestamp":"2026-07-08 19:41:03"}
{"level":"info","message":"Created client session 05930622de9754f4aefe92cf","timestamp":"2026-07-08 19:50:36"}
{"level":"info","message":"Created client session 0f74227361fce95a6dc53574","timestamp":"2026-07-08 20:03:06"}
{"level":"info","message":"Created client session 6d58dc3123e961fedf268d16","timestamp":"2026-07-08 20:05:19"}
{"level":"info","message":"Created client session 340f9cff450bcd98b0c9904d","timestamp":"2026-07-08 20:07:00"}
{"level":"info","message":"Created client session b067201aabcef8b4c18e7fc0","timestamp":"2026-07-08 20:07:15"}
{"level":"info","message":"Created client session 042e1bdd93cbd80077fd62cb","timestamp":"2026-07-08 20:09:54"}
{"level":"info","message":"Created client session 93e8cbd4b08ffce6c7c7c037","timestamp":"2026-07-08 20:29:45"}
{"level":"info","message":"Created client session 3947e9e76a2fa33b9bd400b0","timestamp":"2026-07-08 20:40:25"}
{"level":"info","message":"Created client session b3675da2e7dc9dcc4e8589bc","timestamp":"2026-07-08 20:40:25"}
{"level":"info","message":"Created client session 383021981c89fe6310b426b9","timestamp":"2026-07-08 20:40:30"}
{"level":"info","message":"Created client session 4f3bfbfd6b0eb1b475acc96c","timestamp":"2026-07-08 21:08:52"}
{"level":"info","message":"Created client session 6b300a386b25e476662b78ea","timestamp":"2026-07-08 21:16:41"}
{"level":"info","message":"Created client session e578ea1ad068b6ec035d5459","timestamp":"2026-07-08 21:16:41"}
{"level":"info","message":"Created client session 4ae42bb9f05a4e95366bce88","timestamp":"2026-07-08 21:17:14"}
{"level":"info","message":"Created client session 2666612a1731d840f6a5d85e","timestamp":"2026-07-08 21:17:16"}
{"level":"info","message":"Created client session 6e1d22b7acd0d1d592bf2658","timestamp":"2026-07-08 21:17:40"}
{"level":"info","message":"Created client session d2e0c67c8eca02b8348106ea","timestamp":"2026-07-08 21:19:26"}
{"level":"info","message":"Created client session 77406834ff778c678bec9be4","timestamp":"2026-07-08 21:19:37"}
{"level":"info","message":"Created client session c7123245161b60df35a8fbe5","timestamp":"2026-07-08 21:28:23"}
{"level":"info","message":"Created client session 3b6a663832e01e345fb9deb4","timestamp":"2026-07-08 21:36:41"}
{"level":"info","message":"Logged user olgUvOxRlG7uDAVP out of active World","timestamp":"2026-07-08 22:54:48"}
{"ip":"38.143.253.121","level":"info","message":"User authentication successful for user Gamemaster","session":"518a79710e0d237cdc247aa9","timestamp":"2026-07-08 22:55:24"}
{"level":"info","message":"No system update for Dungeons & Dragons Fifth Edition is currently available.","timestamp":"2026-07-08 22:55:25"}
{"level":"info","message":"Vended World data to User [olgUvOxRlG7uDAVP] in 419ms","timestamp":"2026-07-08 22:55:25"}
{"level":"info","message":"Toggling game pause status to false","timestamp":"2026-07-08 22:55:35"}
{"level":"info","message":"Created Scene with id [ku6OAS7ECuxghMZi]","timestamp":"2026-07-08 22:55:40"}
{"level":"info","message":"Created client session ecb8c378b63a981c7fa1eca2","timestamp":"2026-07-08 23:04:09"}
{"level":"info","message":"Created client session 2a676883c990daffea24882f","timestamp":"2026-07-08 23:06:13"}
{"level":"info","message":"Created client session d8e9b192890fd98abf529e3f","timestamp":"2026-07-08 23:13:01"}
{"level":"info","message":"Created client session 02ab03807f71a3b56ff79f12","timestamp":"2026-07-08 23:13:01"}
{"level":"info","message":"Created client session fdce1d451df60e0f6b11acf2","timestamp":"2026-07-08 23:13:02"}
{"level":"info","message":"Created client session e7409256c263c8a8dcd7e57f","timestamp":"2026-07-08 23:13:03"}
{"level":"info","message":"Created client session 4c5311d6d78b3e92450759b4","timestamp":"2026-07-08 23:13:03"}
{"level":"info","message":"Created client session 7c2106fa64a4ed162c423967","timestamp":"2026-07-08 23:13:04"}
{"level":"info","message":"Created client session 33e6708be3dc3206a443ee23","timestamp":"2026-07-08 23:13:04"}
{"level":"info","message":"Created client session b4433d4ad99311953fc4c850","timestamp":"2026-07-08 23:13:05"}
{"level":"info","message":"Created client session 90c6fb8052649032e6a799e6","timestamp":"2026-07-08 23:13:05"}
{"level":"info","message":"Created client session f2368b70f3e005cc49b70e0f","timestamp":"2026-07-08 23:13:06"}
{"level":"info","message":"Created client session 541dc7322c96249441500c09","timestamp":"2026-07-08 23:13:07"}
{"level":"info","message":"Created client session d3cd80d0cd6c85e94c51724a","timestamp":"2026-07-08 23:13:07"}
{"level":"info","message":"Created client session f78d4e501b328d5e864e6335","timestamp":"2026-07-08 23:13:08"}
{"level":"info","message":"Created client session 0a33fecd11bab64fddc809e7","timestamp":"2026-07-08 23:13:08"}
{"level":"info","message":"Created client session 12a49ac243c2de37a446f3cc","timestamp":"2026-07-08 23:13:09"}
{"level":"info","message":"Created client session 81ef3c81711ba7bc3ce5507d","timestamp":"2026-07-08 23:13:09"}
{"level":"info","message":"Created client session 9830a70565445ee95873e2d0","timestamp":"2026-07-08 23:13:10"}
{"level":"info","message":"Created client session c73376c5aaf896d67191987c","timestamp":"2026-07-08 23:13:11"}
{"level":"info","message":"Created client session 2159c8544efcc1f74490d793","timestamp":"2026-07-08 23:13:11"}
{"level":"info","message":"Created client session 2276a76696305fed29d571cd","timestamp":"2026-07-08 23:13:11"}
{"level":"info","message":"Created client session 61ef14eff03412d08db78d14","timestamp":"2026-07-08 23:13:12"}
{"level":"info","message":"Created client session 328e49d994b4354d035d080c","timestamp":"2026-07-08 23:13:12"}
{"level":"info","message":"Created client session a462d8a919ef2f628e8f2ead","timestamp":"2026-07-08 23:13:12"}
{"level":"info","message":"Created client session 693a966c43378acc2b0caa71","timestamp":"2026-07-08 23:13:13"}
{"level":"info","message":"Created client session b6872e6042ab5063f8260db3","timestamp":"2026-07-08 23:13:13"}
{"level":"info","message":"Created client session ecdf5ccdb4030741a13b29dd","timestamp":"2026-07-08 23:13:13"}
{"level":"info","message":"Created client session 96e76c580cab792224534c1f","timestamp":"2026-07-08 23:13:13"}
{"level":"info","message":"Created client session af22a636628a02660803243d","timestamp":"2026-07-08 23:13:14"}
{"level":"info","message":"Created client session 52cafbfd4fd4942fd6d51ae7","timestamp":"2026-07-08 23:13:14"}
{"level":"info","message":"Created client session 63ceadbd92275a82e2d2e5e7","timestamp":"2026-07-08 23:13:14"}
{"level":"info","message":"Created client session 4fc339e9a431aa0bc9438d9b","timestamp":"2026-07-08 23:13:15"}
{"level":"info","message":"Created client session bfa54ce95f71e3edcb9cfa1d","timestamp":"2026-07-08 23:13:15"}
{"level":"info","message":"Created client session 7219bc8c05b1e4f4ee6ff7a3","timestamp":"2026-07-08 23:13:15"}
{"level":"info","message":"Created client session 89b24cfb463c2f16190a0d55","timestamp":"2026-07-08 23:13:15"}
{"level":"info","message":"Created client session afe053c523970af74982bd7b","timestamp":"2026-07-08 23:13:16"}
{"level":"info","message":"Created client session e71723b2dad1d009ab5b19c5","timestamp":"2026-07-08 23:13:16"}
{"level":"info","message":"Created client session 2a404d37db465aff6a3dbb1b","timestamp":"2026-07-08 23:13:16"}
{"level":"info","message":"Created client session b66e5e346a23f54acaeadf05","timestamp":"2026-07-08 23:13:17"}
{"level":"info","message":"Created client session 021d514388f57180578ccac3","timestamp":"2026-07-08 23:13:17"}
{"level":"info","message":"Created client session 2fb4488a5e6f7d24119df13a","timestamp":"2026-07-08 23:13:17"}
{"level":"info","message":"Created client session ddbf233e98e9609f6f0df2de","timestamp":"2026-07-08 23:13:18"}
{"level":"info","message":"Created client session 158cb802a4bbb6d402de6428","timestamp":"2026-07-08 23:13:18"}
{"level":"info","message":"Created client session b30e5267b7f92330cf018ade","timestamp":"2026-07-08 23:13:18"}
{"level":"info","message":"Created client session 2e4e2f4dcf0f60ded0ed1d4d","timestamp":"2026-07-08 23:13:19"}
{"level":"info","message":"Created client session 0fce95f89fa3c7353bb3def0","timestamp":"2026-07-08 23:13:19"}
{"level":"info","message":"Created client session 9bd4c13dc6781c4167aee8a3","timestamp":"2026-07-08 23:13:19"}
{"level":"info","message":"Created client session c9cc4fb4abaaace149c92e9b","timestamp":"2026-07-08 23:13:19"}
{"level":"info","message":"Created client session 0b5e3e368cfe8baabeec59e3","timestamp":"2026-07-08 23:13:20"}
{"level":"info","message":"Created client session 93992d8beea6d6d92957960d","timestamp":"2026-07-08 23:13:20"}
{"level":"info","message":"Created client session 3b032a38f4b259aaf5de20f8","timestamp":"2026-07-08 23:13:21"}
{"level":"info","message":"Created client session 614a77adf6c6200f821c4872","timestamp":"2026-07-08 23:13:21"}
{"level":"info","message":"Created client session 0c39ce0d6dabcb1af700957f","timestamp":"2026-07-08 23:13:23"}
{"level":"info","message":"Created client session 9684aea63dacb52cedd08a10","timestamp":"2026-07-08 23:13:23"}
{"level":"info","message":"Created client session 1eb9700b60fe516465018838","timestamp":"2026-07-08 23:13:24"}
{"level":"info","message":"Created client session 3767a34de2b369a3354c3a6a","timestamp":"2026-07-08 23:13:24"}
{"level":"info","message":"Created client session 10c46379244b79d624f73a46","timestamp":"2026-07-08 23:13:24"}
{"level":"info","message":"Created client session 269d01bdd71976d56c46436e","timestamp":"2026-07-08 23:13:24"}
{"level":"info","message":"Created client session ed7d1513a6a78273e76b0bca","timestamp":"2026-07-08 23:13:25"}
{"level":"info","message":"Created client session 32df5ccfc238056c5464761f","timestamp":"2026-07-08 23:13:25"}
{"level":"info","message":"Created client session 963166e039480ef24632a281","timestamp":"2026-07-08 23:13:26"}
{"level":"info","message":"Created client session f7c7523a96274eb3066dd740","timestamp":"2026-07-08 23:13:26"}
{"level":"info","message":"Created client session 6fda8d6af7219417f4894e04","timestamp":"2026-07-08 23:13:26"}
{"level":"info","message":"Created client session 750cd0ce8b9cfe2ba996f98a","timestamp":"2026-07-08 23:13:26"}
{"level":"info","message":"Created client session 40d8f6b36776b2d06b2f94f8","timestamp":"2026-07-08 23:13:27"}
{"level":"info","message":"Created client session a2d52399478ea0b24b517b16","timestamp":"2026-07-08 23:13:27"}
{"level":"info","message":"Created client session cc973a47a62486867bf9069c","timestamp":"2026-07-08 23:13:28"}
{"level":"info","message":"Created client session 910e60c286811aa2489cf191","timestamp":"2026-07-08 23:13:28"}
{"level":"info","message":"Created client session 7cf11b5619e610edfb130e33","timestamp":"2026-07-08 23:13:29"}
{"level":"info","message":"Created client session 9ebcfb41524ecb0e40e4835a","timestamp":"2026-07-08 23:13:30"}
{"level":"info","message":"Created client session 73095313e8edbbcf64743f37","timestamp":"2026-07-08 23:13:31"}
{"level":"info","message":"Created client session 35d132fa4180554832f12001","timestamp":"2026-07-08 23:13:31"}
{"level":"info","message":"Created client session 512310b19be257db765935ec","timestamp":"2026-07-08 23:13:32"}
{"level":"info","message":"Created client session d4390fde23b0632374838e16","timestamp":"2026-07-08 23:13:33"}
{"level":"info","message":"Created client session f99028befd106136bb8f79c0","timestamp":"2026-07-08 23:13:33"}
{"level":"info","message":"Created client session 4a81524976492d7cbd5019c8","timestamp":"2026-07-08 23:13:34"}
{"level":"info","message":"Created client session 018350d820e72307ea6916e5","timestamp":"2026-07-08 23:13:34"}
{"level":"info","message":"Created client session d258d98e73aee07127b45ed4","timestamp":"2026-07-08 23:13:35"}
{"level":"info","message":"Created client session 2d6738aba44a8e792b8feda2","timestamp":"2026-07-08 23:13:36"}
{"level":"info","message":"Created client session 440b8cf928b7f25b313ea3d0","timestamp":"2026-07-08 23:13:36"}
{"level":"info","message":"Created client session 0a7afe25684eef2394fef9ec","timestamp":"2026-07-08 23:13:37"}
